[supervised] attempt 1/3 2026-07-20 13:40:02 :: uv run python -m experiments.g7_blocke --arms seasonal_naive,climatology,first_stage_only,dynreg --device cpu
[1] jeju_wind_first_stage_only_24_0: mse=0.2951 mae=0.3929 (0.0s)
[2] jeju_wind_dynreg_24_0: mse=0.2732 mae=0.3681 (0.04s)
[3] jeju_wind_seasonal_naive_48_0: mse=1.6251 mae=0.9209 (0.0s)
[4] jeju_wind_climatology_48_0: mse=1.0308 mae=0.8465 (0.0s)
[5] jeju_wind_first_stage_only_48_0: mse=0.2926 mae=0.3911 (0.0s)
[6] jeju_wind_dynreg_48_0: mse=0.2967 mae=0.3914 (0.05s)
[7] gefcom_wind_seasonal_naive_24_0: mse=1.7619 mae=1.0535 (0.0s)
[8] gefcom_wind_climatology_24_0: mse=1.0713 mae=0.8371 (0.0s)
[9] gefcom_wind_first_stage_only_24_0: mse=0.1544 mae=0.3062 (0.0s)
[10] gefcom_wind_dynreg_24_0: mse=0.1544 mae=0.3066 (0.01s)
[11] gefcom_wind_seasonal_naive_96_0: mse=1.9432 mae=1.1261 (0.0s)
[12] gefcom_wind_climatology_96_0: mse=1.1632 mae=0.8738 (0.0s)
[13] gefcom_wind_first_stage_only_96_0: mse=0.1498 mae=0.3018 (0.0s)
[14] gefcom_wind_dynreg_96_0: mse=0.1731 mae=0.3261 (0.04s)
[15] gefcom_wind_seasonal_naive_336_0: mse=2.2582 mae=1.2016 (0.0s)
[16] gefcom_wind_climatology_336_0: mse=1.4592 mae=1.0082 (0.0s)
[17] gefcom_wind_first_stage_only_336_0: mse=0.1649 mae=0.3170 (0.0s)
[18] gefcom_wind_dynreg_336_0: mse=0.1856 mae=0.3341 (0.19s)
[19] gefcom_load_seasonal_naive_24_0: mse=0.6582 mae=0.5809 (0.0s)
[20] gefcom_load_climatology_24_0: mse=1.1971 mae=0.8569 (0.0s)
[21] gefcom_load_first_stage_only_24_0: mse=0.1365 mae=0.2545 (0.0s)
[22] gefcom_load_dynreg_24_0: mse=0.1902 mae=0.3081 (0.07s)
[23] gefcom_load_seasonal_naive_96_0: mse=0.6600 mae=0.5817 (0.01s)
[24] gefcom_load_climatology_96_0: mse=1.1948 mae=0.8560 (0.01s)
[25] gefcom_load_first_stage_only_96_0: mse=0.1366 mae=0.2543 (0.01s)
[26] gefcom_load_dynreg_96_0: mse=0.4017 mae=0.4656 (0.39s)
[27] gefcom_load_seasonal_naive_336_0: mse=0.7397 mae=0.6274 (0.02s)
[28] gefcom_load_climatology_336_0: mse=1.1782 mae=0.8504 (0.03s)
[29] gefcom_load_first_stage_only_336_0: mse=0.1364 mae=0.2535 (0.02s)
[30] gefcom_load_dynreg_336_0: mse=0.5223 mae=0.5427 (1.16s)
[31] gefcom_solar_seasonal_naive_24_0: mse=0.3320 mae=0.2760 (0.0s)
[32] gefcom_solar_climatology_24_0: mse=0.2027 mae=0.2570 (0.0s)
[33] gefcom_solar_first_stage_only_24_0: mse=0.0561 mae=0.1189 (0.0s)
[34] gefcom_solar_dynreg_24_0: mse=0.1238 mae=0.2466 (0.08s)
[35] gefcom_solar_seasonal_naive_96_0: mse=0.3356 mae=0.2780 (0.0s)
[36] gefcom_solar_climatology_96_0: mse=0.2031 mae=0.2572 (0.0s)
[37] gefcom_solar_first_stage_only_96_0: mse=0.0564 mae=0.1189 (0.0s)
[38] gefcom_solar_dynreg_96_0: mse=0.1460 mae=0.2755 (0.28s)
[39] gefcom_solar_seasonal_naive_336_0: mse=0.3311 mae=0.2750 (0.01s)
[40] gefcom_solar_climatology_336_0: mse=0.2029 mae=0.2560 (0.01s)
[41] gefcom_solar_first_stage_only_336_0: mse=0.0571 mae=0.1190 (0.01s)
[42] gefcom_solar_dynreg_336_0: mse=0.1542 mae=0.2842 (0.63s)
[43] etth1_seasonal_naive_96_0: mse=0.6570 mae=0.5086 (0.01s)
[44] etth1_climatology_96_0: mse=0.8824 mae=0.7109 (0.01s)
[45] etth1_first_stage_only_96_0: mse=1.4027 mae=0.8675 (0.01s)
[46] etth1_dynreg_96_0: mse=0.4521 mae=0.4533 (0.33s)
[47] etth1_seasonal_naive_336_0: mse=0.6827 mae=0.5197 (0.03s)
[48] etth1_climatology_336_0: mse=0.8805 mae=0.7115 (0.03s)
[49] etth1_first_stage_only_336_0: mse=1.4028 mae=0.8701 (0.03s)
[50] etth1_dynreg_336_0: mse=0.6302 mae=0.5632 (1.1s)
[51] etth2_seasonal_naive_24_0: mse=0.5812 mae=0.4836 (0.0s)
[52] etth2_climatology_24_0: mse=3.1250 mae=1.3505 (0.0s)
[53] etth2_first_stage_only_24_0: mse=3.3449 mae=1.3791 (0.0s)
[54] etth2_dynreg_24_0: mse=0.2831 mae=0.3525 (0.07s)
[55] etth2_seasonal_naive_96_0: mse=0.5824 mae=0.4847 (0.01s)
[56] etth2_climatology_96_0: mse=3.1348 mae=1.3508 (0.01s)
[57] etth2_first_stage_only_96_0: mse=3.3640 mae=1.3827 (0.01s)
[58] etth2_dynreg_96_0: mse=0.8194 mae=0.6207 (0.25s)
[59] etth2_seasonal_naive_336_0: mse=0.5670 mae=0.4907 (0.02s)
[60] etth2_climatology_336_0: mse=3.1256 mae=1.3434 (0.02s)
[61] etth2_first_stage_only_336_0: mse=3.3919 mae=1.3857 (0.02s)
[62] etth2_dynreg_336_0: mse=1.5737 mae=0.8934 (1.27s)
[63] weather_first_stage_only_24_0: mse=0.6465 mae=0.4947 (0.02s)
[64] weather_dynreg_24_0: mse=0.1098 mae=0.1712 (1.98s)
[65] weather_seasonal_naive_96_0: mse=0.3167 mae=0.2880 (0.1s)
[66] weather_climatology_96_0: mse=0.6865 mae=0.6019 (0.14s)
[67] weather_first_stage_only_96_0: mse=0.6483 mae=0.4957 (0.12s)
[68] weather_dynreg_96_0: mse=0.1680 mae=0.2514 (7.61s)
[69] weather_seasonal_naive_336_0: mse=0.3827 mae=0.3309 (0.42s)
[70] weather_climatology_336_0: mse=0.6906 mae=0.6038 (0.52s)
[71] weather_first_stage_only_336_0: mse=0.6501 mae=0.4971 (0.48s)
[72] weather_dynreg_336_0: mse=0.2646 mae=0.3391 (25.48s)
[73] electricity_seasonal_naive_24_0: mse=0.2116 mae=0.2780 (0.44s)
[74] electricity_climatology_24_0: mse=0.3926 mae=0.4369 (0.57s)
[75] electricity_first_stage_only_24_0: mse=0.3234 mae=0.3862 (0.49s)
[76] electricity_dynreg_24_0: mse=0.1642 mae=0.2598 (11.03s)
[77] electricity_seasonal_naive_96_0: mse=0.2123 mae=0.2785 (1.84s)
[78] electricity_climatology_96_0: mse=0.3916 mae=0.4361 (2.09s)
[79] electricity_first_stage_only_96_0: mse=0.3229 mae=0.3859 (1.77s)
[80] electricity_dynreg_96_0: mse=0.2064 mae=0.3021 (36.34s)
[81] electricity_seasonal_naive_336_0: mse=0.2282 mae=0.2954 (10.3s)
[82] electricity_climatology_336_0: mse=0.3839 mae=0.4324 (10.72s)
[83] electricity_first_stage_only_336_0: mse=0.3208 mae=0.3850 (10.28s)
[84] electricity_dynreg_336_0: mse=0.2253 mae=0.3242 (142.04s)
block E pass complete
[supervised] attempt 1 exit=0 2026-07-20 13:44:37
