[supervised] attempt 1/3 2026-07-20 13:40:06 :: uv run python -m experiments.g7_blockf --backbones rlinear_q
g7_jeju_wind_revin_rlinear_q_24_0: pinball=0.2084 cov80=0.802 (3.33s)
g7_jeju_wind_revin_rlinear_q_24_1: pinball=0.2086 cov80=0.782 (2.51s)
g7_jeju_wind_revin_rlinear_q_24_2: pinball=0.2085 cov80=0.793 (1.96s)
g7_jeju_wind_revin_rlinear_q_24_3: pinball=0.2090 cov80=0.777 (2.43s)
g7_jeju_wind_revin_rlinear_q_24_4: pinball=0.2086 cov80=0.775 (2.14s)
g7_jeju_wind_san_rlinear_q_24_0: pinball=0.2170 cov80=0.749 (2.96s)
g7_jeju_wind_san_rlinear_q_24_1: pinball=0.2176 cov80=0.727 (2.54s)
g7_jeju_wind_san_rlinear_q_24_2: pinball=0.2172 cov80=0.750 (2.96s)
g7_jeju_wind_san_rlinear_q_24_3: pinball=0.2173 cov80=0.742 (2.72s)
g7_jeju_wind_san_rlinear_q_24_4: pinball=0.2189 cov80=0.737 (2.66s)
g7_jeju_wind_fan_rlinear_q_24_0: pinball=0.2468 cov80=0.392 (0.73s)
g7_jeju_wind_fan_rlinear_q_24_1: pinball=0.2481 cov80=0.504 (0.85s)
g7_jeju_wind_fan_rlinear_q_24_2: pinball=0.2460 cov80=0.369 (0.99s)
g7_jeju_wind_fan_rlinear_q_24_3: pinball=0.2523 cov80=0.458 (0.87s)
g7_jeju_wind_fan_rlinear_q_24_4: pinball=0.2551 cov80=0.335 (0.65s)
g7_jeju_wind_condnorm_rlinear_q_24_0: pinball=0.1631 cov80=0.572 (0.81s)
g7_jeju_wind_condnorm_rlinear_q_24_1: pinball=0.1644 cov80=0.578 (0.78s)
g7_jeju_wind_condnorm_rlinear_q_24_2: pinball=0.1661 cov80=0.569 (0.8s)
g7_jeju_wind_condnorm_rlinear_q_24_3: pinball=0.1648 cov80=0.549 (1.14s)
g7_jeju_wind_condnorm_rlinear_q_24_4: pinball=0.1661 cov80=0.549 (0.83s)
g7_jeju_wind_raw_rlinear_q_48_0: pinball=0.2416 cov80=0.769 (0.72s)
g7_jeju_wind_raw_rlinear_q_48_1: pinball=0.2432 cov80=0.755 (0.7s)
g7_jeju_wind_raw_rlinear_q_48_2: pinball=0.2438 cov80=0.752 (0.61s)
g7_jeju_wind_raw_rlinear_q_48_3: pinball=0.2371 cov80=0.793 (0.92s)
g7_jeju_wind_raw_rlinear_q_48_4: pinball=0.2457 cov80=0.779 (0.96s)
g7_jeju_wind_revin_rlinear_q_48_0: pinball=0.2460 cov80=0.808 (1.7s)
g7_jeju_wind_revin_rlinear_q_48_1: pinball=0.2485 cov80=0.811 (1.61s)
g7_jeju_wind_revin_rlinear_q_48_2: pinball=0.2477 cov80=0.806 (1.73s)
g7_jeju_wind_revin_rlinear_q_48_3: pinball=0.2429 cov80=0.806 (1.93s)
g7_jeju_wind_revin_rlinear_q_48_4: pinball=0.2492 cov80=0.801 (1.69s)
g7_jeju_wind_san_rlinear_q_48_0: pinball=0.2556 cov80=0.707 (2.87s)
g7_jeju_wind_san_rlinear_q_48_1: pinball=0.2586 cov80=0.711 (3.18s)
g7_jeju_wind_san_rlinear_q_48_2: pinball=0.2558 cov80=0.712 (2.74s)
g7_jeju_wind_san_rlinear_q_48_3: pinball=0.2538 cov80=0.706 (2.99s)
g7_jeju_wind_san_rlinear_q_48_4: pinball=0.2549 cov80=0.714 (2.7s)
g7_jeju_wind_fan_rlinear_q_48_0: pinball=0.3123 cov80=0.286 (1.03s)
g7_jeju_wind_fan_rlinear_q_48_1: pinball=0.3149 cov80=0.422 (0.9s)
g7_jeju_wind_fan_rlinear_q_48_2: pinball=0.3201 cov80=0.396 (0.95s)
g7_jeju_wind_fan_rlinear_q_48_3: pinball=0.3361 cov80=0.444 (1.03s)
g7_jeju_wind_fan_rlinear_q_48_4: pinball=0.3091 cov80=0.278 (0.69s)
g7_jeju_wind_condnorm_rlinear_q_48_0: pinball=0.1650 cov80=0.586 (1.23s)
g7_jeju_wind_condnorm_rlinear_q_48_1: pinball=0.1658 cov80=0.583 (0.83s)
g7_jeju_wind_condnorm_rlinear_q_48_2: pinball=0.1643 cov80=0.589 (0.99s)
g7_jeju_wind_condnorm_rlinear_q_48_3: pinball=0.1649 cov80=0.590 (0.87s)
g7_jeju_wind_condnorm_rlinear_q_48_4: pinball=0.1642 cov80=0.595 (0.87s)
g7_gefcom_wind_raw_rlinear_q_24_0: pinball=0.2726 cov80=0.763 (0.99s)
g7_gefcom_wind_raw_rlinear_q_24_1: pinball=0.2676 cov80=0.760 (0.62s)
g7_gefcom_wind_raw_rlinear_q_24_2: pinball=0.2801 cov80=0.763 (0.61s)
g7_gefcom_wind_raw_rlinear_q_24_3: pinball=0.2812 cov80=0.708 (0.62s)
g7_gefcom_wind_raw_rlinear_q_24_4: pinball=0.2820 cov80=0.704 (0.57s)
g7_gefcom_wind_revin_rlinear_q_24_0: pinball=0.2753 cov80=0.768 (0.81s)
g7_gefcom_wind_revin_rlinear_q_24_1: pinball=0.2778 cov80=0.758 (1.0s)
g7_gefcom_wind_revin_rlinear_q_24_2: pinball=0.2701 cov80=0.775 (0.81s)
g7_gefcom_wind_revin_rlinear_q_24_3: pinball=0.2819 cov80=0.746 (1.33s)
g7_gefcom_wind_revin_rlinear_q_24_4: pinball=0.2805 cov80=0.726 (1.23s)
g7_gefcom_wind_san_rlinear_q_24_0: pinball=0.2818 cov80=0.579 (2.09s)
g7_gefcom_wind_san_rlinear_q_24_1: pinball=0.2864 cov80=0.594 (1.9s)
g7_gefcom_wind_san_rlinear_q_24_2: pinball=0.2873 cov80=0.574 (2.06s)
g7_gefcom_wind_san_rlinear_q_24_3: pinball=0.2870 cov80=0.571 (2.03s)
g7_gefcom_wind_san_rlinear_q_24_4: pinball=0.2852 cov80=0.606 (1.78s)
g7_gefcom_wind_fan_rlinear_q_24_0: pinball=0.3609 cov80=0.210 (0.52s)
g7_gefcom_wind_fan_rlinear_q_24_1: pinball=0.3658 cov80=0.219 (0.68s)
g7_gefcom_wind_fan_rlinear_q_24_2: pinball=0.3688 cov80=0.212 (0.69s)
g7_gefcom_wind_fan_rlinear_q_24_3: pinball=0.3705 cov80=0.207 (0.53s)
g7_gefcom_wind_fan_rlinear_q_24_4: pinball=0.3599 cov80=0.227 (0.53s)
g7_gefcom_wind_condnorm_rlinear_q_24_0: pinball=0.1348 cov80=0.472 (0.66s)
g7_gefcom_wind_condnorm_rlinear_q_24_1: pinball=0.1345 cov80=0.463 (0.66s)
g7_gefcom_wind_condnorm_rlinear_q_24_2: pinball=0.1342 cov80=0.462 (0.65s)
g7_gefcom_wind_condnorm_rlinear_q_24_3: pinball=0.1342 cov80=0.477 (0.79s)
g7_gefcom_wind_condnorm_rlinear_q_24_4: pinball=0.1343 cov80=0.471 (0.87s)
g7_gefcom_wind_raw_rlinear_q_96_0: pinball=0.3254 cov80=0.771 (0.63s)
g7_gefcom_wind_raw_rlinear_q_96_1: pinball=0.3314 cov80=0.765 (0.62s)
g7_gefcom_wind_raw_rlinear_q_96_2: pinball=0.3180 cov80=0.769 (0.63s)
g7_gefcom_wind_raw_rlinear_q_96_3: pinball=0.3269 cov80=0.784 (0.65s)
g7_gefcom_wind_raw_rlinear_q_96_4: pinball=0.3248 cov80=0.759 (0.64s)
g7_gefcom_wind_revin_rlinear_q_96_0: pinball=0.3158 cov80=0.792 (1.61s)
g7_gefcom_wind_revin_rlinear_q_96_1: pinball=0.3196 cov80=0.786 (0.8s)
g7_gefcom_wind_revin_rlinear_q_96_2: pinball=0.3232 cov80=0.773 (0.86s)
g7_gefcom_wind_revin_rlinear_q_96_3: pinball=0.3175 cov80=0.779 (0.65s)
g7_gefcom_wind_revin_rlinear_q_96_4: pinball=0.3215 cov80=0.782 (1.23s)
g7_gefcom_wind_san_rlinear_q_96_0: pinball=0.3224 cov80=0.565 (2.2s)
g7_gefcom_wind_san_rlinear_q_96_1: pinball=0.3222 cov80=0.558 (2.03s)
g7_gefcom_wind_san_rlinear_q_96_2: pinball=0.3279 cov80=0.553 (2.38s)
g7_gefcom_wind_san_rlinear_q_96_3: pinball=0.3237 cov80=0.570 (1.98s)
g7_gefcom_wind_san_rlinear_q_96_4: pinball=0.3212 cov80=0.563 (2.31s)
g7_gefcom_wind_fan_rlinear_q_96_0: pinball=0.4372 cov80=0.181 (0.55s)
g7_gefcom_wind_fan_rlinear_q_96_1: pinball=0.4540 cov80=0.191 (0.56s)
g7_gefcom_wind_fan_rlinear_q_96_2: pinball=0.4511 cov80=0.176 (0.53s)
g7_gefcom_wind_fan_rlinear_q_96_3: pinball=0.4166 cov80=0.188 (0.54s)
g7_gefcom_wind_fan_rlinear_q_96_4: pinball=0.4358 cov80=0.192 (0.53s)
g7_gefcom_wind_condnorm_rlinear_q_96_0: pinball=0.1345 cov80=0.480 (0.71s)
g7_gefcom_wind_condnorm_rlinear_q_96_1: pinball=0.1336 cov80=0.491 (0.94s)
g7_gefcom_wind_condnorm_rlinear_q_96_2: pinball=0.1329 cov80=0.490 (0.64s)
g7_gefcom_wind_condnorm_rlinear_q_96_3: pinball=0.1334 cov80=0.481 (0.63s)
g7_gefcom_wind_condnorm_rlinear_q_96_4: pinball=0.1333 cov80=0.491 (0.65s)
g7_gefcom_wind_raw_rlinear_q_336_0: pinball=0.3596 cov80=0.755 (0.62s)
g7_gefcom_wind_raw_rlinear_q_336_1: pinball=0.3560 cov80=0.760 (0.64s)
g7_gefcom_wind_raw_rlinear_q_336_2: pinball=0.3581 cov80=0.771 (0.72s)
g7_gefcom_wind_raw_rlinear_q_336_3: pinball=0.3659 cov80=0.764 (0.82s)
g7_gefcom_wind_raw_rlinear_q_336_4: pinball=0.3549 cov80=0.786 (0.6s)
g7_gefcom_wind_revin_rlinear_q_336_0: pinball=0.3442 cov80=0.835 (0.7s)
g7_gefcom_wind_revin_rlinear_q_336_1: pinball=0.3445 cov80=0.849 (0.74s)
g7_gefcom_wind_revin_rlinear_q_336_2: pinball=0.3456 cov80=0.832 (0.71s)
g7_gefcom_wind_revin_rlinear_q_336_3: pinball=0.3386 cov80=0.841 (1.79s)
g7_gefcom_wind_revin_rlinear_q_336_4: pinball=0.3417 cov80=0.840 (0.78s)
g7_gefcom_wind_san_rlinear_q_336_0: pinball=0.3524 cov80=0.554 (1.92s)
g7_gefcom_wind_san_rlinear_q_336_1: pinball=0.3511 cov80=0.549 (2.21s)
g7_gefcom_wind_san_rlinear_q_336_2: pinball=0.3443 cov80=0.578 (1.86s)
g7_gefcom_wind_san_rlinear_q_336_3: pinball=0.3556 cov80=0.562 (1.97s)
g7_gefcom_wind_san_rlinear_q_336_4: pinball=0.3509 cov80=0.582 (2.19s)
g7_gefcom_wind_fan_rlinear_q_336_0: pinball=0.5065 cov80=0.174 (0.51s)
g7_gefcom_wind_fan_rlinear_q_336_1: pinball=0.4485 cov80=0.199 (0.55s)
g7_gefcom_wind_fan_rlinear_q_336_2: pinball=0.4943 cov80=0.176 (0.56s)
g7_gefcom_wind_fan_rlinear_q_336_3: pinball=0.5141 cov80=0.167 (0.55s)
g7_gefcom_wind_fan_rlinear_q_336_4: pinball=0.4827 cov80=0.176 (0.64s)
g7_gefcom_wind_condnorm_rlinear_q_336_0: pinball=0.1370 cov80=0.550 (0.84s)
g7_gefcom_wind_condnorm_rlinear_q_336_1: pinball=0.1361 cov80=0.555 (0.6s)
g7_gefcom_wind_condnorm_rlinear_q_336_2: pinball=0.1378 cov80=0.536 (0.64s)
g7_gefcom_wind_condnorm_rlinear_q_336_3: pinball=0.1364 cov80=0.559 (0.6s)
g7_gefcom_wind_condnorm_rlinear_q_336_4: pinball=0.1362 cov80=0.548 (0.64s)
g7_gefcom_load_raw_rlinear_q_24_0: pinball=0.1154 cov80=0.846 (1.55s)
g7_gefcom_load_raw_rlinear_q_24_1: pinball=0.1145 cov80=0.839 (2.53s)
g7_gefcom_load_raw_rlinear_q_24_2: pinball=0.1144 cov80=0.820 (2.64s)
g7_gefcom_load_raw_rlinear_q_24_3: pinball=0.1157 cov80=0.844 (1.75s)
g7_gefcom_load_raw_rlinear_q_24_4: pinball=0.1155 cov80=0.836 (1.98s)
g7_gefcom_load_revin_rlinear_q_24_0: pinball=0.1160 cov80=0.795 (6.0s)
g7_gefcom_load_revin_rlinear_q_24_1: pinball=0.1171 cov80=0.812 (3.79s)
g7_gefcom_load_revin_rlinear_q_24_2: pinball=0.1161 cov80=0.806 (5.76s)
g7_gefcom_load_revin_rlinear_q_24_3: pinball=0.1171 cov80=0.811 (4.81s)
g7_gefcom_load_revin_rlinear_q_24_4: pinball=0.1155 cov80=0.803 (6.01s)
g7_gefcom_load_san_rlinear_q_24_0: pinball=0.1205 cov80=0.795 (5.53s)
g7_gefcom_load_san_rlinear_q_24_1: pinball=0.1198 cov80=0.796 (5.79s)
g7_gefcom_load_san_rlinear_q_24_2: pinball=0.1187 cov80=0.796 (6.45s)
g7_gefcom_load_san_rlinear_q_24_3: pinball=0.1197 cov80=0.779 (4.47s)
g7_gefcom_load_san_rlinear_q_24_4: pinball=0.1191 cov80=0.793 (7.9s)
g7_gefcom_load_fan_rlinear_q_24_0: pinball=0.1203 cov80=0.779 (3.19s)
g7_gefcom_load_fan_rlinear_q_24_1: pinball=0.1207 cov80=0.774 (2.89s)
g7_gefcom_load_fan_rlinear_q_24_2: pinball=0.1198 cov80=0.768 (4.64s)
g7_gefcom_load_fan_rlinear_q_24_3: pinball=0.1186 cov80=0.784 (2.86s)
g7_gefcom_load_fan_rlinear_q_24_4: pinball=0.1202 cov80=0.761 (4.38s)
g7_gefcom_load_condnorm_rlinear_q_24_0: pinball=0.0744 cov80=0.637 (1.36s)
g7_gefcom_load_condnorm_rlinear_q_24_1: pinball=0.0739 cov80=0.669 (1.38s)
g7_gefcom_load_condnorm_rlinear_q_24_2: pinball=0.0733 cov80=0.732 (2.19s)
g7_gefcom_load_condnorm_rlinear_q_24_3: pinball=0.0732 cov80=0.687 (1.94s)
g7_gefcom_load_condnorm_rlinear_q_24_4: pinball=0.0736 cov80=0.696 (2.01s)
g7_gefcom_load_raw_rlinear_q_96_0: pinball=0.1679 cov80=0.835 (1.66s)
g7_gefcom_load_raw_rlinear_q_96_1: pinball=0.1669 cov80=0.834 (1.92s)
g7_gefcom_load_raw_rlinear_q_96_2: pinball=0.1685 cov80=0.840 (1.9s)
g7_gefcom_load_raw_rlinear_q_96_3: pinball=0.1681 cov80=0.818 (1.38s)
g7_gefcom_load_raw_rlinear_q_96_4: pinball=0.1674 cov80=0.833 (2.21s)
g7_gefcom_load_revin_rlinear_q_96_0: pinball=0.1713 cov80=0.798 (4.42s)
g7_gefcom_load_revin_rlinear_q_96_1: pinball=0.1705 cov80=0.799 (4.43s)
g7_gefcom_load_revin_rlinear_q_96_2: pinball=0.1709 cov80=0.808 (5.52s)
g7_gefcom_load_revin_rlinear_q_96_3: pinball=0.1711 cov80=0.797 (4.67s)
g7_gefcom_load_revin_rlinear_q_96_4: pinball=0.1705 cov80=0.806 (5.6s)
g7_gefcom_load_san_rlinear_q_96_0: pinball=0.1716 cov80=0.791 (6.79s)
g7_gefcom_load_san_rlinear_q_96_1: pinball=0.1722 cov80=0.757 (5.03s)
g7_gefcom_load_san_rlinear_q_96_2: pinball=0.1720 cov80=0.798 (7.34s)
g7_gefcom_load_san_rlinear_q_96_3: pinball=0.1721 cov80=0.777 (5.78s)
g7_gefcom_load_san_rlinear_q_96_4: pinball=0.1721 cov80=0.793 (6.36s)
g7_gefcom_load_fan_rlinear_q_96_0: pinball=0.1833 cov80=0.754 (3.63s)
g7_gefcom_load_fan_rlinear_q_96_1: pinball=0.1779 cov80=0.766 (4.18s)
g7_gefcom_load_fan_rlinear_q_96_2: pinball=0.1761 cov80=0.761 (3.24s)
g7_gefcom_load_fan_rlinear_q_96_3: pinball=0.1763 cov80=0.758 (2.72s)
g7_gefcom_load_fan_rlinear_q_96_4: pinball=0.1758 cov80=0.772 (4.24s)
g7_gefcom_load_condnorm_rlinear_q_96_0: pinball=0.0871 cov80=0.645 (1.45s)
g7_gefcom_load_condnorm_rlinear_q_96_1: pinball=0.0872 cov80=0.655 (1.7s)
g7_gefcom_load_condnorm_rlinear_q_96_2: pinball=0.0877 cov80=0.654 (1.51s)
g7_gefcom_load_condnorm_rlinear_q_96_3: pinball=0.0875 cov80=0.660 (1.54s)
g7_gefcom_load_condnorm_rlinear_q_96_4: pinball=0.0870 cov80=0.675 (2.7s)
g7_gefcom_load_raw_rlinear_q_336_0: pinball=0.2027 cov80=0.829 (1.97s)
g7_gefcom_load_raw_rlinear_q_336_1: pinball=0.2033 cov80=0.832 (1.88s)
g7_gefcom_load_raw_rlinear_q_336_2: pinball=0.2022 cov80=0.818 (1.87s)
g7_gefcom_load_raw_rlinear_q_336_3: pinball=0.2035 cov80=0.834 (1.71s)
g7_gefcom_load_raw_rlinear_q_336_4: pinball=0.2025 cov80=0.821 (2.1s)
g7_gefcom_load_revin_rlinear_q_336_0: pinball=0.2092 cov80=0.800 (3.99s)
g7_gefcom_load_revin_rlinear_q_336_1: pinball=0.2077 cov80=0.805 (6.23s)
g7_gefcom_load_revin_rlinear_q_336_2: pinball=0.2088 cov80=0.786 (6.15s)
g7_gefcom_load_revin_rlinear_q_336_3: pinball=0.2087 cov80=0.791 (4.88s)
g7_gefcom_load_revin_rlinear_q_336_4: pinball=0.2089 cov80=0.798 (5.03s)
g7_gefcom_load_san_rlinear_q_336_0: pinball=0.2081 cov80=0.763 (6.48s)
g7_gefcom_load_san_rlinear_q_336_1: pinball=0.2081 cov80=0.790 (11.09s)
g7_gefcom_load_san_rlinear_q_336_2: pinball=0.2087 cov80=0.786 (9.31s)
g7_gefcom_load_san_rlinear_q_336_3: pinball=0.2086 cov80=0.730 (6.68s)
g7_gefcom_load_san_rlinear_q_336_4: pinball=0.2087 cov80=0.786 (8.8s)
g7_gefcom_load_fan_rlinear_q_336_0: pinball=0.2241 cov80=0.697 (4.01s)
g7_gefcom_load_fan_rlinear_q_336_1: pinball=0.2234 cov80=0.699 (2.98s)
g7_gefcom_load_fan_rlinear_q_336_2: pinball=0.2217 cov80=0.720 (4.98s)
g7_gefcom_load_fan_rlinear_q_336_3: pinball=0.2189 cov80=0.729 (4.05s)
g7_gefcom_load_fan_rlinear_q_336_4: pinball=0.2185 cov80=0.711 (3.63s)
g7_gefcom_load_condnorm_rlinear_q_336_0: pinball=0.0950 cov80=0.648 (2.75s)
g7_gefcom_load_condnorm_rlinear_q_336_1: pinball=0.0948 cov80=0.652 (3.01s)
g7_gefcom_load_condnorm_rlinear_q_336_2: pinball=0.0946 cov80=0.660 (4.1s)
g7_gefcom_load_condnorm_rlinear_q_336_3: pinball=0.0945 cov80=0.627 (2.18s)
g7_gefcom_load_condnorm_rlinear_q_336_4: pinball=0.0945 cov80=0.653 (2.62s)
g7_gefcom_solar_raw_rlinear_q_24_0: pinball=0.0885 cov80=0.894 (0.87s)
g7_gefcom_solar_raw_rlinear_q_24_1: pinball=0.0877 cov80=0.896 (1.05s)
g7_gefcom_solar_raw_rlinear_q_24_2: pinball=0.0911 cov80=0.855 (0.58s)
g7_gefcom_solar_raw_rlinear_q_24_3: pinball=0.0881 cov80=0.900 (1.2s)
g7_gefcom_solar_raw_rlinear_q_24_4: pinball=0.0872 cov80=0.901 (1.17s)
g7_gefcom_solar_revin_rlinear_q_24_0: pinball=0.0876 cov80=0.879 (2.37s)
g7_gefcom_solar_revin_rlinear_q_24_1: pinball=0.0885 cov80=0.892 (2.61s)
g7_gefcom_solar_revin_rlinear_q_24_2: pinball=0.0878 cov80=0.907 (2.39s)
g7_gefcom_solar_revin_rlinear_q_24_3: pinball=0.0878 cov80=0.883 (2.16s)
g7_gefcom_solar_revin_rlinear_q_24_4: pinball=0.0875 cov80=0.881 (2.08s)
g7_gefcom_solar_san_rlinear_q_24_0: pinball=0.0930 cov80=0.835 (3.47s)
g7_gefcom_solar_san_rlinear_q_24_1: pinball=0.0928 cov80=0.847 (3.44s)
g7_gefcom_solar_san_rlinear_q_24_2: pinball=0.0925 cov80=0.866 (1.92s)
g7_gefcom_solar_san_rlinear_q_24_3: pinball=0.0926 cov80=0.851 (2.83s)
g7_gefcom_solar_san_rlinear_q_24_4: pinball=0.0925 cov80=0.850 (2.21s)
g7_gefcom_solar_fan_rlinear_q_24_0: pinball=0.1045 cov80=0.771 (1.45s)
g7_gefcom_solar_fan_rlinear_q_24_1: pinball=0.1033 cov80=0.765 (2.49s)
g7_gefcom_solar_fan_rlinear_q_24_2: pinball=0.1057 cov80=0.743 (1.29s)
g7_gefcom_solar_fan_rlinear_q_24_3: pinball=0.1012 cov80=0.791 (1.96s)
g7_gefcom_solar_fan_rlinear_q_24_4: pinball=0.1003 cov80=0.785 (2.8s)
g7_gefcom_solar_condnorm_rlinear_q_24_0: pinball=0.0574 cov80=0.675 (1.52s)
g7_gefcom_solar_condnorm_rlinear_q_24_1: pinball=0.0575 cov80=0.644 (0.66s)
g7_gefcom_solar_condnorm_rlinear_q_24_2: pinball=0.0577 cov80=0.615 (1.02s)
g7_gefcom_solar_condnorm_rlinear_q_24_3: pinball=0.0574 cov80=0.635 (0.7s)
g7_gefcom_solar_condnorm_rlinear_q_24_4: pinball=0.0574 cov80=0.649 (1.13s)
g7_gefcom_solar_raw_rlinear_q_96_0: pinball=0.0919 cov80=0.887 (1.03s)
g7_gefcom_solar_raw_rlinear_q_96_1: pinball=0.0924 cov80=0.888 (0.92s)
g7_gefcom_solar_raw_rlinear_q_96_2: pinball=0.0924 cov80=0.893 (1.32s)
g7_gefcom_solar_raw_rlinear_q_96_3: pinball=0.0923 cov80=0.893 (1.26s)
g7_gefcom_solar_raw_rlinear_q_96_4: pinball=0.0923 cov80=0.895 (1.35s)
g7_gefcom_solar_revin_rlinear_q_96_0: pinball=0.0924 cov80=0.894 (2.51s)
g7_gefcom_solar_revin_rlinear_q_96_1: pinball=0.0923 cov80=0.884 (2.31s)
g7_gefcom_solar_revin_rlinear_q_96_2: pinball=0.0922 cov80=0.889 (2.86s)
g7_gefcom_solar_revin_rlinear_q_96_3: pinball=0.0923 cov80=0.888 (2.04s)
g7_gefcom_solar_revin_rlinear_q_96_4: pinball=0.0920 cov80=0.886 (2.29s)
g7_gefcom_solar_san_rlinear_q_96_0: pinball=0.0946 cov80=0.857 (3.16s)
g7_gefcom_solar_san_rlinear_q_96_1: pinball=0.0950 cov80=0.855 (3.73s)
g7_gefcom_solar_san_rlinear_q_96_2: pinball=0.0945 cov80=0.863 (2.81s)
g7_gefcom_solar_san_rlinear_q_96_3: pinball=0.1748 cov80=0.651 (3.87s)
g7_gefcom_solar_san_rlinear_q_96_4: pinball=0.0948 cov80=0.860 (3.22s)
g7_gefcom_solar_fan_rlinear_q_96_0: pinball=0.1079 cov80=0.789 (2.15s)
g7_gefcom_solar_fan_rlinear_q_96_1: pinball=0.1100 cov80=0.777 (2.32s)
g7_gefcom_solar_fan_rlinear_q_96_2: pinball=0.1108 cov80=0.794 (2.67s)
g7_gefcom_solar_fan_rlinear_q_96_3: pinball=0.1090 cov80=0.797 (2.84s)
g7_gefcom_solar_fan_rlinear_q_96_4: pinball=0.1077 cov80=0.786 (1.99s)
g7_gefcom_solar_condnorm_rlinear_q_96_0: pinball=0.0576 cov80=0.682 (1.37s)
g7_gefcom_solar_condnorm_rlinear_q_96_1: pinball=0.0577 cov80=0.631 (0.92s)
g7_gefcom_solar_condnorm_rlinear_q_96_2: pinball=0.0577 cov80=0.633 (1.03s)
g7_gefcom_solar_condnorm_rlinear_q_96_3: pinball=0.0575 cov80=0.669 (1.47s)
g7_gefcom_solar_condnorm_rlinear_q_96_4: pinball=0.0576 cov80=0.659 (1.0s)
g7_gefcom_solar_raw_rlinear_q_336_0: pinball=0.0961 cov80=0.882 (1.08s)
g7_gefcom_solar_raw_rlinear_q_336_1: pinball=0.0960 cov80=0.892 (1.08s)
g7_gefcom_solar_raw_rlinear_q_336_2: pinball=0.0959 cov80=0.891 (1.14s)
g7_gefcom_solar_raw_rlinear_q_336_3: pinball=0.0959 cov80=0.887 (1.28s)
g7_gefcom_solar_raw_rlinear_q_336_4: pinball=0.0959 cov80=0.888 (1.4s)
g7_gefcom_solar_revin_rlinear_q_336_0: pinball=0.0960 cov80=0.887 (1.76s)
g7_gefcom_solar_revin_rlinear_q_336_1: pinball=0.0961 cov80=0.890 (2.27s)
g7_gefcom_solar_revin_rlinear_q_336_2: pinball=0.0958 cov80=0.894 (2.82s)
g7_gefcom_solar_revin_rlinear_q_336_3: pinball=0.0956 cov80=0.885 (2.14s)
g7_gefcom_solar_revin_rlinear_q_336_4: pinball=0.0959 cov80=0.889 (2.35s)
g7_gefcom_solar_san_rlinear_q_336_0: pinball=0.0994 cov80=0.844 (3.41s)
g7_gefcom_solar_san_rlinear_q_336_1: pinball=0.0994 cov80=0.846 (3.47s)
g7_gefcom_solar_san_rlinear_q_336_2: pinball=0.0990 cov80=0.845 (3.89s)
g7_gefcom_solar_san_rlinear_q_336_3: pinball=0.0996 cov80=0.842 (2.62s)
g7_gefcom_solar_san_rlinear_q_336_4: pinball=0.0991 cov80=0.846 (3.24s)
g7_gefcom_solar_fan_rlinear_q_336_0: pinball=0.1134 cov80=0.738 (1.28s)
g7_gefcom_solar_fan_rlinear_q_336_1: pinball=0.1127 cov80=0.802 (3.16s)
g7_gefcom_solar_fan_rlinear_q_336_2: pinball=0.1146 cov80=0.781 (1.78s)
g7_gefcom_solar_fan_rlinear_q_336_3: pinball=0.1125 cov80=0.798 (2.25s)
g7_gefcom_solar_fan_rlinear_q_336_4: pinball=0.1128 cov80=0.796 (2.23s)
g7_gefcom_solar_condnorm_rlinear_q_336_0: pinball=0.0581 cov80=0.649 (1.15s)
g7_gefcom_solar_condnorm_rlinear_q_336_1: pinball=0.0581 cov80=0.648 (1.13s)
g7_gefcom_solar_condnorm_rlinear_q_336_2: pinball=0.0580 cov80=0.670 (1.45s)
g7_gefcom_solar_condnorm_rlinear_q_336_3: pinball=0.0580 cov80=0.687 (1.56s)
g7_gefcom_solar_condnorm_rlinear_q_336_4: pinball=0.0581 cov80=0.648 (0.84s)
g7_etth1_raw_rlinear_q_24_0: pinball=0.1437 cov80=0.809 (1.15s)
g7_etth1_raw_rlinear_q_24_1: pinball=0.1444 cov80=0.798 (0.99s)
g7_etth1_raw_rlinear_q_24_2: pinball=0.1438 cov80=0.805 (1.14s)
g7_etth1_raw_rlinear_q_24_3: pinball=0.1446 cov80=0.801 (1.21s)
g7_etth1_raw_rlinear_q_24_4: pinball=0.1445 cov80=0.806 (1.33s)
g7_etth1_revin_rlinear_q_24_0: pinball=0.1430 cov80=0.808 (1.47s)
g7_etth1_revin_rlinear_q_24_1: pinball=0.1420 cov80=0.792 (2.37s)
g7_etth1_revin_rlinear_q_24_2: pinball=0.1425 cov80=0.798 (2.03s)
g7_etth1_revin_rlinear_q_24_3: pinball=0.1425 cov80=0.813 (1.35s)
g7_etth1_revin_rlinear_q_24_4: pinball=0.1421 cov80=0.798 (2.26s)
g7_etth1_san_rlinear_q_24_0: pinball=0.1478 cov80=0.727 (2.38s)
g7_etth1_san_rlinear_q_24_1: pinball=0.1480 cov80=0.763 (2.48s)
g7_etth1_san_rlinear_q_24_2: pinball=0.1496 cov80=0.770 (2.94s)
g7_etth1_san_rlinear_q_24_3: pinball=0.1469 cov80=0.764 (2.19s)
g7_etth1_san_rlinear_q_24_4: pinball=0.1472 cov80=0.676 (2.57s)
g7_etth1_fan_rlinear_q_24_0: pinball=0.1494 cov80=0.772 (2.19s)
g7_etth1_fan_rlinear_q_24_1: pinball=0.1479 cov80=0.765 (2.13s)
g7_etth1_fan_rlinear_q_24_2: pinball=0.1493 cov80=0.781 (2.07s)
g7_etth1_fan_rlinear_q_24_3: pinball=0.1491 cov80=0.740 (1.21s)
g7_etth1_fan_rlinear_q_24_4: pinball=0.1478 cov80=0.776 (1.74s)
g7_etth1_condnorm_rlinear_q_24_0: pinball=0.6430 cov80=0.061 (0.64s)
g7_etth1_condnorm_rlinear_q_24_1: pinball=0.6390 cov80=0.088 (0.62s)
g7_etth1_condnorm_rlinear_q_24_2: pinball=0.6362 cov80=0.065 (0.47s)
g7_etth1_condnorm_rlinear_q_24_3: pinball=0.6440 cov80=0.076 (0.57s)
g7_etth1_condnorm_rlinear_q_24_4: pinball=0.6436 cov80=0.075 (0.56s)
g7_etth1_raw_rlinear_q_96_0: pinball=0.1658 cov80=0.745 (0.56s)
g7_etth1_raw_rlinear_q_96_1: pinball=0.1649 cov80=0.763 (0.73s)
g7_etth1_raw_rlinear_q_96_2: pinball=0.1638 cov80=0.723 (0.75s)
g7_etth1_raw_rlinear_q_96_3: pinball=0.1642 cov80=0.787 (0.94s)
g7_etth1_raw_rlinear_q_96_4: pinball=0.1633 cov80=0.808 (1.25s)
g7_etth1_revin_rlinear_q_96_0: pinball=0.1603 cov80=0.820 (1.32s)
g7_etth1_revin_rlinear_q_96_1: pinball=0.1606 cov80=0.813 (1.94s)
g7_etth1_revin_rlinear_q_96_2: pinball=0.1607 cov80=0.815 (0.97s)
g7_etth1_revin_rlinear_q_96_3: pinball=0.1613 cov80=0.807 (1.89s)
g7_etth1_revin_rlinear_q_96_4: pinball=0.1611 cov80=0.814 (1.95s)
g7_etth1_san_rlinear_q_96_0: pinball=0.1691 cov80=0.736 (2.69s)
g7_etth1_san_rlinear_q_96_1: pinball=0.1677 cov80=0.741 (2.35s)
g7_etth1_san_rlinear_q_96_2: pinball=0.1674 cov80=0.721 (2.61s)
g7_etth1_san_rlinear_q_96_3: pinball=0.1686 cov80=0.734 (2.53s)
g7_etth1_san_rlinear_q_96_4: pinball=0.1686 cov80=0.715 (2.76s)
g7_etth1_fan_rlinear_q_96_0: pinball=0.1939 cov80=0.645 (1.77s)
g7_etth1_fan_rlinear_q_96_1: pinball=0.1837 cov80=0.711 (1.87s)
g7_etth1_fan_rlinear_q_96_2: pinball=0.1823 cov80=0.644 (1.64s)
g7_etth1_fan_rlinear_q_96_3: pinball=0.1824 cov80=0.495 (0.9s)
g7_etth1_fan_rlinear_q_96_4: pinball=0.1807 cov80=0.687 (1.63s)
g7_etth1_condnorm_rlinear_q_96_0: pinball=0.6575 cov80=0.088 (0.44s)
g7_etth1_condnorm_rlinear_q_96_1: pinball=0.6549 cov80=0.089 (0.47s)
g7_etth1_condnorm_rlinear_q_96_2: pinball=0.6557 cov80=0.086 (0.55s)
g7_etth1_condnorm_rlinear_q_96_3: pinball=0.6524 cov80=0.096 (0.39s)
g7_etth1_condnorm_rlinear_q_96_4: pinball=0.6553 cov80=0.087 (0.71s)
g7_etth1_raw_rlinear_q_336_0: pinball=0.1802 cov80=0.808 (2.74s)
g7_etth1_raw_rlinear_q_336_1: pinball=0.1789 cov80=0.743 (1.95s)
g7_etth1_raw_rlinear_q_336_2: pinball=0.1790 cov80=0.809 (2.5s)
g7_etth1_raw_rlinear_q_336_3: pinball=0.1814 cov80=0.798 (2.71s)
g7_etth1_raw_rlinear_q_336_4: pinball=0.1822 cov80=0.807 (2.7s)
g7_etth1_revin_rlinear_q_336_0: pinball=0.1763 cov80=0.824 (2.2s)
g7_etth1_revin_rlinear_q_336_1: pinball=0.1757 cov80=0.828 (3.14s)
g7_etth1_revin_rlinear_q_336_2: pinball=0.1765 cov80=0.832 (1.35s)
g7_etth1_revin_rlinear_q_336_3: pinball=0.1760 cov80=0.832 (2.62s)
g7_etth1_revin_rlinear_q_336_4: pinball=0.1751 cov80=0.834 (1.45s)
g7_etth1_san_rlinear_q_336_0: pinball=0.1800 cov80=0.722 (3.7s)
g7_etth1_san_rlinear_q_336_1: pinball=0.1804 cov80=0.723 (4.07s)
g7_etth1_san_rlinear_q_336_2: pinball=0.1804 cov80=0.726 (3.88s)
g7_etth1_san_rlinear_q_336_3: pinball=0.1808 cov80=0.718 (4.07s)
g7_etth1_san_rlinear_q_336_4: pinball=0.1807 cov80=0.722 (3.74s)
g7_etth1_fan_rlinear_q_336_0: pinball=0.2054 cov80=0.526 (1.88s)
g7_etth1_fan_rlinear_q_336_1: pinball=0.2069 cov80=0.520 (1.83s)
g7_etth1_fan_rlinear_q_336_2: pinball=0.2008 cov80=0.543 (1.85s)
g7_etth1_fan_rlinear_q_336_3: pinball=0.1976 cov80=0.675 (2.2s)
g7_etth1_fan_rlinear_q_336_4: pinball=0.1993 cov80=0.556 (1.27s)
g7_etth1_condnorm_rlinear_q_336_0: pinball=0.5149 cov80=0.249 (1.99s)
g7_etth1_condnorm_rlinear_q_336_1: pinball=0.5150 cov80=0.250 (1.73s)
g7_etth1_condnorm_rlinear_q_336_2: pinball=0.5154 cov80=0.250 (2.73s)
g7_etth1_condnorm_rlinear_q_336_3: pinball=0.5142 cov80=0.243 (2.57s)
g7_etth1_condnorm_rlinear_q_336_4: pinball=0.5149 cov80=0.242 (2.44s)
g7_etth2_raw_rlinear_q_24_0: pinball=0.1088 cov80=0.817 (1.16s)
g7_etth2_raw_rlinear_q_24_1: pinball=0.1088 cov80=0.824 (1.33s)
g7_etth2_raw_rlinear_q_24_2: pinball=0.1089 cov80=0.805 (1.43s)
g7_etth2_raw_rlinear_q_24_3: pinball=0.1091 cov80=0.803 (1.22s)
g7_etth2_raw_rlinear_q_24_4: pinball=0.1091 cov80=0.841 (0.98s)
g7_etth2_revin_rlinear_q_24_0: pinball=0.1039 cov80=0.755 (1.72s)
g7_etth2_revin_rlinear_q_24_1: pinball=0.1037 cov80=0.744 (1.37s)
g7_etth2_revin_rlinear_q_24_2: pinball=0.1036 cov80=0.732 (2.01s)
g7_etth2_revin_rlinear_q_24_3: pinball=0.1037 cov80=0.739 (2.0s)
g7_etth2_revin_rlinear_q_24_4: pinball=0.1036 cov80=0.738 (2.26s)
g7_etth2_san_rlinear_q_24_0: pinball=0.1062 cov80=0.737 (1.89s)
g7_etth2_san_rlinear_q_24_1: pinball=0.1064 cov80=0.738 (1.61s)
g7_etth2_san_rlinear_q_24_2: pinball=0.1069 cov80=0.725 (2.44s)
g7_etth2_san_rlinear_q_24_3: pinball=0.1060 cov80=0.708 (2.6s)
g7_etth2_san_rlinear_q_24_4: pinball=0.1067 cov80=0.720 (2.32s)
g7_etth2_fan_rlinear_q_24_0: pinball=0.1152 cov80=0.701 (1.33s)
g7_etth2_fan_rlinear_q_24_1: pinball=0.1161 cov80=0.754 (1.87s)
g7_etth2_fan_rlinear_q_24_2: pinball=0.1170 cov80=0.697 (1.36s)
g7_etth2_fan_rlinear_q_24_3: pinball=0.1157 cov80=0.765 (2.48s)
g7_etth2_fan_rlinear_q_24_4: pinball=0.1146 cov80=0.764 (2.35s)
g7_etth2_condnorm_rlinear_q_24_0: pinball=1.4620 cov80=0.019 (0.6s)
g7_etth2_condnorm_rlinear_q_24_1: pinball=1.4537 cov80=0.021 (0.61s)
g7_etth2_condnorm_rlinear_q_24_2: pinball=1.4360 cov80=0.023 (0.53s)
g7_etth2_condnorm_rlinear_q_24_3: pinball=1.4676 cov80=0.021 (0.71s)
g7_etth2_condnorm_rlinear_q_24_4: pinball=1.4474 cov80=0.022 (0.52s)
g7_etth2_raw_rlinear_q_96_0: pinball=0.1432 cov80=0.767 (1.05s)
g7_etth2_raw_rlinear_q_96_1: pinball=0.1442 cov80=0.811 (1.15s)
g7_etth2_raw_rlinear_q_96_2: pinball=0.1445 cov80=0.800 (1.07s)
g7_etth2_raw_rlinear_q_96_3: pinball=0.1451 cov80=0.812 (1.24s)
g7_etth2_raw_rlinear_q_96_4: pinball=0.1439 cov80=0.816 (1.16s)
g7_etth2_revin_rlinear_q_96_0: pinball=0.1362 cov80=0.753 (1.39s)
g7_etth2_revin_rlinear_q_96_1: pinball=0.1364 cov80=0.746 (1.25s)
g7_etth2_revin_rlinear_q_96_2: pinball=0.1360 cov80=0.753 (1.65s)
g7_etth2_revin_rlinear_q_96_3: pinball=0.1359 cov80=0.759 (0.8s)
g7_etth2_revin_rlinear_q_96_4: pinball=0.1358 cov80=0.759 (1.34s)
g7_etth2_san_rlinear_q_96_0: pinball=0.1390 cov80=0.685 (2.17s)
g7_etth2_san_rlinear_q_96_1: pinball=0.1393 cov80=0.694 (2.81s)
g7_etth2_san_rlinear_q_96_2: pinball=0.1388 cov80=0.694 (2.54s)
g7_etth2_san_rlinear_q_96_3: pinball=0.1388 cov80=0.686 (2.65s)
g7_etth2_san_rlinear_q_96_4: pinball=0.1396 cov80=0.690 (2.31s)
g7_etth2_fan_rlinear_q_96_0: pinball=0.1566 cov80=0.734 (1.94s)
g7_etth2_fan_rlinear_q_96_1: pinball=0.1583 cov80=0.559 (1.23s)
g7_etth2_fan_rlinear_q_96_2: pinball=0.1526 cov80=0.689 (1.59s)
g7_etth2_fan_rlinear_q_96_3: pinball=0.1636 cov80=0.537 (0.85s)
g7_etth2_fan_rlinear_q_96_4: pinball=0.1540 cov80=0.733 (1.9s)
g7_etth2_condnorm_rlinear_q_96_0: pinball=1.0907 cov80=0.031 (0.56s)
g7_etth2_condnorm_rlinear_q_96_1: pinball=1.0895 cov80=0.028 (0.58s)
g7_etth2_condnorm_rlinear_q_96_2: pinball=1.0871 cov80=0.030 (0.64s)
g7_etth2_condnorm_rlinear_q_96_3: pinball=1.0895 cov80=0.027 (0.66s)
g7_etth2_condnorm_rlinear_q_96_4: pinball=1.0948 cov80=0.032 (0.79s)
g7_etth2_raw_rlinear_q_336_0: pinball=0.1864 cov80=0.680 (1.58s)
g7_etth2_raw_rlinear_q_336_1: pinball=0.1824 cov80=0.670 (1.26s)
g7_etth2_raw_rlinear_q_336_2: pinball=0.1845 cov80=0.755 (1.76s)
g7_etth2_raw_rlinear_q_336_3: pinball=0.1845 cov80=0.754 (2.23s)
g7_etth2_raw_rlinear_q_336_4: pinball=0.1804 cov80=0.772 (2.15s)
g7_etth2_revin_rlinear_q_336_0: pinball=0.1682 cov80=0.728 (2.71s)
g7_etth2_revin_rlinear_q_336_1: pinball=0.1675 cov80=0.725 (2.0s)
g7_etth2_revin_rlinear_q_336_2: pinball=0.1683 cov80=0.727 (2.4s)
g7_etth2_revin_rlinear_q_336_3: pinball=0.1672 cov80=0.721 (3.23s)
g7_etth2_revin_rlinear_q_336_4: pinball=0.1671 cov80=0.730 (2.26s)
g7_etth2_san_rlinear_q_336_0: pinball=0.1708 cov80=0.630 (3.83s)
g7_etth2_san_rlinear_q_336_1: pinball=0.1710 cov80=0.620 (3.57s)
g7_etth2_san_rlinear_q_336_2: pinball=0.1703 cov80=0.630 (3.61s)
g7_etth2_san_rlinear_q_336_3: pinball=0.1712 cov80=0.620 (3.44s)
g7_etth2_san_rlinear_q_336_4: pinball=0.1705 cov80=0.622 (3.58s)
g7_etth2_fan_rlinear_q_336_0: pinball=0.1865 cov80=0.640 (1.95s)
g7_etth2_fan_rlinear_q_336_1: pinball=0.1932 cov80=0.561 (1.6s)
g7_etth2_fan_rlinear_q_336_2: pinball=0.1877 cov80=0.574 (1.61s)
g7_etth2_fan_rlinear_q_336_3: pinball=0.2025 cov80=0.593 (2.14s)
g7_etth2_fan_rlinear_q_336_4: pinball=0.1938 cov80=0.559 (2.15s)
g7_etth2_condnorm_rlinear_q_336_0: pinball=0.8348 cov80=0.040 (1.17s)
g7_etth2_condnorm_rlinear_q_336_1: pinball=0.8337 cov80=0.045 (1.37s)
g7_etth2_condnorm_rlinear_q_336_2: pinball=0.8272 cov80=0.058 (0.99s)
g7_etth2_condnorm_rlinear_q_336_3: pinball=0.8362 cov80=0.041 (1.15s)
g7_etth2_condnorm_rlinear_q_336_4: pinball=0.8322 cov80=0.047 (1.32s)
g7_weather_raw_rlinear_q_24_0: pinball=0.0588 cov80=0.895 (3.63s)
g7_weather_raw_rlinear_q_24_1: pinball=0.0592 cov80=0.881 (3.33s)
g7_weather_raw_rlinear_q_24_2: pinball=0.0593 cov80=0.884 (4.11s)
g7_weather_raw_rlinear_q_24_3: pinball=0.0599 cov80=0.894 (2.97s)
g7_weather_raw_rlinear_q_24_4: pinball=0.0593 cov80=0.894 (2.51s)
g7_weather_revin_rlinear_q_24_0: pinball=0.0535 cov80=0.748 (4.97s)
g7_weather_revin_rlinear_q_24_1: pinball=0.0535 cov80=0.750 (4.77s)
g7_weather_revin_rlinear_q_24_2: pinball=0.0533 cov80=0.749 (5.91s)
g7_weather_revin_rlinear_q_24_3: pinball=0.0531 cov80=0.747 (6.51s)
g7_weather_revin_rlinear_q_24_4: pinball=0.0539 cov80=0.738 (6.05s)
g7_weather_san_rlinear_q_24_0: pinball=0.0531 cov80=0.811 (9.65s)
g7_weather_san_rlinear_q_24_1: pinball=0.0541 cov80=0.723 (9.47s)
g7_weather_san_rlinear_q_24_2: pinball=0.0539 cov80=0.740 (7.99s)
g7_weather_san_rlinear_q_24_3: pinball=0.0541 cov80=0.671 (8.32s)
g7_weather_san_rlinear_q_24_4: pinball=0.0537 cov80=0.708 (8.48s)
g7_weather_fan_rlinear_q_24_0: pinball=0.0578 cov80=0.884 (4.95s)
g7_weather_fan_rlinear_q_24_1: pinball=0.0579 cov80=0.880 (7.54s)
g7_weather_fan_rlinear_q_24_2: pinball=0.0572 cov80=0.880 (6.16s)
g7_weather_fan_rlinear_q_24_3: pinball=0.0558 cov80=0.884 (7.14s)
g7_weather_fan_rlinear_q_24_4: pinball=0.0569 cov80=0.877 (7.66s)
g7_weather_condnorm_rlinear_q_24_0: pinball=0.1742 cov80=0.458 (1.75s)
g7_weather_condnorm_rlinear_q_24_1: pinball=0.1626 cov80=0.427 (1.09s)
g7_weather_condnorm_rlinear_q_24_2: pinball=0.1582 cov80=0.481 (1.31s)
g7_weather_condnorm_rlinear_q_24_3: pinball=0.1770 cov80=0.413 (1.27s)
g7_weather_condnorm_rlinear_q_24_4: pinball=0.1828 cov80=0.487 (1.92s)
g7_weather_raw_rlinear_q_96_0: pinball=0.0978 cov80=0.874 (4.23s)
g7_weather_raw_rlinear_q_96_1: pinball=0.0999 cov80=0.858 (5.3s)
g7_weather_raw_rlinear_q_96_2: pinball=0.0967 cov80=0.872 (4.6s)
g7_weather_raw_rlinear_q_96_3: pinball=0.0967 cov80=0.858 (5.66s)
g7_weather_raw_rlinear_q_96_4: pinball=0.0977 cov80=0.879 (5.05s)
g7_weather_revin_rlinear_q_96_0: pinball=0.0885 cov80=0.731 (4.93s)
g7_weather_revin_rlinear_q_96_1: pinball=0.0888 cov80=0.720 (6.72s)
g7_weather_revin_rlinear_q_96_2: pinball=0.0885 cov80=0.730 (4.76s)
g7_weather_revin_rlinear_q_96_3: pinball=0.0873 cov80=0.720 (9.1s)
g7_weather_revin_rlinear_q_96_4: pinball=0.0883 cov80=0.724 (12.75s)
g7_weather_san_rlinear_q_96_0: pinball=0.0880 cov80=0.702 (14.0s)
g7_weather_san_rlinear_q_96_1: pinball=0.0882 cov80=0.703 (21.65s)
g7_weather_san_rlinear_q_96_2: pinball=0.0876 cov80=0.727 (19.82s)
g7_weather_san_rlinear_q_96_3: pinball=0.0884 cov80=0.700 (11.12s)
g7_weather_san_rlinear_q_96_4: pinball=0.0878 cov80=0.704 (16.55s)
g7_weather_fan_rlinear_q_96_0: pinball=0.0929 cov80=0.837 (4.87s)
g7_weather_fan_rlinear_q_96_1: pinball=0.0909 cov80=0.865 (15.19s)
g7_weather_fan_rlinear_q_96_2: pinball=0.0923 cov80=0.872 (11.84s)
g7_weather_fan_rlinear_q_96_3: pinball=0.0922 cov80=0.870 (13.16s)
g7_weather_fan_rlinear_q_96_4: pinball=0.0918 cov80=0.879 (4.57s)
g7_weather_condnorm_rlinear_q_96_0: pinball=0.2682 cov80=0.444 (4.81s)
g7_weather_condnorm_rlinear_q_96_1: pinball=0.2682 cov80=0.433 (4.26s)
g7_weather_condnorm_rlinear_q_96_2: pinball=0.2520 cov80=0.455 (4.96s)
g7_weather_condnorm_rlinear_q_96_3: pinball=0.2566 cov80=0.456 (7.41s)
g7_weather_condnorm_rlinear_q_96_4: pinball=0.2684 cov80=0.449 (5.62s)
g7_weather_raw_rlinear_q_336_0: pinball=0.1294 cov80=0.862 (18.26s)
g7_weather_raw_rlinear_q_336_1: pinball=0.1279 cov80=0.866 (28.79s)
g7_weather_raw_rlinear_q_336_2: pinball=0.1331 cov80=0.855 (15.59s)
g7_weather_raw_rlinear_q_336_3: pinball=0.1357 cov80=0.844 (25.53s)
g7_weather_raw_rlinear_q_336_4: pinball=0.1319 cov80=0.860 (23.26s)
g7_weather_revin_rlinear_q_336_0: pinball=0.1176 cov80=0.713 (28.56s)
g7_weather_revin_rlinear_q_336_1: pinball=0.1194 cov80=0.710 (24.03s)
g7_weather_revin_rlinear_q_336_2: pinball=0.1187 cov80=0.707 (25.28s)
g7_weather_revin_rlinear_q_336_3: pinball=0.1180 cov80=0.712 (16.92s)
g7_weather_revin_rlinear_q_336_4: pinball=0.1188 cov80=0.690 (23.83s)
g7_weather_san_rlinear_q_336_0: pinball=0.1238 cov80=0.666 (41.55s)
g7_weather_san_rlinear_q_336_1: pinball=0.1244 cov80=0.627 (44.56s)
g7_weather_san_rlinear_q_336_2: pinball=0.1243 cov80=0.658 (45.79s)
g7_weather_san_rlinear_q_336_3: pinball=0.1244 cov80=0.642 (44.88s)
g7_weather_san_rlinear_q_336_4: pinball=0.1241 cov80=0.663 (45.51s)
g7_weather_fan_rlinear_q_336_0: pinball=0.1304 cov80=0.833 (15.31s)
g7_weather_fan_rlinear_q_336_1: pinball=0.1319 cov80=0.847 (22.26s)
g7_weather_fan_rlinear_q_336_2: pinball=0.1325 cov80=0.849 (19.03s)
g7_weather_fan_rlinear_q_336_3: pinball=0.1318 cov80=0.846 (20.02s)
g7_weather_fan_rlinear_q_336_4: pinball=0.1303 cov80=0.832 (17.68s)
g7_weather_condnorm_rlinear_q_336_0: pinball=0.3027 cov80=0.441 (23.43s)
g7_weather_condnorm_rlinear_q_336_1: pinball=0.2964 cov80=0.439 (18.54s)
g7_weather_condnorm_rlinear_q_336_2: pinball=0.3076 cov80=0.438 (31.01s)
g7_weather_condnorm_rlinear_q_336_3: pinball=0.2969 cov80=0.439 (15.34s)
g7_weather_condnorm_rlinear_q_336_4: pinball=0.2950 cov80=0.443 (29.8s)
g7_electricity_raw_rlinear_q_24_0: pinball=0.0894 cov80=0.823 (12.82s)
g7_electricity_raw_rlinear_q_24_1: pinball=0.0890 cov80=0.827 (13.28s)
g7_electricity_raw_rlinear_q_24_2: pinball=0.0880 cov80=0.825 (18.57s)
g7_electricity_raw_rlinear_q_24_3: pinball=0.0887 cov80=0.821 (11.66s)
g7_electricity_raw_rlinear_q_24_4: pinball=0.0890 cov80=0.819 (9.97s)
g7_electricity_revin_rlinear_q_24_0: pinball=0.0868 cov80=0.814 (40.26s)
g7_electricity_revin_rlinear_q_24_1: pinball=0.0869 cov80=0.815 (36.32s)
g7_electricity_revin_rlinear_q_24_2: pinball=0.0862 cov80=0.818 (38.41s)
g7_electricity_revin_rlinear_q_24_3: pinball=0.0868 cov80=0.814 (21.67s)
g7_electricity_revin_rlinear_q_24_4: pinball=0.0871 cov80=0.802 (18.66s)
g7_electricity_san_rlinear_q_24_0: pinball=0.0881 cov80=0.773 (33.29s)
g7_electricity_san_rlinear_q_24_1: pinball=0.0881 cov80=0.781 (31.61s)
g7_electricity_san_rlinear_q_24_2: pinball=0.0875 cov80=0.777 (34.69s)
g7_electricity_san_rlinear_q_24_3: pinball=0.0876 cov80=0.770 (47.62s)
g7_electricity_san_rlinear_q_24_4: pinball=0.0894 cov80=0.778 (33.57s)
g7_electricity_fan_rlinear_q_24_0: pinball=0.0852 cov80=0.800 (39.78s)
g7_electricity_fan_rlinear_q_24_1: pinball=0.0870 cov80=0.804 (43.87s)
g7_electricity_fan_rlinear_q_24_2: pinball=0.0863 cov80=0.808 (37.17s)
g7_electricity_fan_rlinear_q_24_3: pinball=0.0855 cov80=0.810 (42.42s)
g7_electricity_fan_rlinear_q_24_4: pinball=0.0842 cov80=0.806 (61.06s)
g7_electricity_condnorm_rlinear_q_24_0: pinball=0.0938 cov80=0.665 (10.96s)
g7_electricity_condnorm_rlinear_q_24_1: pinball=0.0946 cov80=0.670 (9.24s)
g7_electricity_condnorm_rlinear_q_24_2: pinball=0.0944 cov80=0.672 (10.45s)
g7_electricity_condnorm_rlinear_q_24_3: pinball=0.0933 cov80=0.675 (10.22s)
g7_electricity_condnorm_rlinear_q_24_4: pinball=0.0942 cov80=0.676 (10.91s)
g7_electricity_raw_rlinear_q_96_0: pinball=0.1027 cov80=0.865 (27.61s)
g7_electricity_raw_rlinear_q_96_1: pinball=0.1037 cov80=0.865 (27.2s)
g7_electricity_raw_rlinear_q_96_2: pinball=0.1034 cov80=0.870 (38.73s)
g7_electricity_raw_rlinear_q_96_3: pinball=0.1036 cov80=0.873 (41.24s)
g7_electricity_raw_rlinear_q_96_4: pinball=0.1043 cov80=0.858 (27.07s)
g7_electricity_revin_rlinear_q_96_0: pinball=0.0992 cov80=0.857 (54.64s)
g7_electricity_revin_rlinear_q_96_1: pinball=0.1022 cov80=0.853 (43.55s)
g7_electricity_revin_rlinear_q_96_2: pinball=0.1018 cov80=0.862 (76.77s)
g7_electricity_revin_rlinear_q_96_3: pinball=0.1011 cov80=0.866 (74.34s)
g7_electricity_revin_rlinear_q_96_4: pinball=0.1025 cov80=0.865 (70.31s)
g7_electricity_san_rlinear_q_96_0: pinball=0.1028 cov80=0.812 (55.32s)
g7_electricity_san_rlinear_q_96_1: pinball=0.1045 cov80=0.799 (73.97s)
g7_electricity_san_rlinear_q_96_2: pinball=0.1035 cov80=0.823 (62.98s)
g7_electricity_san_rlinear_q_96_3: pinball=0.1037 cov80=0.813 (71.02s)
g7_electricity_san_rlinear_q_96_4: pinball=0.1049 cov80=0.795 (84.21s)
g7_electricity_fan_rlinear_q_96_0: pinball=0.1009 cov80=0.804 (52.63s)
g7_electricity_fan_rlinear_q_96_1: pinball=0.1021 cov80=0.811 (56.07s)
g7_electricity_fan_rlinear_q_96_2: pinball=0.1015 cov80=0.804 (47.87s)
g7_electricity_fan_rlinear_q_96_3: pinball=0.1021 cov80=0.811 (82.09s)
g7_electricity_fan_rlinear_q_96_4: pinball=0.1024 cov80=0.807 (37.89s)
g7_electricity_condnorm_rlinear_q_96_0: pinball=0.1091 cov80=0.651 (13.28s)
g7_electricity_condnorm_rlinear_q_96_1: pinball=0.1094 cov80=0.654 (20.71s)
g7_electricity_condnorm_rlinear_q_96_2: pinball=0.1098 cov80=0.649 (14.79s)
g7_electricity_condnorm_rlinear_q_96_3: pinball=0.1103 cov80=0.645 (12.51s)
g7_electricity_condnorm_rlinear_q_96_4: pinball=0.1096 cov80=0.660 (19.16s)
g7_electricity_raw_rlinear_q_336_0: pinball=0.1132 cov80=0.823 (86.38s)
g7_electricity_raw_rlinear_q_336_1: pinball=0.1125 cov80=0.812 (128.18s)
g7_electricity_raw_rlinear_q_336_2: pinball=0.1131 cov80=0.821 (101.23s)
g7_electricity_raw_rlinear_q_336_3: pinball=0.1129 cov80=0.807 (114.19s)
g7_electricity_raw_rlinear_q_336_4: pinball=0.1130 cov80=0.811 (58.28s)
g7_electricity_revin_rlinear_q_336_0: pinball=0.1114 cov80=0.794 (116.07s)
g7_electricity_revin_rlinear_q_336_1: pinball=0.1121 cov80=0.794 (68.29s)
g7_electricity_revin_rlinear_q_336_2: pinball=0.1116 cov80=0.802 (153.16s)
g7_electricity_revin_rlinear_q_336_3: pinball=0.1112 cov80=0.798 (187.19s)
g7_electricity_revin_rlinear_q_336_4: pinball=0.1116 cov80=0.796 (96.85s)
g7_electricity_san_rlinear_q_336_0: pinball=0.1137 cov80=0.763 (102.45s)
g7_electricity_san_rlinear_q_336_1: pinball=0.1136 cov80=0.764 (142.91s)
g7_electricity_san_rlinear_q_336_2: pinball=0.1138 cov80=0.770 (148.34s)
g7_electricity_san_rlinear_q_336_3: pinball=0.1141 cov80=0.757 (123.36s)
g7_electricity_san_rlinear_q_336_4: pinball=0.1135 cov80=0.764 (209.9s)
g7_electricity_fan_rlinear_q_336_0: pinball=0.1134 cov80=0.801 (174.79s)
g7_electricity_fan_rlinear_q_336_1: pinball=0.1158 cov80=0.801 (150.79s)
g7_electricity_fan_rlinear_q_336_2: pinball=0.1154 cov80=0.802 (126.58s)
g7_electricity_fan_rlinear_q_336_3: pinball=0.1131 cov80=0.804 (176.93s)
g7_electricity_fan_rlinear_q_336_4: pinball=0.1141 cov80=0.805 (152.47s)
g7_electricity_condnorm_rlinear_q_336_0: pinball=0.1251 cov80=0.625 (130.73s)
g7_electricity_condnorm_rlinear_q_336_1: pinball=0.1255 cov80=0.614 (170.43s)
g7_electricity_condnorm_rlinear_q_336_2: pinball=0.1254 cov80=0.615 (89.72s)
g7_electricity_condnorm_rlinear_q_336_3: pinball=0.1252 cov80=0.614 (128.81s)
g7_electricity_condnorm_rlinear_q_336_4: pinball=0.1255 cov80=0.605 (111.17s)
block F pass complete
[supervised] attempt 1 exit=0 2026-07-20 15:37:21
