[supervised] attempt 1/3 2026-07-20 13:40:04 :: uv run python -m experiments.g7_blocke --arms revin_all,linmix_raw,linmix_revin,linmix_condnorm
[1] jeju_wind_revin_all_24_0: mse=0.3082 mae=0.4158 (1.54s)
[2] jeju_wind_revin_all_24_1: mse=0.3244 mae=0.4253 (0.51s)
[3] jeju_wind_revin_all_24_2: mse=0.3275 mae=0.4310 (0.46s)
[4] jeju_wind_revin_all_24_3: mse=0.3390 mae=0.4356 (0.32s)
[5] jeju_wind_revin_all_24_4: mse=0.3300 mae=0.4263 (0.38s)
[6] jeju_wind_linmix_raw_24_0: mse=0.3214 mae=0.4287 (0.29s)
[7] jeju_wind_linmix_raw_24_1: mse=0.3219 mae=0.4253 (0.31s)
[8] jeju_wind_linmix_raw_24_2: mse=0.3179 mae=0.4235 (0.38s)
[9] jeju_wind_linmix_raw_24_3: mse=0.3367 mae=0.4414 (0.28s)
[10] jeju_wind_linmix_raw_24_4: mse=0.3325 mae=0.4321 (0.26s)
[11] jeju_wind_linmix_revin_24_0: mse=0.3353 mae=0.4275 (0.42s)
[12] jeju_wind_linmix_revin_24_1: mse=0.3244 mae=0.4216 (0.42s)
[13] jeju_wind_linmix_revin_24_2: mse=0.3381 mae=0.4319 (0.4s)
[14] jeju_wind_linmix_revin_24_3: mse=0.3510 mae=0.4367 (0.82s)
[15] jeju_wind_linmix_revin_24_4: mse=0.3523 mae=0.4377 (0.69s)
[16] jeju_wind_linmix_condnorm_24_0: mse=0.3109 mae=0.4142 (0.25s)
[17] jeju_wind_linmix_condnorm_24_1: mse=0.3068 mae=0.4132 (0.27s)
[18] jeju_wind_linmix_condnorm_24_2: mse=0.3002 mae=0.4065 (0.28s)
[19] jeju_wind_linmix_condnorm_24_3: mse=0.3054 mae=0.4080 (0.44s)
[20] jeju_wind_linmix_condnorm_24_4: mse=0.2966 mae=0.4053 (0.31s)
[21] jeju_wind_revin_all_48_0: mse=0.3660 mae=0.4514 (0.34s)
[22] jeju_wind_revin_all_48_1: mse=0.3591 mae=0.4535 (0.38s)
[23] jeju_wind_revin_all_48_2: mse=0.3880 mae=0.4738 (0.43s)
[24] jeju_wind_revin_all_48_3: mse=0.3649 mae=0.4529 (0.35s)
[25] jeju_wind_revin_all_48_4: mse=0.3795 mae=0.4644 (0.45s)
[26] jeju_wind_linmix_raw_48_0: mse=0.3616 mae=0.4511 (0.44s)
[27] jeju_wind_linmix_raw_48_1: mse=0.3617 mae=0.4625 (0.37s)
[28] jeju_wind_linmix_raw_48_2: mse=0.3654 mae=0.4580 (0.52s)
[29] jeju_wind_linmix_raw_48_3: mse=0.3561 mae=0.4486 (0.36s)
[30] jeju_wind_linmix_raw_48_4: mse=0.3636 mae=0.4564 (0.35s)
[31] jeju_wind_linmix_revin_48_0: mse=0.3780 mae=0.4581 (0.44s)
[32] jeju_wind_linmix_revin_48_1: mse=0.4072 mae=0.4780 (0.65s)
[33] jeju_wind_linmix_revin_48_2: mse=0.4123 mae=0.4821 (0.46s)
[34] jeju_wind_linmix_revin_48_3: mse=0.3917 mae=0.4710 (0.48s)
[35] jeju_wind_linmix_revin_48_4: mse=0.3839 mae=0.4630 (0.46s)
[36] jeju_wind_linmix_condnorm_48_0: mse=0.3043 mae=0.4115 (0.36s)
[37] jeju_wind_linmix_condnorm_48_1: mse=0.3074 mae=0.4149 (0.38s)
[38] jeju_wind_linmix_condnorm_48_2: mse=0.3131 mae=0.4192 (0.47s)
[39] jeju_wind_linmix_condnorm_48_3: mse=0.3119 mae=0.4172 (0.54s)
[40] jeju_wind_linmix_condnorm_48_4: mse=0.3155 mae=0.4208 (0.27s)
[41] gefcom_wind_revin_all_24_0: mse=0.2508 mae=0.3838 (0.28s)
[42] gefcom_wind_revin_all_24_1: mse=0.2425 mae=0.3787 (0.27s)
[43] gefcom_wind_revin_all_24_2: mse=0.2545 mae=0.3857 (0.29s)
[44] gefcom_wind_revin_all_24_3: mse=0.2571 mae=0.3835 (0.47s)
[45] gefcom_wind_revin_all_24_4: mse=0.2437 mae=0.3788 (0.25s)
[46] gefcom_wind_linmix_raw_24_0: mse=0.2692 mae=0.3817 (0.23s)
[47] gefcom_wind_linmix_raw_24_1: mse=0.2544 mae=0.3790 (0.23s)
[48] gefcom_wind_linmix_raw_24_2: mse=0.2754 mae=0.3846 (0.19s)
[49] gefcom_wind_linmix_raw_24_3: mse=0.2718 mae=0.3821 (0.28s)
[50] gefcom_wind_linmix_raw_24_4: mse=0.2670 mae=0.3800 (0.2s)
[51] gefcom_wind_linmix_revin_24_0: mse=0.3309 mae=0.4319 (0.37s)
[52] gefcom_wind_linmix_revin_24_1: mse=0.3200 mae=0.4215 (0.51s)
[53] gefcom_wind_linmix_revin_24_2: mse=0.3339 mae=0.4296 (0.47s)
[54] gefcom_wind_linmix_revin_24_3: mse=0.3097 mae=0.4283 (0.76s)
[55] gefcom_wind_linmix_revin_24_4: mse=0.3386 mae=0.4348 (0.28s)
[56] gefcom_wind_linmix_condnorm_24_0: mse=0.1809 mae=0.3282 (0.45s)
[57] gefcom_wind_linmix_condnorm_24_1: mse=0.1803 mae=0.3279 (0.25s)
[58] gefcom_wind_linmix_condnorm_24_2: mse=0.1846 mae=0.3286 (0.24s)
[59] gefcom_wind_linmix_condnorm_24_3: mse=0.1830 mae=0.3266 (0.32s)
[60] gefcom_wind_linmix_condnorm_24_4: mse=0.1776 mae=0.3226 (0.3s)
[61] gefcom_wind_revin_all_96_0: mse=0.2463 mae=0.3855 (0.29s)
[62] gefcom_wind_revin_all_96_1: mse=0.2445 mae=0.3863 (0.27s)
[63] gefcom_wind_revin_all_96_2: mse=0.2637 mae=0.3994 (0.36s)
[64] gefcom_wind_revin_all_96_3: mse=0.2444 mae=0.3845 (0.3s)
[65] gefcom_wind_revin_all_96_4: mse=0.2420 mae=0.3843 (0.29s)
[66] gefcom_wind_linmix_raw_96_0: mse=0.2175 mae=0.3661 (0.25s)
[67] gefcom_wind_linmix_raw_96_1: mse=0.2381 mae=0.3886 (0.25s)
[68] gefcom_wind_linmix_raw_96_2: mse=0.2557 mae=0.3980 (0.36s)
[69] gefcom_wind_linmix_raw_96_3: mse=0.2255 mae=0.3729 (0.31s)
[70] gefcom_wind_linmix_raw_96_4: mse=0.2250 mae=0.3751 (0.4s)
[71] gefcom_wind_linmix_revin_96_0: mse=0.2868 mae=0.4288 (0.35s)
[72] gefcom_wind_linmix_revin_96_1: mse=0.2666 mae=0.4179 (0.27s)
[73] gefcom_wind_linmix_revin_96_2: mse=0.3004 mae=0.4423 (0.33s)
[74] gefcom_wind_linmix_revin_96_3: mse=0.3149 mae=0.4469 (0.35s)
[75] gefcom_wind_linmix_revin_96_4: mse=0.2760 mae=0.4245 (0.36s)
[76] gefcom_wind_linmix_condnorm_96_0: mse=0.1683 mae=0.3249 (0.23s)
[77] gefcom_wind_linmix_condnorm_96_1: mse=0.1665 mae=0.3238 (0.19s)
[78] gefcom_wind_linmix_condnorm_96_2: mse=0.1656 mae=0.3220 (0.19s)
[79] gefcom_wind_linmix_condnorm_96_3: mse=0.1719 mae=0.3285 (0.26s)
[80] gefcom_wind_linmix_condnorm_96_4: mse=0.1675 mae=0.3243 (0.24s)
[81] gefcom_wind_revin_all_336_0: mse=0.3265 mae=0.4468 (0.31s)
[82] gefcom_wind_revin_all_336_1: mse=0.3402 mae=0.4593 (0.31s)
[83] gefcom_wind_revin_all_336_2: mse=0.3149 mae=0.4410 (0.27s)
[84] gefcom_wind_revin_all_336_3: mse=0.3287 mae=0.4501 (0.36s)
[85] gefcom_wind_revin_all_336_4: mse=0.3271 mae=0.4488 (0.44s)
[86] gefcom_wind_linmix_raw_336_0: mse=0.2908 mae=0.4263 (0.3s)
[87] gefcom_wind_linmix_raw_336_1: mse=0.3133 mae=0.4430 (0.38s)
[88] gefcom_wind_linmix_raw_336_2: mse=0.2908 mae=0.4311 (0.2s)
[89] gefcom_wind_linmix_raw_336_3: mse=0.2873 mae=0.4257 (0.24s)
[90] gefcom_wind_linmix_raw_336_4: mse=0.2981 mae=0.4323 (0.2s)
[91] gefcom_wind_linmix_revin_336_0: mse=0.3713 mae=0.4797 (0.31s)
[92] gefcom_wind_linmix_revin_336_1: mse=0.3895 mae=0.4911 (0.37s)
[93] gefcom_wind_linmix_revin_336_2: mse=0.3564 mae=0.4772 (0.33s)
[94] gefcom_wind_linmix_revin_336_3: mse=0.3795 mae=0.4917 (0.39s)
[95] gefcom_wind_linmix_revin_336_4: mse=0.3372 mae=0.4637 (0.38s)
[96] gefcom_wind_linmix_condnorm_336_0: mse=0.1923 mae=0.3419 (0.22s)
[97] gefcom_wind_linmix_condnorm_336_1: mse=0.1878 mae=0.3382 (0.19s)
[98] gefcom_wind_linmix_condnorm_336_2: mse=0.1869 mae=0.3364 (0.22s)
[99] gefcom_wind_linmix_condnorm_336_3: mse=0.1899 mae=0.3406 (0.21s)
[100] gefcom_wind_linmix_condnorm_336_4: mse=0.1932 mae=0.3440 (0.19s)
[101] gefcom_load_revin_all_24_0: mse=0.2204 mae=0.3377 (1.46s)
[102] gefcom_load_revin_all_24_1: mse=0.2440 mae=0.3528 (0.74s)
[103] gefcom_load_revin_all_24_2: mse=0.2115 mae=0.3240 (0.98s)
[104] gefcom_load_revin_all_24_3: mse=0.2221 mae=0.3370 (1.64s)
[105] gefcom_load_revin_all_24_4: mse=0.2294 mae=0.3424 (0.89s)
[106] gefcom_load_linmix_raw_24_0: mse=0.2137 mae=0.3326 (0.88s)
[107] gefcom_load_linmix_raw_24_1: mse=0.2010 mae=0.3247 (0.65s)
[108] gefcom_load_linmix_raw_24_2: mse=0.2009 mae=0.3223 (0.85s)
[109] gefcom_load_linmix_raw_24_3: mse=0.1943 mae=0.3198 (0.92s)
[110] gefcom_load_linmix_raw_24_4: mse=0.2160 mae=0.3382 (0.61s)
[111] gefcom_load_linmix_revin_24_0: mse=0.2041 mae=0.3215 (1.92s)
[112] gefcom_load_linmix_revin_24_1: mse=0.2066 mae=0.3144 (1.37s)
[113] gefcom_load_linmix_revin_24_2: mse=0.1956 mae=0.3118 (2.13s)
[114] gefcom_load_linmix_revin_24_3: mse=0.2043 mae=0.3183 (1.22s)
[115] gefcom_load_linmix_revin_24_4: mse=0.1891 mae=0.3101 (1.9s)
[116] gefcom_load_linmix_condnorm_24_0: mse=0.0826 mae=0.1933 (0.61s)
[117] gefcom_load_linmix_condnorm_24_1: mse=0.0767 mae=0.1865 (0.67s)
[118] gefcom_load_linmix_condnorm_24_2: mse=0.0775 mae=0.1865 (1.48s)
[119] gefcom_load_linmix_condnorm_24_3: mse=0.0771 mae=0.1862 (0.99s)
[120] gefcom_load_linmix_condnorm_24_4: mse=0.0780 mae=0.1886 (1.57s)
[121] gefcom_load_revin_all_96_0: mse=0.4243 mae=0.4713 (0.73s)
[122] gefcom_load_revin_all_96_1: mse=0.4168 mae=0.4661 (2.28s)
[123] gefcom_load_revin_all_96_2: mse=0.4071 mae=0.4690 (0.7s)
[124] gefcom_load_revin_all_96_3: mse=0.4264 mae=0.4693 (0.78s)
[125] gefcom_load_revin_all_96_4: mse=0.4248 mae=0.4762 (0.73s)
[126] gefcom_load_linmix_raw_96_0: mse=0.3597 mae=0.4401 (0.61s)
[127] gefcom_load_linmix_raw_96_1: mse=0.3764 mae=0.4537 (1.5s)
[128] gefcom_load_linmix_raw_96_2: mse=0.3678 mae=0.4445 (0.99s)
[129] gefcom_load_linmix_raw_96_3: mse=0.3532 mae=0.4352 (0.62s)
[130] gefcom_load_linmix_raw_96_4: mse=0.3750 mae=0.4525 (0.65s)
[131] gefcom_load_linmix_revin_96_0: mse=0.3959 mae=0.4438 (2.34s)
[132] gefcom_load_linmix_revin_96_1: mse=0.3820 mae=0.4441 (4.02s)
[133] gefcom_load_linmix_revin_96_2: mse=0.3800 mae=0.4470 (1.28s)
[134] gefcom_load_linmix_revin_96_3: mse=0.3874 mae=0.4456 (1.2s)
[135] gefcom_load_linmix_revin_96_4: mse=0.3876 mae=0.4392 (2.95s)
[136] gefcom_load_linmix_condnorm_96_0: mse=0.1117 mae=0.2188 (0.69s)
[137] gefcom_load_linmix_condnorm_96_1: mse=0.1108 mae=0.2184 (0.93s)
[138] gefcom_load_linmix_condnorm_96_2: mse=0.1139 mae=0.2213 (0.65s)
[139] gefcom_load_linmix_condnorm_96_3: mse=0.1123 mae=0.2207 (0.92s)
[140] gefcom_load_linmix_condnorm_96_4: mse=0.1108 mae=0.2183 (0.82s)
[141] gefcom_load_revin_all_336_0: mse=0.5769 mae=0.5629 (0.78s)
[142] gefcom_load_revin_all_336_1: mse=0.5674 mae=0.5618 (0.78s)
[143] gefcom_load_revin_all_336_2: mse=0.5765 mae=0.5625 (1.08s)
[144] gefcom_load_revin_all_336_3: mse=0.6004 mae=0.5714 (0.78s)
[145] gefcom_load_revin_all_336_4: mse=0.5944 mae=0.5775 (0.77s)
[146] gefcom_load_linmix_raw_336_0: mse=0.5028 mae=0.5328 (0.66s)
[147] gefcom_load_linmix_raw_336_1: mse=0.5018 mae=0.5330 (0.7s)
[148] gefcom_load_linmix_raw_336_2: mse=0.5124 mae=0.5379 (0.66s)
[149] gefcom_load_linmix_raw_336_3: mse=0.4954 mae=0.5287 (0.78s)
[150] gefcom_load_linmix_raw_336_4: mse=0.5027 mae=0.5340 (0.88s)
[151] gefcom_load_linmix_revin_336_0: mse=0.5489 mae=0.5486 (0.98s)
[152] gefcom_load_linmix_revin_336_1: mse=0.5667 mae=0.5626 (0.93s)
[153] gefcom_load_linmix_revin_336_2: mse=0.5598 mae=0.5529 (0.95s)
[154] gefcom_load_linmix_revin_336_3: mse=0.5525 mae=0.5476 (1.02s)
[155] gefcom_load_linmix_revin_336_4: mse=0.5521 mae=0.5538 (1.23s)
[156] gefcom_load_linmix_condnorm_336_0: mse=0.1338 mae=0.2378 (0.66s)
[157] gefcom_load_linmix_condnorm_336_1: mse=0.1352 mae=0.2399 (0.65s)
[158] gefcom_load_linmix_condnorm_336_2: mse=0.1337 mae=0.2382 (0.66s)
[159] gefcom_load_linmix_condnorm_336_3: mse=0.1304 mae=0.2361 (0.65s)
[160] gefcom_load_linmix_condnorm_336_4: mse=0.1323 mae=0.2373 (0.65s)
[161] gefcom_solar_revin_all_24_0: mse=2.2433 mae=0.7523 (0.43s)
[162] gefcom_solar_revin_all_24_1: mse=2.6689 mae=0.8369 (0.69s)
[163] gefcom_solar_revin_all_24_2: mse=2.6513 mae=0.8823 (0.43s)
[164] gefcom_solar_revin_all_24_3: mse=0.3839 mae=0.3849 (0.57s)
[165] gefcom_solar_revin_all_24_4: mse=0.7892 mae=0.5680 (0.54s)
[166] gefcom_solar_linmix_raw_24_0: mse=0.1505 mae=0.2844 (0.31s)
[167] gefcom_solar_linmix_raw_24_1: mse=0.1595 mae=0.2936 (0.36s)
[168] gefcom_solar_linmix_raw_24_2: mse=0.1557 mae=0.2906 (0.3s)
[169] gefcom_solar_linmix_raw_24_3: mse=0.1559 mae=0.2877 (0.35s)
[170] gefcom_solar_linmix_raw_24_4: mse=0.1583 mae=0.2917 (0.36s)
[171] gefcom_solar_linmix_revin_24_0: mse=0.1451 mae=0.2770 (0.47s)
[172] gefcom_solar_linmix_revin_24_1: mse=0.1507 mae=0.2839 (0.6s)
[173] gefcom_solar_linmix_revin_24_2: mse=0.1474 mae=0.2809 (0.73s)
[174] gefcom_solar_linmix_revin_24_3: mse=0.1450 mae=0.2802 (0.7s)
[175] gefcom_solar_linmix_revin_24_4: mse=0.1462 mae=0.2796 (0.52s)
[176] gefcom_solar_linmix_condnorm_24_0: mse=0.0641 mae=0.1528 (0.25s)
[177] gefcom_solar_linmix_condnorm_24_1: mse=0.0637 mae=0.1512 (0.26s)
[178] gefcom_solar_linmix_condnorm_24_2: mse=0.0640 mae=0.1523 (0.27s)
[179] gefcom_solar_linmix_condnorm_24_3: mse=0.0640 mae=0.1520 (0.26s)
[180] gefcom_solar_linmix_condnorm_24_4: mse=0.0634 mae=0.1517 (0.26s)
[181] gefcom_solar_revin_all_96_0: mse=26.2763 mae=2.1266 (0.48s)
[182] gefcom_solar_revin_all_96_1: mse=37.8871 mae=2.6905 (0.31s)
[183] gefcom_solar_revin_all_96_2: mse=34.7806 mae=2.4623 (0.38s)
[184] gefcom_solar_revin_all_96_3: mse=33.3316 mae=2.1604 (0.37s)
[185] gefcom_solar_revin_all_96_4: mse=28.6812 mae=2.4446 (0.78s)
[186] gefcom_solar_linmix_raw_96_0: mse=0.1405 mae=0.2728 (0.45s)
[187] gefcom_solar_linmix_raw_96_1: mse=0.1421 mae=0.2732 (0.29s)
[188] gefcom_solar_linmix_raw_96_2: mse=0.1465 mae=0.2774 (0.3s)
[189] gefcom_solar_linmix_raw_96_3: mse=0.1417 mae=0.2748 (0.3s)
[190] gefcom_solar_linmix_raw_96_4: mse=0.1416 mae=0.2745 (0.31s)
[191] gefcom_solar_linmix_revin_96_0: mse=0.1513 mae=0.2785 (0.52s)
[192] gefcom_solar_linmix_revin_96_1: mse=0.1481 mae=0.2775 (0.47s)
[193] gefcom_solar_linmix_revin_96_2: mse=0.1521 mae=0.2802 (0.45s)
[194] gefcom_solar_linmix_revin_96_3: mse=0.1491 mae=0.2780 (0.47s)
[195] gefcom_solar_linmix_revin_96_4: mse=0.1461 mae=0.2748 (0.45s)
[196] gefcom_solar_linmix_condnorm_96_0: mse=0.0619 mae=0.1478 (0.29s)
[197] gefcom_solar_linmix_condnorm_96_1: mse=0.0620 mae=0.1479 (0.36s)
[198] gefcom_solar_linmix_condnorm_96_2: mse=0.0617 mae=0.1469 (0.34s)
[199] gefcom_solar_linmix_condnorm_96_3: mse=0.0617 mae=0.1469 (0.41s)
[200] gefcom_solar_linmix_condnorm_96_4: mse=0.0617 mae=0.1468 (0.24s)
[201] gefcom_solar_revin_all_336_0: mse=936.8364 mae=13.1427 (0.54s)
[202] gefcom_solar_revin_all_336_1: mse=1058.7697 mae=13.9420 (0.39s)
[203] gefcom_solar_revin_all_336_2: mse=879.6246 mae=12.9817 (0.5s)
[204] gefcom_solar_revin_all_336_3: mse=847.5467 mae=12.3300 (0.34s)
[205] gefcom_solar_revin_all_336_4: mse=848.0627 mae=12.3061 (0.33s)
[206] gefcom_solar_linmix_raw_336_0: mse=0.1848 mae=0.3210 (0.37s)
[207] gefcom_solar_linmix_raw_336_1: mse=0.1788 mae=0.3145 (0.38s)
[208] gefcom_solar_linmix_raw_336_2: mse=0.1771 mae=0.3151 (0.42s)
[209] gefcom_solar_linmix_raw_336_3: mse=0.1809 mae=0.3177 (0.4s)
[210] gefcom_solar_linmix_raw_336_4: mse=0.1771 mae=0.3126 (0.5s)
[211] gefcom_solar_linmix_revin_336_0: mse=0.1879 mae=0.3205 (0.83s)
[212] gefcom_solar_linmix_revin_336_1: mse=0.1868 mae=0.3189 (0.53s)
[213] gefcom_solar_linmix_revin_336_2: mse=0.1877 mae=0.3217 (0.64s)
[214] gefcom_solar_linmix_revin_336_3: mse=0.1927 mae=0.3248 (0.57s)
[215] gefcom_solar_linmix_revin_336_4: mse=0.1877 mae=0.3193 (0.55s)
[216] gefcom_solar_linmix_condnorm_336_0: mse=0.0653 mae=0.1566 (0.26s)
[217] gefcom_solar_linmix_condnorm_336_1: mse=0.0655 mae=0.1572 (0.27s)
[218] gefcom_solar_linmix_condnorm_336_2: mse=0.0655 mae=0.1572 (0.27s)
[219] gefcom_solar_linmix_condnorm_336_3: mse=0.0658 mae=0.1583 (0.26s)
[220] gefcom_solar_linmix_condnorm_336_4: mse=0.0656 mae=0.1572 (0.3s)
[221] etth1_revin_all_24_0: mse=0.3249 mae=0.3648 (0.2s)
[222] etth1_revin_all_24_1: mse=0.3248 mae=0.3643 (0.2s)
[223] etth1_revin_all_24_2: mse=0.3234 mae=0.3636 (0.23s)
[224] etth1_revin_all_24_3: mse=0.3238 mae=0.3648 (0.32s)
[225] etth1_revin_all_24_4: mse=0.3217 mae=0.3631 (0.25s)
[226] etth1_linmix_raw_24_0: mse=0.3178 mae=0.3620 (0.2s)
[227] etth1_linmix_raw_24_1: mse=0.3191 mae=0.3629 (0.25s)
[228] etth1_linmix_raw_24_2: mse=0.3183 mae=0.3618 (0.26s)
[229] etth1_linmix_raw_24_3: mse=0.3222 mae=0.3674 (0.18s)
[230] etth1_linmix_raw_24_4: mse=0.3203 mae=0.3641 (0.26s)
[231] etth1_linmix_revin_24_0: mse=0.3201 mae=0.3607 (0.26s)
[232] etth1_linmix_revin_24_1: mse=0.3158 mae=0.3577 (0.39s)
[233] etth1_linmix_revin_24_2: mse=0.3182 mae=0.3592 (0.23s)
[234] etth1_linmix_revin_24_3: mse=0.3184 mae=0.3599 (0.28s)
[235] etth1_linmix_revin_24_4: mse=0.3244 mae=0.3639 (0.24s)
[236] etth1_linmix_condnorm_24_0: mse=3.8035 mae=1.4594 (0.14s)
[237] etth1_linmix_condnorm_24_1: mse=3.7892 mae=1.4560 (0.16s)
[238] etth1_linmix_condnorm_24_2: mse=3.7976 mae=1.4573 (0.15s)
[239] etth1_linmix_condnorm_24_3: mse=3.7898 mae=1.4546 (0.14s)
[240] etth1_linmix_condnorm_24_4: mse=3.7991 mae=1.4565 (0.19s)
[241] etth1_revin_all_96_0: mse=0.4216 mae=0.4310 (0.25s)
[242] etth1_revin_all_96_1: mse=0.4135 mae=0.4290 (0.26s)
[243] etth1_revin_all_96_2: mse=0.3977 mae=0.4160 (0.27s)
[244] etth1_revin_all_96_3: mse=0.4090 mae=0.4240 (0.19s)
[245] etth1_revin_all_96_4: mse=0.4080 mae=0.4228 (0.25s)
[246] etth1_linmix_raw_96_0: mse=0.4064 mae=0.4288 (0.23s)
[247] etth1_linmix_raw_96_1: mse=0.4054 mae=0.4266 (0.21s)
[248] etth1_linmix_raw_96_2: mse=0.3979 mae=0.4226 (0.27s)
[249] etth1_linmix_raw_96_3: mse=0.4066 mae=0.4274 (0.15s)
[250] etth1_linmix_raw_96_4: mse=0.3977 mae=0.4202 (0.21s)
[251] etth1_linmix_revin_96_0: mse=0.4095 mae=0.4224 (0.34s)
[252] etth1_linmix_revin_96_1: mse=0.4097 mae=0.4253 (0.37s)
[253] etth1_linmix_revin_96_2: mse=0.3958 mae=0.4140 (0.39s)
[254] etth1_linmix_revin_96_3: mse=0.4037 mae=0.4196 (0.4s)
[255] etth1_linmix_revin_96_4: mse=0.4049 mae=0.4201 (0.34s)
[256] etth1_linmix_condnorm_96_0: mse=2.9606 mae=1.2725 (0.1s)
[257] etth1_linmix_condnorm_96_1: mse=2.8636 mae=1.2383 (0.1s)
[258] etth1_linmix_condnorm_96_2: mse=2.8813 mae=1.2553 (0.09s)
[259] etth1_linmix_condnorm_96_3: mse=2.9166 mae=1.2559 (0.1s)
[260] etth1_linmix_condnorm_96_4: mse=3.0049 mae=1.2778 (0.08s)
[261] etth1_revin_all_336_0: mse=0.4526 mae=0.4486 (0.57s)
[262] etth1_revin_all_336_1: mse=0.4576 mae=0.4526 (0.41s)
[263] etth1_revin_all_336_2: mse=0.4551 mae=0.4510 (0.47s)
[264] etth1_revin_all_336_3: mse=0.4547 mae=0.4501 (0.45s)
[265] etth1_revin_all_336_4: mse=0.4540 mae=0.4493 (0.55s)
[266] etth1_linmix_raw_336_0: mse=0.4687 mae=0.4686 (0.46s)
[267] etth1_linmix_raw_336_1: mse=0.4717 mae=0.4714 (0.44s)
[268] etth1_linmix_raw_336_2: mse=0.4718 mae=0.4718 (0.38s)
[269] etth1_linmix_raw_336_3: mse=0.4720 mae=0.4715 (0.38s)
[270] etth1_linmix_raw_336_4: mse=0.4652 mae=0.4656 (0.47s)
[271] etth1_linmix_revin_336_0: mse=0.4506 mae=0.4462 (0.57s)
[272] etth1_linmix_revin_336_1: mse=0.4459 mae=0.4432 (0.41s)
[273] etth1_linmix_revin_336_2: mse=0.4524 mae=0.4485 (0.45s)
[274] etth1_linmix_revin_336_3: mse=0.4515 mae=0.4477 (0.46s)
[275] etth1_linmix_revin_336_4: mse=0.4477 mae=0.4448 (0.5s)
[276] etth1_linmix_condnorm_336_0: mse=2.2821 mae=1.1403 (0.21s)
[277] etth1_linmix_condnorm_336_1: mse=2.3055 mae=1.1463 (0.15s)
[278] etth1_linmix_condnorm_336_2: mse=2.2380 mae=1.1306 (0.16s)
[279] etth1_linmix_condnorm_336_3: mse=2.2309 mae=1.1271 (0.14s)
[280] etth1_linmix_condnorm_336_4: mse=2.2264 mae=1.1269 (0.14s)
[281] etth2_revin_all_24_0: mse=0.1686 mae=0.2645 (0.39s)
[282] etth2_revin_all_24_1: mse=0.1657 mae=0.2616 (0.46s)
[283] etth2_revin_all_24_2: mse=0.1708 mae=0.2655 (0.36s)
[284] etth2_revin_all_24_3: mse=0.1679 mae=0.2633 (0.54s)
[285] etth2_revin_all_24_4: mse=0.1689 mae=0.2647 (0.44s)
[286] etth2_linmix_raw_24_0: mse=0.1731 mae=0.2722 (0.34s)
[287] etth2_linmix_raw_24_1: mse=0.1807 mae=0.2839 (0.39s)
[288] etth2_linmix_raw_24_2: mse=0.1799 mae=0.2809 (0.43s)
[289] etth2_linmix_raw_24_3: mse=0.1781 mae=0.2783 (0.3s)
[290] etth2_linmix_raw_24_4: mse=0.1767 mae=0.2778 (0.32s)
[291] etth2_linmix_revin_24_0: mse=0.1681 mae=0.2628 (0.4s)
[292] etth2_linmix_revin_24_1: mse=0.1723 mae=0.2662 (0.3s)
[293] etth2_linmix_revin_24_2: mse=0.1663 mae=0.2612 (0.38s)
[294] etth2_linmix_revin_24_3: mse=0.1662 mae=0.2621 (0.41s)
[295] etth2_linmix_revin_24_4: mse=0.1683 mae=0.2639 (0.36s)
[296] etth2_linmix_condnorm_24_0: mse=11.6282 mae=2.5383 (0.09s)
[297] etth2_linmix_condnorm_24_1: mse=11.5948 mae=2.5149 (0.1s)
[298] etth2_linmix_condnorm_24_2: mse=11.8823 mae=2.5535 (0.1s)
[299] etth2_linmix_condnorm_24_3: mse=11.1246 mae=2.4699 (0.1s)
[300] etth2_linmix_condnorm_24_4: mse=10.9239 mae=2.4382 (0.09s)
[301] etth2_revin_all_96_0: mse=0.2807 mae=0.3427 (0.42s)
[302] etth2_revin_all_96_1: mse=0.2782 mae=0.3406 (0.52s)
[303] etth2_revin_all_96_2: mse=0.2764 mae=0.3389 (0.55s)
[304] etth2_revin_all_96_3: mse=0.2798 mae=0.3418 (0.54s)
[305] etth2_revin_all_96_4: mse=0.2830 mae=0.3447 (0.58s)
[306] etth2_linmix_raw_96_0: mse=0.3190 mae=0.3857 (0.34s)
[307] etth2_linmix_raw_96_1: mse=0.3097 mae=0.3768 (0.29s)
[308] etth2_linmix_raw_96_2: mse=0.3303 mae=0.3921 (0.32s)
[309] etth2_linmix_raw_96_3: mse=0.3252 mae=0.3882 (0.34s)
[310] etth2_linmix_raw_96_4: mse=0.3224 mae=0.3863 (0.28s)
[311] etth2_linmix_revin_96_0: mse=0.2784 mae=0.3408 (0.33s)
[312] etth2_linmix_revin_96_1: mse=0.2806 mae=0.3408 (0.33s)
[313] etth2_linmix_revin_96_2: mse=0.2806 mae=0.3426 (0.46s)
[314] etth2_linmix_revin_96_3: mse=0.2792 mae=0.3398 (0.56s)
[315] etth2_linmix_revin_96_4: mse=0.2809 mae=0.3419 (0.41s)
[316] etth2_linmix_condnorm_96_0: mse=6.4510 mae=1.8146 (0.11s)
[317] etth2_linmix_condnorm_96_1: mse=6.0775 mae=1.7680 (0.12s)
[318] etth2_linmix_condnorm_96_2: mse=6.4232 mae=1.8219 (0.1s)
[319] etth2_linmix_condnorm_96_3: mse=6.1922 mae=1.7826 (0.11s)
[320] etth2_linmix_condnorm_96_4: mse=6.1096 mae=1.7788 (0.1s)
[321] etth2_revin_all_336_0: mse=0.3742 mae=0.4077 (0.67s)
[322] etth2_revin_all_336_1: mse=0.3707 mae=0.4058 (0.79s)
[323] etth2_revin_all_336_2: mse=0.3714 mae=0.4059 (0.71s)
[324] etth2_revin_all_336_3: mse=0.3622 mae=0.4001 (0.79s)
[325] etth2_revin_all_336_4: mse=0.3642 mae=0.4010 (0.97s)
[326] etth2_linmix_raw_336_0: mse=0.5485 mae=0.5248 (0.49s)
[327] etth2_linmix_raw_336_1: mse=0.6037 mae=0.5450 (0.58s)
[328] etth2_linmix_raw_336_2: mse=0.6135 mae=0.5519 (0.49s)
[329] etth2_linmix_raw_336_3: mse=0.6074 mae=0.5511 (0.68s)
[330] etth2_linmix_raw_336_4: mse=0.5426 mae=0.5166 (0.63s)
[331] etth2_linmix_revin_336_0: mse=0.3637 mae=0.4029 (0.74s)
[332] etth2_linmix_revin_336_1: mse=0.3650 mae=0.4023 (0.62s)
[333] etth2_linmix_revin_336_2: mse=0.3623 mae=0.4000 (0.8s)
[334] etth2_linmix_revin_336_3: mse=0.3586 mae=0.3974 (0.75s)
[335] etth2_linmix_revin_336_4: mse=0.3620 mae=0.3993 (0.63s)
[336] etth2_linmix_condnorm_336_0: mse=4.5070 mae=1.5100 (0.21s)
[337] etth2_linmix_condnorm_336_1: mse=4.7436 mae=1.5713 (0.21s)
[338] etth2_linmix_condnorm_336_2: mse=4.5249 mae=1.5277 (0.21s)
[339] etth2_linmix_condnorm_336_3: mse=4.3068 mae=1.5129 (0.21s)
[340] etth2_linmix_condnorm_336_4: mse=4.3951 mae=1.5279 (0.23s)
[341] weather_revin_all_24_0: mse=0.1091 mae=0.1594 (1.69s)
[342] weather_revin_all_24_1: mse=0.1119 mae=0.1673 (1.78s)
[343] weather_revin_all_24_2: mse=0.1067 mae=0.1574 (1.69s)
[344] weather_revin_all_24_3: mse=0.1123 mae=0.1661 (1.71s)
[345] weather_revin_all_24_4: mse=0.1073 mae=0.1583 (1.72s)
[346] weather_linmix_raw_24_0: mse=0.1191 mae=0.1988 (1.26s)
[347] weather_linmix_raw_24_1: mse=0.1127 mae=0.1840 (1.72s)
[348] weather_linmix_raw_24_2: mse=0.1103 mae=0.1725 (1.14s)
[349] weather_linmix_raw_24_3: mse=0.1109 mae=0.1782 (1.25s)
[350] weather_linmix_raw_24_4: mse=0.1187 mae=0.1961 (1.72s)
[351] weather_linmix_revin_24_0: mse=0.1117 mae=0.1635 (1.43s)
[352] weather_linmix_revin_24_1: mse=0.1064 mae=0.1534 (1.67s)
[353] weather_linmix_revin_24_2: mse=0.1050 mae=0.1542 (1.27s)
[354] weather_linmix_revin_24_3: mse=0.1138 mae=0.1684 (1.3s)
[355] weather_linmix_revin_24_4: mse=0.1072 mae=0.1579 (1.55s)
[356] weather_linmix_condnorm_24_0: mse=0.6941 mae=0.5080 (1.51s)
[357] weather_linmix_condnorm_24_1: mse=0.7290 mae=0.5308 (1.75s)
[358] weather_linmix_condnorm_24_2: mse=0.7961 mae=0.5392 (1.4s)
[359] weather_linmix_condnorm_24_3: mse=0.8122 mae=0.5485 (1.26s)
[360] weather_linmix_condnorm_24_4: mse=0.7811 mae=0.5416 (1.97s)
[361] weather_revin_all_96_0: mse=0.1784 mae=0.2338 (1.85s)
[362] weather_revin_all_96_1: mse=0.1771 mae=0.2348 (1.86s)
[363] weather_revin_all_96_2: mse=0.1731 mae=0.2293 (1.92s)
[364] weather_revin_all_96_3: mse=0.1781 mae=0.2354 (1.85s)
[365] weather_revin_all_96_4: mse=0.1735 mae=0.2308 (1.85s)
[366] weather_linmix_raw_96_0: mse=0.1796 mae=0.2503 (1.27s)
[367] weather_linmix_raw_96_1: mse=0.1771 mae=0.2461 (1.17s)
[368] weather_linmix_raw_96_2: mse=0.1772 mae=0.2465 (1.16s)
[369] weather_linmix_raw_96_3: mse=0.1803 mae=0.2525 (1.18s)
[370] weather_linmix_raw_96_4: mse=0.1779 mae=0.2469 (1.25s)
[371] weather_linmix_revin_96_0: mse=0.1775 mae=0.2335 (1.52s)
[372] weather_linmix_revin_96_1: mse=0.1768 mae=0.2342 (1.48s)
[373] weather_linmix_revin_96_2: mse=0.1721 mae=0.2273 (1.71s)
[374] weather_linmix_revin_96_3: mse=0.1760 mae=0.2326 (1.49s)
[375] weather_linmix_revin_96_4: mse=0.1730 mae=0.2297 (1.5s)
[376] weather_linmix_condnorm_96_0: mse=1.3450 mae=0.7319 (2.06s)
[377] weather_linmix_condnorm_96_1: mse=1.2820 mae=0.7086 (1.99s)
[378] weather_linmix_condnorm_96_2: mse=1.2012 mae=0.6893 (2.28s)
[379] weather_linmix_condnorm_96_3: mse=1.3751 mae=0.7289 (1.28s)
[380] weather_linmix_condnorm_96_4: mse=1.3485 mae=0.7237 (1.21s)
[381] weather_revin_all_336_0: mse=0.2649 mae=0.3024 (3.17s)
[382] weather_revin_all_336_1: mse=0.2654 mae=0.3034 (3.17s)
[383] weather_revin_all_336_2: mse=0.2629 mae=0.3007 (3.14s)
[384] weather_revin_all_336_3: mse=0.2660 mae=0.3042 (3.15s)
[385] weather_revin_all_336_4: mse=0.2639 mae=0.3014 (3.15s)
[386] weather_linmix_raw_336_0: mse=0.2642 mae=0.3168 (2.36s)
[387] weather_linmix_raw_336_1: mse=0.2626 mae=0.3168 (2.36s)
[388] weather_linmix_raw_336_2: mse=0.2642 mae=0.3192 (2.4s)
[389] weather_linmix_raw_336_3: mse=0.2658 mae=0.3222 (2.35s)
[390] weather_linmix_raw_336_4: mse=0.2616 mae=0.3150 (2.36s)
[391] weather_linmix_revin_336_0: mse=0.2632 mae=0.3001 (3.05s)
[392] weather_linmix_revin_336_1: mse=0.2651 mae=0.3031 (3.05s)
[393] weather_linmix_revin_336_2: mse=0.2617 mae=0.2990 (3.06s)
[394] weather_linmix_revin_336_3: mse=0.2645 mae=0.3025 (3.05s)
[395] weather_linmix_revin_336_4: mse=0.2630 mae=0.3001 (3.09s)
[396] weather_linmix_condnorm_336_0: mse=1.1406 mae=0.6705 (2.4s)
[397] weather_linmix_condnorm_336_1: mse=1.1387 mae=0.6799 (4.08s)
[398] weather_linmix_condnorm_336_2: mse=1.1417 mae=0.6725 (2.44s)
[399] weather_linmix_condnorm_336_3: mse=1.1323 mae=0.6800 (4.07s)
[400] weather_linmix_condnorm_336_4: mse=1.1163 mae=0.6765 (5.19s)
[401] electricity_revin_all_24_0: mse=0.1512 mae=0.2717 (13.61s)
[402] electricity_revin_all_24_1: mse=0.1284 mae=0.2444 (13.47s)
[403] electricity_revin_all_24_2: mse=0.1239 mae=0.2382 (13.7s)
[404] electricity_revin_all_24_3: mse=0.1312 mae=0.2484 (13.79s)
[405] electricity_revin_all_24_4: mse=0.1420 mae=0.2628 (16.92s)
[406] electricity_linmix_raw_24_0: mse=0.1483 mae=0.2738 (8.78s)
[407] electricity_linmix_raw_24_1: mse=0.1604 mae=0.2879 (8.81s)
[408] electricity_linmix_raw_24_2: mse=0.1362 mae=0.2579 (8.87s)
[409] electricity_linmix_raw_24_3: mse=0.1390 mae=0.2630 (15.1s)
[410] electricity_linmix_raw_24_4: mse=0.1565 mae=0.2846 (8.89s)
[411] electricity_linmix_revin_24_0: mse=0.1077 mae=0.2112 (38.16s)
[412] electricity_linmix_revin_24_1: mse=0.1184 mae=0.2298 (12.18s)
[413] electricity_linmix_revin_24_2: mse=0.1071 mae=0.2095 (35.42s)
[414] electricity_linmix_revin_24_3: mse=0.1079 mae=0.2113 (44.96s)
[415] electricity_linmix_revin_24_4: mse=0.1069 mae=0.2088 (44.43s)
[416] electricity_linmix_condnorm_24_0: mse=0.1271 mae=0.2373 (9.33s)
[417] electricity_linmix_condnorm_24_1: mse=0.1288 mae=0.2397 (9.37s)
[418] electricity_linmix_condnorm_24_2: mse=0.1297 mae=0.2405 (9.34s)
[419] electricity_linmix_condnorm_24_3: mse=0.1298 mae=0.2397 (9.4s)
[420] electricity_linmix_condnorm_24_4: mse=0.1310 mae=0.2424 (9.26s)
[421] electricity_revin_all_96_0: mse=0.2390 mae=0.3540 (18.31s)
[422] electricity_revin_all_96_1: mse=0.2294 mae=0.3448 (14.74s)
[423] electricity_revin_all_96_2: mse=0.2171 mae=0.3326 (14.76s)
[424] electricity_revin_all_96_3: mse=0.1971 mae=0.3158 (14.72s)
[425] electricity_revin_all_96_4: mse=0.1918 mae=0.3092 (14.97s)
[426] electricity_linmix_raw_96_0: mse=0.2481 mae=0.3689 (11.46s)
[427] electricity_linmix_raw_96_1: mse=0.2219 mae=0.3450 (9.56s)
[428] electricity_linmix_raw_96_2: mse=0.2170 mae=0.3378 (9.47s)
[429] electricity_linmix_raw_96_3: mse=0.1970 mae=0.3207 (9.23s)
[430] electricity_linmix_raw_96_4: mse=0.2173 mae=0.3402 (9.69s)
[431] electricity_linmix_revin_96_0: mse=0.1473 mae=0.2530 (91.61s)
[432] electricity_linmix_revin_96_1: mse=0.1467 mae=0.2524 (73.24s)
[433] electricity_linmix_revin_96_2: mse=0.1490 mae=0.2563 (43.64s)
[434] electricity_linmix_revin_96_3: mse=0.1449 mae=0.2490 (50.71s)
[435] electricity_linmix_revin_96_4: mse=0.1730 mae=0.2867 (13.76s)
[436] electricity_linmix_condnorm_96_0: mse=0.1918 mae=0.3000 (10.55s)
[437] electricity_linmix_condnorm_96_1: mse=0.1840 mae=0.2935 (10.4s)
[438] electricity_linmix_condnorm_96_2: mse=0.1781 mae=0.2873 (10.0s)
[439] electricity_linmix_condnorm_96_3: mse=0.1841 mae=0.2942 (10.35s)
[440] electricity_linmix_condnorm_96_4: mse=0.1859 mae=0.2953 (10.45s)
[441] electricity_revin_all_336_0: mse=0.2518 mae=0.3559 (24.61s)
[442] electricity_revin_all_336_1: mse=0.2574 mae=0.3624 (24.71s)
[443] electricity_revin_all_336_2: mse=0.2458 mae=0.3529 (24.64s)
[444] electricity_revin_all_336_3: mse=0.2332 mae=0.3421 (24.67s)
[445] electricity_revin_all_336_4: mse=0.2402 mae=0.3474 (24.68s)
[446] electricity_linmix_raw_336_0: mse=0.2474 mae=0.3616 (18.61s)
[447] electricity_linmix_raw_336_1: mse=0.2580 mae=0.3729 (18.5s)
[448] electricity_linmix_raw_336_2: mse=0.2322 mae=0.3488 (18.52s)
[449] electricity_linmix_raw_336_3: mse=0.2489 mae=0.3647 (18.57s)
[450] electricity_linmix_raw_336_4: mse=0.2423 mae=0.3586 (18.52s)
[451] electricity_linmix_revin_336_0: mse=0.1725 mae=0.2729 (87.13s)
[452] electricity_linmix_revin_336_1: mse=0.1711 mae=0.2706 (86.68s)
[453] electricity_linmix_revin_336_2: mse=0.2005 mae=0.3094 (24.17s)
[454] electricity_linmix_revin_336_3: mse=0.1724 mae=0.2729 (97.22s)
[455] electricity_linmix_revin_336_4: mse=0.2011 mae=0.3090 (26.05s)
[456] electricity_linmix_condnorm_336_0: mse=0.2127 mae=0.3127 (23.51s)
[457] electricity_linmix_condnorm_336_1: mse=0.2108 mae=0.3112 (22.31s)
[458] electricity_linmix_condnorm_336_2: mse=0.2094 mae=0.3101 (21.22s)
[459] electricity_linmix_condnorm_336_3: mse=0.2090 mae=0.3091 (24.64s)
[460] electricity_linmix_condnorm_336_4: mse=0.2112 mae=0.3112 (21.27s)
block E pass complete
[supervised] attempt 1 exit=0 2026-07-20 14:18:09
