[1] jeju_wind_revin_itransformer_ms_24_0 L=192: mse=0.6073 (1.32s)
[2] jeju_wind_revin_itransformer_ms_24_1 L=192: mse=0.6317 (1.71s)
[3] jeju_wind_revin_itransformer_ms_24_2 L=192: mse=0.6178 (1.47s)
[4] jeju_wind_revin_itransformer_ms_24_3 L=192: mse=0.6080 (1.32s)
[5] jeju_wind_revin_itransformer_ms_24_4 L=192: mse=0.6127 (1.18s)
[6] jeju_wind_condnorm_itransformer_ms_24_0 L=192: mse=0.2975 (1.34s)
[7] jeju_wind_condnorm_itransformer_ms_24_1 L=192: mse=0.2999 (1.34s)
[8] jeju_wind_condnorm_itransformer_ms_24_2 L=192: mse=0.2998 (1.34s)
[9] jeju_wind_condnorm_itransformer_ms_24_3 L=192: mse=0.2978 (1.34s)
[10] jeju_wind_condnorm_itransformer_ms_24_4 L=192: mse=0.2995 (1.34s)
[11] jeju_wind_raw_itransformer_ms_24_0 L=192: mse=0.5873 (1.2s)
[12] jeju_wind_raw_itransformer_ms_24_1 L=192: mse=0.6243 (1.47s)
[13] jeju_wind_raw_itransformer_ms_24_2 L=192: mse=0.5792 (1.07s)
[14] jeju_wind_raw_itransformer_ms_24_3 L=192: mse=0.6014 (1.34s)
[15] jeju_wind_raw_itransformer_ms_24_4 L=192: mse=0.5894 (1.07s)
[16] jeju_wind_san_itransformer_ms_24_0 L=192: mse=0.5761 (1.39s)
[17] jeju_wind_san_itransformer_ms_24_1 L=192: mse=0.5754 (1.39s)
[18] jeju_wind_san_itransformer_ms_24_2 L=192: mse=0.5841 (1.54s)
[19] jeju_wind_san_itransformer_ms_24_3 L=192: mse=0.6005 (1.54s)
[20] jeju_wind_san_itransformer_ms_24_4 L=192: mse=0.5940 (1.38s)
[21] jeju_wind_fan_itransformer_ms_24_0 L=192: mse=0.6239 (2.23s)
[22] jeju_wind_fan_itransformer_ms_24_1 L=192: mse=0.6192 (2.18s)
[23] jeju_wind_fan_itransformer_ms_24_2 L=192: mse=0.6097 (2.13s)
[24] jeju_wind_fan_itransformer_ms_24_3 L=192: mse=0.6135 (2.15s)
[25] jeju_wind_fan_itransformer_ms_24_4 L=192: mse=0.6034 (2.16s)
[26] jeju_wind_revin_itransformer_ms_48_0 L=192: mse=0.7770 (1.02s)
[27] jeju_wind_revin_itransformer_ms_48_1 L=192: mse=0.8016 (1.3s)
[28] jeju_wind_revin_itransformer_ms_48_2 L=192: mse=0.7915 (1.15s)
[29] jeju_wind_revin_itransformer_ms_48_3 L=192: mse=0.7887 (1.29s)
[30] jeju_wind_revin_itransformer_ms_48_4 L=192: mse=0.7994 (1.16s)
[31] jeju_wind_condnorm_itransformer_ms_48_0 L=192: mse=0.3036 (1.65s)
[32] jeju_wind_condnorm_itransformer_ms_48_1 L=192: mse=0.3052 (1.5s)
[33] jeju_wind_condnorm_itransformer_ms_48_2 L=192: mse=0.3034 (1.48s)
[34] jeju_wind_condnorm_itransformer_ms_48_3 L=192: mse=0.3027 (1.51s)
[35] jeju_wind_condnorm_itransformer_ms_48_4 L=192: mse=0.3029 (1.64s)
[36] jeju_wind_raw_itransformer_ms_48_0 L=192: mse=0.7460 (0.97s)
[37] jeju_wind_raw_itransformer_ms_48_1 L=192: mse=0.7637 (1.11s)
[38] jeju_wind_raw_itransformer_ms_48_2 L=192: mse=0.7661 (1.11s)
[39] jeju_wind_raw_itransformer_ms_48_3 L=192: mse=0.7586 (1.23s)
[40] jeju_wind_raw_itransformer_ms_48_4 L=192: mse=0.7591 (1.24s)
[41] jeju_wind_san_itransformer_ms_48_0 L=192: mse=0.7370 (1.46s)
[42] jeju_wind_san_itransformer_ms_48_1 L=192: mse=0.7487 (1.44s)
[43] jeju_wind_san_itransformer_ms_48_2 L=192: mse=0.7383 (1.39s)
[44] jeju_wind_san_itransformer_ms_48_3 L=192: mse=0.7438 (1.23s)
[45] jeju_wind_san_itransformer_ms_48_4 L=192: mse=0.7419 (1.4s)
[46] jeju_wind_fan_itransformer_ms_48_0 L=192: mse=0.7806 (2.1s)
[47] jeju_wind_fan_itransformer_ms_48_1 L=192: mse=0.7801 (2.19s)
[48] jeju_wind_fan_itransformer_ms_48_2 L=192: mse=0.7711 (1.83s)
[49] jeju_wind_fan_itransformer_ms_48_3 L=192: mse=0.7706 (1.83s)
[50] jeju_wind_fan_itransformer_ms_48_4 L=192: mse=0.7702 (1.98s)
[51] gefcom_wind_revin_itransformer_ms_24_1 L=96: mse=1.0053 (1.32s)
[52] gefcom_wind_revin_itransformer_ms_24_2 L=96: mse=0.9932 (1.21s)
[53] gefcom_wind_revin_itransformer_ms_24_3 L=96: mse=1.0011 (1.2s)
[54] gefcom_wind_revin_itransformer_ms_24_4 L=96: mse=0.9850 (1.2s)
[55] gefcom_wind_condnorm_itransformer_ms_24_0 L=96: mse=0.1802 (0.91s)
[56] gefcom_wind_condnorm_itransformer_ms_24_1 L=96: mse=0.1806 (1.21s)
[57] gefcom_wind_condnorm_itransformer_ms_24_2 L=96: mse=0.1813 (0.71s)
[58] gefcom_wind_condnorm_itransformer_ms_24_3 L=96: mse=0.1806 (0.91s)
[59] gefcom_wind_condnorm_itransformer_ms_24_4 L=96: mse=0.1803 (0.91s)
[60] gefcom_wind_raw_itransformer_ms_24_0 L=96: mse=0.8670 (1.14s)
[61] gefcom_wind_raw_itransformer_ms_24_1 L=96: mse=0.8451 (1.21s)
[62] gefcom_wind_raw_itransformer_ms_24_2 L=96: mse=0.8421 (1.29s)
[63] gefcom_wind_raw_itransformer_ms_24_3 L=96: mse=0.8475 (1.2s)
[64] gefcom_wind_raw_itransformer_ms_24_4 L=96: mse=0.8327 (1.21s)
[65] gefcom_wind_san_itransformer_ms_24_0 L=96: mse=0.9507 (1.28s)
[66] gefcom_wind_san_itransformer_ms_24_1 L=96: mse=0.9281 (1.16s)
[67] gefcom_wind_san_itransformer_ms_24_2 L=96: mse=0.9406 (1.28s)
[68] gefcom_wind_san_itransformer_ms_24_3 L=96: mse=0.9267 (1.29s)
[69] gefcom_wind_san_itransformer_ms_24_4 L=96: mse=0.9191 (1.15s)
[70] gefcom_wind_fan_itransformer_ms_24_0 L=96: mse=0.9100 (1.61s)
[71] gefcom_wind_fan_itransformer_ms_24_1 L=96: mse=0.9123 (1.62s)
[72] gefcom_wind_fan_itransformer_ms_24_2 L=96: mse=0.8924 (1.62s)
[73] gefcom_wind_fan_itransformer_ms_24_3 L=96: mse=0.9082 (1.61s)
[74] gefcom_wind_fan_itransformer_ms_24_4 L=96: mse=0.9080 (1.63s)
[75] gefcom_wind_revin_itransformer_ms_96_0 L=336: mse=1.1234 (0.84s)
[76] gefcom_wind_revin_itransformer_ms_96_1 L=336: mse=1.1561 (0.84s)
[77] gefcom_wind_revin_itransformer_ms_96_2 L=336: mse=1.1305 (0.73s)
[78] gefcom_wind_revin_itransformer_ms_96_3 L=336: mse=1.1385 (0.83s)
[79] gefcom_wind_revin_itransformer_ms_96_4 L=336: mse=1.1345 (0.83s)
[80] gefcom_wind_condnorm_itransformer_ms_96_0 L=336: mse=0.1513 (0.76s)
[81] gefcom_wind_condnorm_itransformer_ms_96_1 L=336: mse=0.1515 (0.67s)
[82] gefcom_wind_condnorm_itransformer_ms_96_2 L=336: mse=0.1509 (0.67s)
[83] gefcom_wind_condnorm_itransformer_ms_96_3 L=336: mse=0.1516 (0.67s)
[84] gefcom_wind_condnorm_itransformer_ms_96_4 L=336: mse=0.1519 (0.67s)
[85] gefcom_wind_raw_itransformer_ms_96_0 L=336: mse=1.0242 (0.76s)
[86] gefcom_wind_raw_itransformer_ms_96_1 L=336: mse=1.0407 (0.78s)
[87] gefcom_wind_raw_itransformer_ms_96_2 L=336: mse=1.0684 (1.06s)
[88] gefcom_wind_raw_itransformer_ms_96_3 L=336: mse=1.0329 (0.79s)
[89] gefcom_wind_raw_itransformer_ms_96_4 L=336: mse=1.0419 (0.77s)
[90] gefcom_wind_san_itransformer_ms_96_0 L=336: mse=1.1042 (1.24s)
[91] gefcom_wind_san_itransformer_ms_96_1 L=336: mse=1.0947 (1.12s)
[92] gefcom_wind_san_itransformer_ms_96_2 L=336: mse=1.0939 (1.12s)
[93] gefcom_wind_san_itransformer_ms_96_3 L=336: mse=1.0785 (1.0s)
[94] gefcom_wind_san_itransformer_ms_96_4 L=336: mse=1.0607 (1.37s)
[95] gefcom_wind_fan_itransformer_ms_96_0 L=336: mse=1.0525 (1.59s)
[96] gefcom_wind_fan_itransformer_ms_96_1 L=336: mse=1.0414 (1.33s)
[97] gefcom_wind_fan_itransformer_ms_96_2 L=336: mse=1.0288 (1.47s)
[98] gefcom_wind_fan_itransformer_ms_96_3 L=336: mse=1.0473 (1.32s)
[99] gefcom_wind_fan_itransformer_ms_96_4 L=336: mse=1.0629 (1.34s)
[100] gefcom_wind_revin_itransformer_ms_336_0 L=336: mse=1.2528 (1.28s)
[101] gefcom_wind_revin_itransformer_ms_336_1 L=336: mse=1.2439 (1.2s)
[102] gefcom_wind_revin_itransformer_ms_336_2 L=336: mse=1.2055 (1.19s)
[103] gefcom_wind_revin_itransformer_ms_336_3 L=336: mse=1.2389 (1.19s)
[104] gefcom_wind_revin_itransformer_ms_336_4 L=336: mse=1.2207 (1.19s)
[105] gefcom_wind_condnorm_itransformer_ms_336_0 L=336: mse=0.1653 (0.73s)
[106] gefcom_wind_condnorm_itransformer_ms_336_1 L=336: mse=0.1656 (0.74s)
[107] gefcom_wind_condnorm_itransformer_ms_336_2 L=336: mse=0.1654 (0.64s)
[108] gefcom_wind_condnorm_itransformer_ms_336_3 L=336: mse=0.1656 (0.6s)
[109] gefcom_wind_condnorm_itransformer_ms_336_4 L=336: mse=0.1652 (0.7s)
[110] gefcom_wind_raw_itransformer_ms_336_0 L=336: mse=1.2009 (1.12s)
[111] gefcom_wind_raw_itransformer_ms_336_1 L=336: mse=1.1634 (1.18s)
[112] gefcom_wind_raw_itransformer_ms_336_2 L=336: mse=1.1479 (1.17s)
[113] gefcom_wind_raw_itransformer_ms_336_3 L=336: mse=1.2347 (1.11s)
[114] gefcom_wind_raw_itransformer_ms_336_4 L=336: mse=1.2103 (1.1s)
[115] gefcom_wind_san_itransformer_ms_336_0 L=336: mse=1.1161 (1.35s)
[116] gefcom_wind_san_itransformer_ms_336_1 L=336: mse=1.1029 (0.99s)
[117] gefcom_wind_san_itransformer_ms_336_2 L=336: mse=1.1254 (1.12s)
[118] gefcom_wind_san_itransformer_ms_336_3 L=336: mse=1.1071 (1.25s)
[119] gefcom_wind_san_itransformer_ms_336_4 L=336: mse=1.1240 (1.36s)
[120] gefcom_wind_fan_itransformer_ms_336_0 L=336: mse=1.2493 (1.08s)
[121] gefcom_wind_fan_itransformer_ms_336_1 L=336: mse=1.1969 (1.52s)
[122] gefcom_wind_fan_itransformer_ms_336_2 L=336: mse=1.1824 (1.46s)
[123] gefcom_wind_fan_itransformer_ms_336_3 L=336: mse=1.3136 (0.86s)
[124] gefcom_wind_fan_itransformer_ms_336_4 L=336: mse=1.1994 (1.46s)
[125] gefcom_load_revin_itransformer_ms_24_0 L=96: mse=0.1454 (5.11s)
[126] gefcom_load_revin_itransformer_ms_24_1 L=96: mse=0.1453 (4.87s)
[127] gefcom_load_revin_itransformer_ms_24_2 L=96: mse=0.1470 (4.86s)
[128] gefcom_load_revin_itransformer_ms_24_3 L=96: mse=0.1478 (4.86s)
[129] gefcom_load_revin_itransformer_ms_24_4 L=96: mse=0.1446 (4.86s)
[130] gefcom_load_condnorm_itransformer_ms_24_0 L=96: mse=0.0849 (4.48s)
[131] gefcom_load_condnorm_itransformer_ms_24_1 L=96: mse=0.0865 (4.08s)
[132] gefcom_load_condnorm_itransformer_ms_24_2 L=96: mse=0.0856 (4.51s)
[133] gefcom_load_condnorm_itransformer_ms_24_3 L=96: mse=0.0853 (4.52s)
[134] gefcom_load_condnorm_itransformer_ms_24_4 L=96: mse=0.0857 (4.51s)
[135] gefcom_load_raw_itransformer_ms_24_0 L=96: mse=0.1570 (4.52s)
[136] gefcom_load_raw_itransformer_ms_24_1 L=96: mse=0.1583 (4.5s)
[137] gefcom_load_raw_itransformer_ms_24_2 L=96: mse=0.1585 (4.46s)
[138] gefcom_load_raw_itransformer_ms_24_3 L=96: mse=0.1558 (4.45s)
[139] gefcom_load_raw_itransformer_ms_24_4 L=96: mse=0.1584 (4.47s)
[140] gefcom_load_san_itransformer_ms_24_0 L=96: mse=0.1444 (6.11s)
[141] gefcom_load_san_itransformer_ms_24_1 L=96: mse=0.1415 (6.11s)
[142] gefcom_load_san_itransformer_ms_24_2 L=96: mse=0.1444 (6.11s)
[143] gefcom_load_san_itransformer_ms_24_3 L=96: mse=0.1444 (6.12s)
[144] gefcom_load_san_itransformer_ms_24_4 L=96: mse=0.1412 (6.1s)
[145] gefcom_load_fan_itransformer_24_1 L=192: mse=0.1780 (5.77s)
[146] gefcom_load_fan_itransformer_24_2 L=192: mse=0.1756 (5.8s)
[147] gefcom_load_fan_itransformer_24_3 L=192: mse=0.1771 (5.94s)
[148] gefcom_load_fan_itransformer_24_4 L=192: mse=0.1750 (5.82s)
[149] gefcom_load_fan_itransformer_ms_24_0 L=96: mse=0.1641 (6.1s)
[150] gefcom_load_fan_itransformer_ms_24_1 L=96: mse=0.1627 (5.95s)
[151] gefcom_load_fan_itransformer_ms_24_2 L=96: mse=0.1646 (5.94s)
[152] gefcom_load_fan_itransformer_ms_24_3 L=96: mse=0.1625 (5.94s)
[153] gefcom_load_fan_itransformer_ms_24_4 L=96: mse=0.1622 (5.93s)
[154] gefcom_load_revin_itransformer_96_0 L=192: mse=0.3507 (4.68s)
[155] gefcom_load_revin_itransformer_96_1 L=192: mse=0.3515 (4.68s)
[156] gefcom_load_revin_itransformer_96_2 L=192: mse=0.3517 (4.67s)
[157] gefcom_load_revin_itransformer_96_3 L=192: mse=0.3514 (4.68s)
[158] gefcom_load_revin_itransformer_96_4 L=192: mse=0.3497 (4.67s)
[159] gefcom_load_revin_itransformer_ms_96_0 L=192: mse=0.3557 (4.82s)
[160] gefcom_load_revin_itransformer_ms_96_1 L=192: mse=0.3534 (3.63s)
[161] gefcom_load_revin_itransformer_ms_96_2 L=192: mse=0.3598 (4.82s)
[162] gefcom_load_revin_itransformer_ms_96_3 L=192: mse=0.3557 (4.82s)
[163] gefcom_load_revin_itransformer_ms_96_4 L=192: mse=0.3561 (4.82s)
[164] gefcom_load_condnorm_itransformer_96_0 L=192: mse=0.1108 (4.3s)
[165] gefcom_load_condnorm_itransformer_96_1 L=192: mse=0.1108 (4.31s)
[166] gefcom_load_condnorm_itransformer_96_2 L=192: mse=0.1118 (2.51s)
[167] gefcom_load_condnorm_itransformer_96_3 L=192: mse=0.1113 (3.22s)
[168] gefcom_load_condnorm_itransformer_96_4 L=192: mse=0.1109 (4.29s)
[169] gefcom_load_condnorm_itransformer_ms_96_0 L=192: mse=0.1092 (3.32s)
[170] gefcom_load_condnorm_itransformer_ms_96_1 L=192: mse=0.1092 (3.33s)
[171] gefcom_load_condnorm_itransformer_ms_96_2 L=192: mse=0.1095 (2.96s)
[172] gefcom_load_condnorm_itransformer_ms_96_3 L=192: mse=0.1091 (3.32s)
[173] gefcom_load_condnorm_itransformer_ms_96_4 L=192: mse=0.1106 (2.23s)
[174] gefcom_load_raw_itransformer_96_0 L=192: mse=0.3697 (4.28s)
[175] gefcom_load_raw_itransformer_96_1 L=192: mse=0.3672 (3.22s)
[176] gefcom_load_raw_itransformer_96_2 L=192: mse=0.3677 (3.22s)
[177] gefcom_load_raw_itransformer_96_3 L=192: mse=0.3668 (3.57s)
[178] gefcom_load_raw_itransformer_96_4 L=192: mse=0.3669 (3.57s)
[179] gefcom_load_raw_itransformer_ms_96_0 L=192: mse=0.3787 (3.7s)
[180] gefcom_load_raw_itransformer_ms_96_1 L=192: mse=0.3766 (3.69s)
[181] gefcom_load_raw_itransformer_ms_96_2 L=192: mse=0.3842 (4.42s)
[182] gefcom_load_raw_itransformer_ms_96_3 L=192: mse=0.3782 (4.06s)
[183] gefcom_load_raw_itransformer_ms_96_4 L=192: mse=0.3791 (3.69s)
[184] gefcom_load_san_itransformer_96_0 L=192: mse=0.3421 (6.35s)
[185] gefcom_load_san_itransformer_96_1 L=192: mse=0.3419 (6.22s)
[186] gefcom_load_san_itransformer_96_2 L=192: mse=0.3423 (6.24s)
[187] gefcom_load_san_itransformer_96_3 L=192: mse=0.3420 (6.23s)
[188] gefcom_load_san_itransformer_96_4 L=192: mse=0.3419 (6.22s)
[189] gefcom_load_san_itransformer_ms_96_0 L=192: mse=0.3416 (6.47s)
[190] gefcom_load_san_itransformer_ms_96_1 L=192: mse=0.3420 (6.29s)
[191] gefcom_load_san_itransformer_ms_96_2 L=192: mse=0.3402 (6.29s)
[192] gefcom_load_san_itransformer_ms_96_3 L=192: mse=0.3410 (6.28s)
[193] gefcom_load_san_itransformer_ms_96_4 L=192: mse=0.3439 (5.34s)
[194] gefcom_load_fan_itransformer_96_0 L=192: mse=0.3600 (5.78s)
[195] gefcom_load_fan_itransformer_96_1 L=192: mse=0.3604 (5.73s)
[196] gefcom_load_fan_itransformer_96_2 L=192: mse=0.3609 (5.74s)
[197] gefcom_load_fan_itransformer_96_3 L=192: mse=0.3585 (5.73s)
[198] gefcom_load_fan_itransformer_96_4 L=192: mse=0.3612 (5.74s)
[199] gefcom_load_fan_itransformer_ms_96_0 L=192: mse=0.3471 (5.88s)
[200] gefcom_load_fan_itransformer_ms_96_1 L=192: mse=0.3539 (5.39s)
[201] gefcom_load_fan_itransformer_ms_96_2 L=192: mse=0.3525 (5.88s)
[202] gefcom_load_fan_itransformer_ms_96_3 L=192: mse=0.3528 (5.87s)
[203] gefcom_load_fan_itransformer_ms_96_4 L=192: mse=0.3490 (5.89s)
[204] gefcom_load_revin_itransformer_336_0 L=720: mse=0.4972 (2.7s)
[205] gefcom_load_revin_itransformer_336_1 L=720: mse=0.4807 (4.6s)
[206] gefcom_load_revin_itransformer_336_2 L=720: mse=0.4923 (2.7s)
[207] gefcom_load_revin_itransformer_336_3 L=720: mse=0.5023 (2.32s)
[208] gefcom_load_revin_itransformer_336_4 L=720: mse=0.4926 (2.7s)
[209] gefcom_load_revin_itransformer_ms_336_0 L=720: mse=0.4820 (2.8s)
[210] gefcom_load_revin_itransformer_ms_336_1 L=720: mse=0.4897 (2.82s)
[211] gefcom_load_revin_itransformer_ms_336_2 L=720: mse=0.4844 (3.25s)
[212] gefcom_load_revin_itransformer_ms_336_3 L=720: mse=0.4854 (2.39s)
[213] gefcom_load_revin_itransformer_ms_336_4 L=720: mse=0.4793 (2.86s)
[214] gefcom_load_condnorm_itransformer_336_0 L=720: mse=0.1181 (4.16s)
[215] gefcom_load_condnorm_itransformer_336_1 L=720: mse=0.1178 (3.83s)
[216] gefcom_load_condnorm_itransformer_336_2 L=720: mse=0.1187 (4.17s)
[217] gefcom_load_condnorm_itransformer_336_3 L=720: mse=0.1183 (3.49s)
[218] gefcom_load_condnorm_itransformer_336_4 L=720: mse=0.1184 (4.12s)
[219] gefcom_load_condnorm_itransformer_ms_336_0 L=720: mse=0.1196 (3.32s)
[220] gefcom_load_condnorm_itransformer_ms_336_1 L=720: mse=0.1211 (3.68s)
[221] gefcom_load_condnorm_itransformer_ms_336_2 L=720: mse=0.1211 (3.32s)
[222] gefcom_load_condnorm_itransformer_ms_336_3 L=720: mse=0.1207 (2.94s)
[223] gefcom_load_condnorm_itransformer_ms_336_4 L=720: mse=0.1207 (2.6s)
[224] gefcom_load_raw_itransformer_336_0 L=720: mse=0.5139 (2.47s)
[225] gefcom_load_raw_itransformer_336_1 L=720: mse=0.5193 (2.13s)
[226] gefcom_load_raw_itransformer_336_2 L=720: mse=0.5133 (2.49s)
[227] gefcom_load_raw_itransformer_336_3 L=720: mse=0.5138 (2.44s)
[228] gefcom_load_raw_itransformer_336_4 L=720: mse=0.5179 (2.41s)
[229] gefcom_load_raw_itransformer_ms_336_0 L=720: mse=0.5140 (2.96s)
[230] gefcom_load_raw_itransformer_ms_336_1 L=720: mse=0.5534 (4.02s)
[231] gefcom_load_raw_itransformer_ms_336_2 L=720: mse=0.5605 (3.28s)
[232] gefcom_load_raw_itransformer_ms_336_3 L=720: mse=0.5491 (3.61s)
[233] gefcom_load_raw_itransformer_ms_336_4 L=720: mse=0.5475 (3.97s)
[234] gefcom_load_san_itransformer_336_0 L=720: mse=0.4707 (6.1s)
[235] gefcom_load_san_itransformer_336_1 L=720: mse=0.4741 (6.13s)
[236] gefcom_load_san_itransformer_336_2 L=720: mse=0.4682 (6.16s)
[237] gefcom_load_san_itransformer_336_3 L=720: mse=0.4747 (6.12s)
[238] gefcom_load_san_itransformer_336_4 L=720: mse=0.4714 (6.06s)
[239] gefcom_load_san_itransformer_ms_336_0 L=720: mse=0.4529 (6.27s)
[240] gefcom_load_san_itransformer_ms_336_1 L=720: mse=0.4557 (6.08s)
[241] gefcom_load_san_itransformer_ms_336_2 L=720: mse=0.4524 (6.13s)
[242] gefcom_load_san_itransformer_ms_336_3 L=720: mse=0.4451 (6.12s)
[243] gefcom_load_san_itransformer_ms_336_4 L=720: mse=0.4529 (6.36s)
[244] gefcom_load_fan_itransformer_336_0 L=720: mse=0.5181 (3.46s)
[245] gefcom_load_fan_itransformer_336_1 L=720: mse=0.5244 (4.3s)
[246] gefcom_load_fan_itransformer_336_2 L=720: mse=0.5192 (3.95s)
[247] gefcom_load_fan_itransformer_336_3 L=720: mse=0.5209 (3.96s)
[248] gefcom_load_fan_itransformer_336_4 L=720: mse=0.5192 (3.86s)
[249] gefcom_load_fan_itransformer_ms_336_0 L=720: mse=0.5244 (3.84s)
[250] gefcom_load_fan_itransformer_ms_336_1 L=720: mse=0.5203 (3.84s)
[251] gefcom_load_fan_itransformer_ms_336_2 L=720: mse=0.5361 (3.84s)
[252] gefcom_load_fan_itransformer_ms_336_3 L=720: mse=0.5278 (3.84s)
[253] gefcom_load_fan_itransformer_ms_336_4 L=720: mse=0.5256 (4.32s)
[254] gefcom_solar_revin_itransformer_24_0 L=336: mse=0.1549 (1.41s)
[255] gefcom_solar_revin_itransformer_24_1 L=336: mse=0.1551 (1.42s)
[256] gefcom_solar_revin_itransformer_24_2 L=336: mse=0.1548 (1.47s)
[257] gefcom_solar_revin_itransformer_24_3 L=336: mse=0.1551 (1.41s)
[258] gefcom_solar_revin_itransformer_24_4 L=336: mse=0.1569 (1.46s)
[259] gefcom_solar_revin_itransformer_ms_24_0 L=96: mse=0.1637 (2.2s)
[260] gefcom_solar_revin_itransformer_ms_24_1 L=96: mse=0.1637 (2.23s)
[261] gefcom_solar_revin_itransformer_ms_24_2 L=96: mse=0.1642 (2.22s)
[262] gefcom_solar_revin_itransformer_ms_24_3 L=96: mse=0.1600 (2.2s)
[263] gefcom_solar_revin_itransformer_ms_24_4 L=96: mse=0.1628 (2.2s)
[264] gefcom_solar_condnorm_itransformer_24_0 L=336: mse=0.0568 (0.91s)
[265] gefcom_solar_condnorm_itransformer_24_1 L=336: mse=0.0569 (0.79s)
[266] gefcom_solar_condnorm_itransformer_24_2 L=336: mse=0.0568 (0.89s)
[267] gefcom_solar_condnorm_itransformer_24_3 L=336: mse=0.0569 (0.8s)
[268] gefcom_solar_condnorm_itransformer_24_4 L=336: mse=0.0569 (0.68s)
[269] gefcom_solar_condnorm_itransformer_ms_24_0 L=96: mse=0.0565 (1.26s)
[270] gefcom_solar_condnorm_itransformer_ms_24_1 L=96: mse=0.0566 (1.09s)
[271] gefcom_solar_condnorm_itransformer_ms_24_2 L=96: mse=0.0565 (1.26s)
[272] gefcom_solar_condnorm_itransformer_ms_24_3 L=96: mse=0.0566 (1.26s)
[273] gefcom_solar_condnorm_itransformer_ms_24_4 L=96: mse=0.0565 (1.26s)
[274] gefcom_solar_raw_itransformer_24_0 L=336: mse=0.1564 (1.38s)
[275] gefcom_solar_raw_itransformer_24_1 L=336: mse=0.1553 (1.34s)
[276] gefcom_solar_raw_itransformer_24_2 L=336: mse=0.1551 (1.29s)
[277] gefcom_solar_raw_itransformer_24_3 L=336: mse=0.1552 (1.31s)
[278] gefcom_solar_raw_itransformer_24_4 L=336: mse=0.1569 (1.34s)
[279] gefcom_solar_raw_itransformer_ms_24_0 L=96: mse=0.1729 (1.78s)
[280] gefcom_solar_raw_itransformer_ms_24_1 L=96: mse=0.1744 (2.14s)
[281] gefcom_solar_raw_itransformer_ms_24_2 L=96: mse=0.1742 (2.14s)
[282] gefcom_solar_raw_itransformer_ms_24_3 L=96: mse=0.1680 (2.16s)
[283] gefcom_solar_raw_itransformer_ms_24_4 L=96: mse=0.1702 (1.79s)
[284] gefcom_solar_san_itransformer_24_0 L=336: mse=0.1585 (1.94s)
[285] gefcom_solar_san_itransformer_24_1 L=336: mse=0.1592 (1.92s)
[286] gefcom_solar_san_itransformer_24_2 L=336: mse=0.1605 (1.92s)
[287] gefcom_solar_san_itransformer_24_3 L=336: mse=0.1621 (1.92s)
[288] gefcom_solar_san_itransformer_24_4 L=336: mse=0.1596 (1.93s)
[289] gefcom_solar_san_itransformer_ms_24_0 L=96: mse=0.1606 (2.46s)
[290] gefcom_solar_san_itransformer_ms_24_1 L=96: mse=0.9457 (2.45s)
[291] gefcom_solar_san_itransformer_ms_24_2 L=96: mse=0.1613 (2.45s)
[292] gefcom_solar_san_itransformer_ms_24_3 L=96: mse=0.1588 (2.46s)
[293] gefcom_solar_san_itransformer_ms_24_4 L=96: mse=0.1587 (2.46s)
[294] gefcom_solar_fan_itransformer_24_0 L=336: mse=0.1656 (1.8s)
[295] gefcom_solar_fan_itransformer_24_1 L=336: mse=0.1671 (1.85s)
[296] gefcom_solar_fan_itransformer_24_2 L=336: mse=0.1651 (1.89s)
[297] gefcom_solar_fan_itransformer_24_3 L=336: mse=0.1651 (1.82s)
[298] gefcom_solar_fan_itransformer_24_4 L=336: mse=0.1650 (1.79s)
[299] gefcom_solar_fan_itransformer_ms_24_0 L=96: mse=0.1730 (2.3s)
[300] gefcom_solar_fan_itransformer_ms_24_1 L=96: mse=0.1745 (2.3s)
[301] gefcom_solar_fan_itransformer_ms_24_2 L=96: mse=0.1738 (2.3s)
[302] gefcom_solar_fan_itransformer_ms_24_3 L=96: mse=0.1713 (2.3s)
[303] gefcom_solar_fan_itransformer_ms_24_4 L=96: mse=0.1723 (2.3s)
[304] gefcom_solar_revin_itransformer_96_0 L=720: mse=0.1803 (1.43s)
[305] gefcom_solar_revin_itransformer_96_1 L=720: mse=0.1814 (1.39s)
[306] gefcom_solar_revin_itransformer_96_2 L=720: mse=0.1811 (1.37s)
[307] gefcom_solar_revin_itransformer_96_3 L=720: mse=0.1816 (1.38s)
[308] gefcom_solar_revin_itransformer_96_4 L=720: mse=0.1804 (1.37s)
[309] gefcom_solar_revin_itransformer_ms_96_0 L=720: mse=0.1786 (2.2s)
[310] gefcom_solar_revin_itransformer_ms_96_1 L=720: mse=0.1803 (2.2s)
[311] gefcom_solar_revin_itransformer_ms_96_2 L=720: mse=0.1789 (2.2s)
[312] gefcom_solar_revin_itransformer_ms_96_3 L=720: mse=0.1781 (2.2s)
[313] gefcom_solar_revin_itransformer_ms_96_4 L=720: mse=0.1792 (2.2s)
[314] gefcom_solar_condnorm_itransformer_96_0 L=720: mse=0.0566 (0.85s)
[315] gefcom_solar_condnorm_itransformer_96_1 L=720: mse=0.0566 (0.83s)
[316] gefcom_solar_condnorm_itransformer_96_2 L=720: mse=0.0567 (0.94s)
[317] gefcom_solar_condnorm_itransformer_96_3 L=720: mse=0.0566 (0.84s)
[318] gefcom_solar_condnorm_itransformer_96_4 L=720: mse=0.0567 (0.88s)
[319] gefcom_solar_condnorm_itransformer_ms_96_0 L=720: mse=0.0565 (1.42s)
[320] gefcom_solar_condnorm_itransformer_ms_96_1 L=720: mse=0.0565 (1.42s)
[321] gefcom_solar_condnorm_itransformer_ms_96_2 L=720: mse=0.0565 (1.42s)
[322] gefcom_solar_condnorm_itransformer_ms_96_3 L=720: mse=0.0565 (1.28s)
[323] gefcom_solar_condnorm_itransformer_ms_96_4 L=720: mse=0.0565 (1.25s)
[324] gefcom_solar_raw_itransformer_96_0 L=720: mse=0.1863 (1.25s)
[325] gefcom_solar_raw_itransformer_96_1 L=720: mse=0.1848 (1.24s)
[326] gefcom_solar_raw_itransformer_96_2 L=720: mse=0.1855 (1.34s)
[327] gefcom_solar_raw_itransformer_96_3 L=720: mse=0.1874 (1.25s)
[328] gefcom_solar_raw_itransformer_96_4 L=720: mse=0.1853 (1.26s)
[329] gefcom_solar_raw_itransformer_ms_96_0 L=720: mse=0.2011 (1.59s)
[330] gefcom_solar_raw_itransformer_ms_96_1 L=720: mse=0.1949 (1.95s)
[331] gefcom_solar_raw_itransformer_ms_96_2 L=720: mse=0.1934 (1.94s)
[332] gefcom_solar_raw_itransformer_ms_96_3 L=720: mse=0.1972 (1.76s)
[333] gefcom_solar_raw_itransformer_ms_96_4 L=720: mse=0.1930 (1.94s)
[334] gefcom_solar_san_itransformer_96_0 L=720: mse=0.1755 (1.87s)
[335] gefcom_solar_san_itransformer_96_1 L=720: mse=0.1776 (1.86s)
[336] gefcom_solar_san_itransformer_96_2 L=720: mse=0.1778 (1.89s)
[337] gefcom_solar_san_itransformer_96_3 L=720: mse=0.1770 (1.92s)
[338] gefcom_solar_san_itransformer_96_4 L=720: mse=0.1773 (1.9s)
[339] gefcom_solar_san_itransformer_ms_96_0 L=720: mse=0.1733 (2.53s)
[340] gefcom_solar_san_itransformer_ms_96_1 L=720: mse=0.1761 (2.53s)
[341] gefcom_solar_san_itransformer_ms_96_2 L=720: mse=0.1760 (2.54s)
[342] gefcom_solar_san_itransformer_ms_96_3 L=720: mse=0.1759 (2.33s)
[343] gefcom_solar_san_itransformer_ms_96_4 L=720: mse=0.1785 (2.14s)
[344] gefcom_solar_fan_itransformer_96_0 L=720: mse=0.1821 (1.81s)
[345] gefcom_solar_fan_itransformer_96_1 L=720: mse=0.1816 (1.75s)
[346] gefcom_solar_fan_itransformer_96_2 L=720: mse=0.1822 (1.77s)
[347] gefcom_solar_fan_itransformer_96_3 L=720: mse=0.1842 (1.79s)
[348] gefcom_solar_fan_itransformer_96_4 L=720: mse=0.1816 (1.76s)
[349] gefcom_solar_fan_itransformer_ms_96_0 L=720: mse=0.1833 (2.29s)
[350] gefcom_solar_fan_itransformer_ms_96_1 L=720: mse=0.1819 (2.29s)
[351] gefcom_solar_fan_itransformer_ms_96_2 L=720: mse=0.1830 (2.29s)
[352] gefcom_solar_fan_itransformer_ms_96_3 L=720: mse=0.1826 (2.29s)
[353] gefcom_solar_fan_itransformer_ms_96_4 L=720: mse=0.1813 (2.3s)
[354] gefcom_solar_revin_itransformer_336_0 L=336: mse=0.1958 (1.41s)
[355] gefcom_solar_revin_itransformer_336_1 L=336: mse=0.1955 (1.38s)
[356] gefcom_solar_revin_itransformer_336_2 L=336: mse=0.1964 (1.41s)
[357] gefcom_solar_revin_itransformer_336_3 L=336: mse=0.1958 (1.39s)
[358] gefcom_solar_revin_itransformer_336_4 L=336: mse=0.1957 (1.39s)
[359] gefcom_solar_revin_itransformer_ms_336_0 L=336: mse=0.1930 (2.21s)
[360] gefcom_solar_revin_itransformer_ms_336_1 L=336: mse=0.1937 (2.21s)
[361] gefcom_solar_revin_itransformer_ms_336_2 L=336: mse=0.1929 (2.21s)
[362] gefcom_solar_revin_itransformer_ms_336_3 L=336: mse=0.1937 (2.21s)
[363] gefcom_solar_revin_itransformer_ms_336_4 L=336: mse=0.1934 (2.21s)
[364] gefcom_solar_condnorm_itransformer_336_0 L=336: mse=0.0572 (1.02s)
[365] gefcom_solar_condnorm_itransformer_336_1 L=336: mse=0.0572 (0.83s)
[366] gefcom_solar_condnorm_itransformer_336_2 L=336: mse=0.0572 (0.96s)
[367] gefcom_solar_condnorm_itransformer_336_3 L=336: mse=0.0572 (0.96s)
[368] gefcom_solar_condnorm_itransformer_336_4 L=336: mse=0.0572 (0.97s)
[369] gefcom_solar_condnorm_itransformer_ms_336_0 L=336: mse=0.0571 (2.12s)
[370] gefcom_solar_condnorm_itransformer_ms_336_1 L=336: mse=0.0571 (1.61s)
[371] gefcom_solar_condnorm_itransformer_ms_336_2 L=336: mse=0.0571 (1.42s)
[372] gefcom_solar_condnorm_itransformer_ms_336_3 L=336: mse=0.0571 (1.95s)
[373] gefcom_solar_condnorm_itransformer_ms_336_4 L=336: mse=0.0571 (1.95s)
[374] gefcom_solar_raw_itransformer_336_0 L=336: mse=0.2009 (1.23s)
[375] gefcom_solar_raw_itransformer_336_1 L=336: mse=0.2008 (1.31s)
[376] gefcom_solar_raw_itransformer_336_2 L=336: mse=0.2007 (1.24s)
[377] gefcom_solar_raw_itransformer_336_3 L=336: mse=0.2007 (1.25s)
[378] gefcom_solar_raw_itransformer_336_4 L=336: mse=0.2010 (1.27s)
[379] gefcom_solar_raw_itransformer_ms_336_0 L=336: mse=0.2014 (2.13s)
[380] gefcom_solar_raw_itransformer_ms_336_1 L=336: mse=0.2008 (2.13s)
[381] gefcom_solar_raw_itransformer_ms_336_2 L=336: mse=0.2033 (2.12s)
[382] gefcom_solar_raw_itransformer_ms_336_3 L=336: mse=0.2026 (2.12s)
[383] gefcom_solar_raw_itransformer_ms_336_4 L=336: mse=0.2041 (2.13s)
[384] gefcom_solar_san_itransformer_336_0 L=336: mse=0.1967 (1.88s)
[385] gefcom_solar_san_itransformer_336_1 L=336: mse=0.1959 (1.86s)
[386] gefcom_solar_san_itransformer_336_2 L=336: mse=0.1961 (1.9s)
[387] gefcom_solar_san_itransformer_336_3 L=336: mse=0.1975 (1.89s)
[388] gefcom_solar_san_itransformer_336_4 L=336: mse=0.1959 (1.86s)
[389] gefcom_solar_san_itransformer_ms_336_0 L=336: mse=0.1942 (2.49s)
[390] gefcom_solar_san_itransformer_ms_336_1 L=336: mse=0.1934 (2.49s)
[391] gefcom_solar_san_itransformer_ms_336_2 L=336: mse=0.1938 (2.51s)
[392] gefcom_solar_san_itransformer_ms_336_3 L=336: mse=0.1953 (2.5s)
[393] gefcom_solar_san_itransformer_ms_336_4 L=336: mse=0.1936 (2.52s)
[394] gefcom_solar_fan_itransformer_336_0 L=336: mse=0.2026 (1.7s)
[395] gefcom_solar_fan_itransformer_336_1 L=336: mse=0.2034 (1.78s)
[396] gefcom_solar_fan_itransformer_336_2 L=336: mse=0.2027 (1.82s)
[397] gefcom_solar_fan_itransformer_336_3 L=336: mse=0.2031 (1.84s)
[398] gefcom_solar_fan_itransformer_336_4 L=336: mse=0.2036 (1.8s)
[399] gefcom_solar_fan_itransformer_ms_336_0 L=336: mse=0.2039 (2.3s)
[400] gefcom_solar_fan_itransformer_ms_336_1 L=336: mse=0.2044 (2.3s)
[401] gefcom_solar_fan_itransformer_ms_336_2 L=336: mse=0.2038 (2.3s)
[402] gefcom_solar_fan_itransformer_ms_336_3 L=336: mse=0.2045 (2.3s)
[403] gefcom_solar_fan_itransformer_ms_336_4 L=336: mse=0.2039 (2.3s)
grid pass complete
