jeju_wind_raw+cov_patchtstcov_24_0 L=192: 0.3527
jeju_wind_raw+cov_patchtstcov_24_1 L=192: 0.3514
jeju_wind_raw+cov_patchtstcov_24_2 L=192: 0.3492
jeju_wind_raw+cov_patchtstcov_24_3 L=192: 0.3662
jeju_wind_raw+cov_patchtstcov_24_4 L=192: 0.3540
jeju_wind_revin+cov_patchtstcov_24_0 L=192: 0.3701
jeju_wind_revin+cov_patchtstcov_24_1 L=192: 0.3648
jeju_wind_revin+cov_patchtstcov_24_2 L=192: 0.3764
jeju_wind_revin+cov_patchtstcov_24_3 L=192: 0.3790
jeju_wind_revin+cov_patchtstcov_24_4 L=192: 0.3601
jeju_wind_san+cov_patchtstcov_24_0 L=192: 0.3828
jeju_wind_san+cov_patchtstcov_24_1 L=192: 0.3949
jeju_wind_san+cov_patchtstcov_24_2 L=192: 0.3912
jeju_wind_san+cov_patchtstcov_24_3 L=192: 0.3850
jeju_wind_san+cov_patchtstcov_24_4 L=192: 0.3949
jeju_wind_fan+cov_patchtstcov_24_0 L=192: 0.4714
jeju_wind_fan+cov_patchtstcov_24_1 L=192: 0.4634
jeju_wind_fan+cov_patchtstcov_24_2 L=192: 0.4683
jeju_wind_fan+cov_patchtstcov_24_3 L=192: 0.4635
jeju_wind_fan+cov_patchtstcov_24_4 L=192: 0.4642
jeju_wind_condnorm+cov_patchtstcov_24_0 L=192: 0.2941
jeju_wind_condnorm+cov_patchtstcov_24_1 L=192: 0.2913
jeju_wind_condnorm+cov_patchtstcov_24_2 L=192: 0.2932
jeju_wind_condnorm+cov_patchtstcov_24_3 L=192: 0.2949
jeju_wind_condnorm+cov_patchtstcov_24_4 L=192: 0.2934
jeju_wind_raw+cov_patchtstcov_48_0 L=192: 0.3909
jeju_wind_raw+cov_patchtstcov_48_1 L=192: 0.3831
jeju_wind_raw+cov_patchtstcov_48_2 L=192: 0.3909
jeju_wind_raw+cov_patchtstcov_48_3 L=192: 0.3955
jeju_wind_raw+cov_patchtstcov_48_4 L=192: 0.3902
jeju_wind_revin+cov_patchtstcov_48_0 L=192: 0.4247
jeju_wind_revin+cov_patchtstcov_48_1 L=192: 0.4150
jeju_wind_revin+cov_patchtstcov_48_2 L=192: 0.4187
jeju_wind_revin+cov_patchtstcov_48_3 L=192: 0.4235
jeju_wind_revin+cov_patchtstcov_48_4 L=192: 0.4222
jeju_wind_san+cov_patchtstcov_48_0 L=192: 0.4262
jeju_wind_san+cov_patchtstcov_48_1 L=192: 0.4197
jeju_wind_san+cov_patchtstcov_48_2 L=192: 0.4268
jeju_wind_san+cov_patchtstcov_48_3 L=192: 0.4234
jeju_wind_san+cov_patchtstcov_48_4 L=192: 0.4168
jeju_wind_fan+cov_patchtstcov_48_0 L=192: 0.5420
jeju_wind_fan+cov_patchtstcov_48_1 L=192: 0.5373
jeju_wind_fan+cov_patchtstcov_48_2 L=192: 0.5432
jeju_wind_fan+cov_patchtstcov_48_3 L=192: 0.5391
jeju_wind_fan+cov_patchtstcov_48_4 L=192: 0.5407
jeju_wind_condnorm+cov_patchtstcov_48_0 L=192: 0.2982
jeju_wind_condnorm+cov_patchtstcov_48_1 L=192: 0.2979
jeju_wind_condnorm+cov_patchtstcov_48_2 L=192: 0.3007
jeju_wind_condnorm+cov_patchtstcov_48_3 L=192: 0.2971
jeju_wind_condnorm+cov_patchtstcov_48_4 L=192: 0.2973
gefcom_wind_raw+cov_patchtstcov_24_0 L=192: 0.2766
gefcom_wind_raw+cov_patchtstcov_24_1 L=192: 0.2743
gefcom_wind_raw+cov_patchtstcov_24_2 L=192: 0.2798
gefcom_wind_raw+cov_patchtstcov_24_3 L=192: 0.2807
gefcom_wind_raw+cov_patchtstcov_24_4 L=192: 0.2773
gefcom_wind_revin+cov_patchtstcov_24_0 L=192: 0.3129
gefcom_wind_revin+cov_patchtstcov_24_1 L=192: 0.3131
gefcom_wind_revin+cov_patchtstcov_24_2 L=192: 0.3170
gefcom_wind_revin+cov_patchtstcov_24_3 L=192: 0.3250
gefcom_wind_revin+cov_patchtstcov_24_4 L=192: 0.3236
gefcom_wind_san+cov_patchtstcov_24_0 L=192: 0.3807
gefcom_wind_san+cov_patchtstcov_24_1 L=192: 0.3931
gefcom_wind_san+cov_patchtstcov_24_2 L=192: 0.3915
gefcom_wind_san+cov_patchtstcov_24_3 L=192: 0.3836
gefcom_wind_san+cov_patchtstcov_24_4 L=192: 0.3862
gefcom_wind_fan+cov_patchtstcov_24_0 L=192: 0.4838
gefcom_wind_fan+cov_patchtstcov_24_1 L=192: 0.4924
gefcom_wind_fan+cov_patchtstcov_24_2 L=192: 0.4973
gefcom_wind_fan+cov_patchtstcov_24_3 L=192: 0.4912
gefcom_wind_fan+cov_patchtstcov_24_4 L=192: 0.4836
gefcom_wind_condnorm+cov_patchtstcov_24_0 L=192: 0.1787
gefcom_wind_condnorm+cov_patchtstcov_24_1 L=192: 0.1821
gefcom_wind_condnorm+cov_patchtstcov_24_2 L=192: 0.1798
gefcom_wind_condnorm+cov_patchtstcov_24_3 L=192: 0.1803
gefcom_wind_condnorm+cov_patchtstcov_24_4 L=192: 0.1811
gefcom_wind_raw+cov_patchtstcov_96_0 L=336: 0.3096
gefcom_wind_raw+cov_patchtstcov_96_1 L=336: 0.3055
gefcom_wind_raw+cov_patchtstcov_96_2 L=336: 0.3070
gefcom_wind_raw+cov_patchtstcov_96_3 L=336: 0.3060
gefcom_wind_raw+cov_patchtstcov_96_4 L=336: 0.3030
gefcom_wind_revin+cov_patchtstcov_96_0 L=336: 0.3096
gefcom_wind_revin+cov_patchtstcov_96_1 L=336: 0.3154
gefcom_wind_revin+cov_patchtstcov_96_2 L=336: 0.3121
gefcom_wind_revin+cov_patchtstcov_96_3 L=336: 0.3104
gefcom_wind_revin+cov_patchtstcov_96_4 L=336: 0.3014
gefcom_wind_san+cov_patchtstcov_96_0 L=336: 0.4582
gefcom_wind_san+cov_patchtstcov_96_1 L=336: 0.4669
gefcom_wind_san+cov_patchtstcov_96_2 L=336: 0.4728
gefcom_wind_san+cov_patchtstcov_96_3 L=336: 0.4534
gefcom_wind_san+cov_patchtstcov_96_4 L=336: 0.4559
gefcom_wind_fan+cov_patchtstcov_96_0 L=336: 0.5608
gefcom_wind_fan+cov_patchtstcov_96_1 L=336: 0.5506
gefcom_wind_fan+cov_patchtstcov_96_2 L=336: 0.5510
gefcom_wind_fan+cov_patchtstcov_96_3 L=336: 0.5525
gefcom_wind_fan+cov_patchtstcov_96_4 L=336: 0.5610
gefcom_wind_condnorm+cov_patchtstcov_96_0 L=336: 0.1521
gefcom_wind_condnorm+cov_patchtstcov_96_1 L=336: 0.1500
gefcom_wind_condnorm+cov_patchtstcov_96_2 L=336: 0.1502
gefcom_wind_condnorm+cov_patchtstcov_96_3 L=336: 0.1508
gefcom_wind_condnorm+cov_patchtstcov_96_4 L=336: 0.1502
gefcom_wind_raw+cov_patchtstcov_336_0 L=336: 0.3565
gefcom_wind_raw+cov_patchtstcov_336_1 L=336: 0.3713
gefcom_wind_raw+cov_patchtstcov_336_2 L=336: 0.3448
gefcom_wind_raw+cov_patchtstcov_336_3 L=336: 0.3632
gefcom_wind_raw+cov_patchtstcov_336_4 L=336: 0.3648
gefcom_wind_revin+cov_patchtstcov_336_0 L=336: 0.3420
gefcom_wind_revin+cov_patchtstcov_336_1 L=336: 0.3538
gefcom_wind_revin+cov_patchtstcov_336_2 L=336: 0.3444
gefcom_wind_revin+cov_patchtstcov_336_3 L=336: 0.3350
gefcom_wind_revin+cov_patchtstcov_336_4 L=336: 0.3337
gefcom_wind_san+cov_patchtstcov_336_0 L=336: 0.5222
gefcom_wind_san+cov_patchtstcov_336_1 L=336: 0.5269
gefcom_wind_san+cov_patchtstcov_336_2 L=336: 0.5534
gefcom_wind_san+cov_patchtstcov_336_3 L=336: 0.4966
gefcom_wind_san+cov_patchtstcov_336_4 L=336: 0.5287
gefcom_wind_fan+cov_patchtstcov_336_0 L=336: 0.6432
gefcom_wind_fan+cov_patchtstcov_336_1 L=336: 0.6664
gefcom_wind_fan+cov_patchtstcov_336_2 L=336: 0.6484
gefcom_wind_fan+cov_patchtstcov_336_3 L=336: 0.6715
gefcom_wind_fan+cov_patchtstcov_336_4 L=336: 0.6697
gefcom_wind_condnorm+cov_patchtstcov_336_0 L=336: 0.1701
gefcom_wind_condnorm+cov_patchtstcov_336_1 L=336: 0.1658
gefcom_wind_condnorm+cov_patchtstcov_336_2 L=336: 0.1656
gefcom_wind_condnorm+cov_patchtstcov_336_3 L=336: 0.1668
gefcom_wind_condnorm+cov_patchtstcov_336_4 L=336: 0.1659
gefcom_load_raw+cov_patchtstcov_24_0 L=192: 0.1876
gefcom_load_raw+cov_patchtstcov_24_1 L=192: 0.2055
gefcom_load_raw+cov_patchtstcov_24_2 L=192: 0.2018
gefcom_load_raw+cov_patchtstcov_24_3 L=192: 0.1813
gefcom_load_raw+cov_patchtstcov_24_4 L=192: 0.1968
gefcom_load_revin+cov_patchtstcov_24_0 L=192: 0.1656
gefcom_load_revin+cov_patchtstcov_24_1 L=192: 0.1739
gefcom_load_revin+cov_patchtstcov_24_2 L=192: 0.1706
gefcom_load_revin+cov_patchtstcov_24_3 L=192: 0.1653
gefcom_load_revin+cov_patchtstcov_24_4 L=192: 0.1673
gefcom_load_san+cov_patchtstcov_24_0 L=192: 0.1596
gefcom_load_san+cov_patchtstcov_24_1 L=192: 0.1540
gefcom_load_san+cov_patchtstcov_24_2 L=192: 0.1552
gefcom_load_san+cov_patchtstcov_24_3 L=192: 0.1533
gefcom_load_san+cov_patchtstcov_24_4 L=192: 0.1594
gefcom_load_fan+cov_patchtstcov_24_0 L=192: 0.1583
gefcom_load_fan+cov_patchtstcov_24_1 L=192: 0.1572
gefcom_load_fan+cov_patchtstcov_24_2 L=192: 0.1578
gefcom_load_fan+cov_patchtstcov_24_3 L=192: 0.1562
gefcom_load_fan+cov_patchtstcov_24_4 L=192: 0.1578
gefcom_load_condnorm+cov_patchtstcov_24_0 L=192: 0.0886
gefcom_load_condnorm+cov_patchtstcov_24_1 L=192: 0.0888
gefcom_load_condnorm+cov_patchtstcov_24_2 L=192: 0.0866
gefcom_load_condnorm+cov_patchtstcov_24_3 L=192: 0.0891
gefcom_load_condnorm+cov_patchtstcov_24_4 L=192: 0.0869
gefcom_load_raw+cov_patchtstcov_96_0 L=192: 0.3675
gefcom_load_raw+cov_patchtstcov_96_1 L=192: 0.3742
gefcom_load_raw+cov_patchtstcov_96_2 L=192: 0.3685
gefcom_load_raw+cov_patchtstcov_96_3 L=192: 0.3620
gefcom_load_raw+cov_patchtstcov_96_4 L=192: 0.3675
gefcom_load_revin+cov_patchtstcov_96_0 L=192: 0.3408
gefcom_load_revin+cov_patchtstcov_96_1 L=192: 0.3460
gefcom_load_revin+cov_patchtstcov_96_2 L=192: 0.3516
gefcom_load_revin+cov_patchtstcov_96_3 L=192: 0.3437
gefcom_load_revin+cov_patchtstcov_96_4 L=192: 0.3500
gefcom_load_san+cov_patchtstcov_96_0 L=192: 0.3377
gefcom_load_san+cov_patchtstcov_96_1 L=192: 0.3397
gefcom_load_san+cov_patchtstcov_96_2 L=192: 0.3413
gefcom_load_san+cov_patchtstcov_96_3 L=192: 0.3359
gefcom_load_san+cov_patchtstcov_96_4 L=192: 0.3447
gefcom_load_fan+cov_patchtstcov_96_0 L=192: 0.3346
gefcom_load_fan+cov_patchtstcov_96_1 L=192: 0.3382
gefcom_load_fan+cov_patchtstcov_96_2 L=192: 0.3305
gefcom_load_fan+cov_patchtstcov_96_3 L=192: 0.3347
gefcom_load_fan+cov_patchtstcov_96_4 L=192: 0.3342
gefcom_load_condnorm+cov_patchtstcov_96_0 L=192: 0.1102
gefcom_load_condnorm+cov_patchtstcov_96_1 L=192: 0.1109
gefcom_load_condnorm+cov_patchtstcov_96_2 L=192: 0.1102
gefcom_load_condnorm+cov_patchtstcov_96_3 L=192: 0.1095
gefcom_load_condnorm+cov_patchtstcov_96_4 L=192: 0.1092
gefcom_load_raw+cov_patchtstcov_336_0 L=192: 0.5094
gefcom_load_raw+cov_patchtstcov_336_1 L=192: 0.5079
gefcom_load_raw+cov_patchtstcov_336_2 L=192: 0.5024
gefcom_load_raw+cov_patchtstcov_336_3 L=192: 0.4888
gefcom_load_raw+cov_patchtstcov_336_4 L=192: 0.5111
gefcom_load_revin+cov_patchtstcov_336_0 L=192: 0.4688
gefcom_load_revin+cov_patchtstcov_336_1 L=192: 0.4864
gefcom_load_revin+cov_patchtstcov_336_2 L=192: 0.4912
gefcom_load_revin+cov_patchtstcov_336_3 L=192: 0.4716
gefcom_load_revin+cov_patchtstcov_336_4 L=192: 0.4834
gefcom_load_san+cov_patchtstcov_336_0 L=192: 0.4601
gefcom_load_san+cov_patchtstcov_336_1 L=192: 0.4570
gefcom_load_san+cov_patchtstcov_336_2 L=192: 0.4619
gefcom_load_san+cov_patchtstcov_336_3 L=192: 0.4526
gefcom_load_san+cov_patchtstcov_336_4 L=192: 0.4600
gefcom_load_fan+cov_patchtstcov_336_0 L=192: 0.4671
gefcom_load_fan+cov_patchtstcov_336_1 L=192: 0.4666
gefcom_load_fan+cov_patchtstcov_336_2 L=192: 0.4618
gefcom_load_fan+cov_patchtstcov_336_3 L=192: 0.4849
gefcom_load_fan+cov_patchtstcov_336_4 L=192: 0.4518
gefcom_load_condnorm+cov_patchtstcov_336_0 L=192: 0.1209
gefcom_load_condnorm+cov_patchtstcov_336_1 L=192: 0.1178
gefcom_load_condnorm+cov_patchtstcov_336_2 L=192: 0.1214
gefcom_load_condnorm+cov_patchtstcov_336_3 L=192: 0.1172
gefcom_load_condnorm+cov_patchtstcov_336_4 L=192: 0.1212
gefcom_solar_raw+cov_patchtstcov_24_0 L=96: 0.1251
gefcom_solar_raw+cov_patchtstcov_24_1 L=96: 0.1244
gefcom_solar_raw+cov_patchtstcov_24_2 L=96: 0.1251
gefcom_solar_raw+cov_patchtstcov_24_3 L=96: 0.1224
gefcom_solar_raw+cov_patchtstcov_24_4 L=96: 0.1252
gefcom_solar_revin+cov_patchtstcov_24_0 L=96: 0.1397
gefcom_solar_revin+cov_patchtstcov_24_1 L=96: 0.1392
gefcom_solar_revin+cov_patchtstcov_24_2 L=96: 0.1405
gefcom_solar_revin+cov_patchtstcov_24_3 L=96: 0.1375
gefcom_solar_revin+cov_patchtstcov_24_4 L=96: 0.1415
gefcom_solar_san+cov_patchtstcov_24_0 L=96: 0.1330
gefcom_solar_san+cov_patchtstcov_24_1 L=96: 0.9448
gefcom_solar_san+cov_patchtstcov_24_2 L=96: 0.1343
gefcom_solar_san+cov_patchtstcov_24_3 L=96: 0.1316
gefcom_solar_san+cov_patchtstcov_24_4 L=96: 0.1312
gefcom_solar_fan+cov_patchtstcov_24_0 L=96: 0.1351
gefcom_solar_fan+cov_patchtstcov_24_1 L=96: 0.1388
gefcom_solar_fan+cov_patchtstcov_24_2 L=96: 0.1361
gefcom_solar_fan+cov_patchtstcov_24_3 L=96: 0.1358
gefcom_solar_fan+cov_patchtstcov_24_4 L=96: 0.1383
gefcom_solar_condnorm+cov_patchtstcov_24_0 L=96: 0.0563
gefcom_solar_condnorm+cov_patchtstcov_24_1 L=96: 0.0563
gefcom_solar_condnorm+cov_patchtstcov_24_2 L=96: 0.0565
gefcom_solar_condnorm+cov_patchtstcov_24_3 L=96: 0.0564
gefcom_solar_condnorm+cov_patchtstcov_24_4 L=96: 0.0566
gefcom_solar_raw+cov_patchtstcov_96_0 L=96: 0.1209
gefcom_solar_raw+cov_patchtstcov_96_1 L=96: 0.1219
gefcom_solar_raw+cov_patchtstcov_96_2 L=96: 0.1247
gefcom_solar_raw+cov_patchtstcov_96_3 L=96: 0.1229
gefcom_solar_raw+cov_patchtstcov_96_4 L=96: 0.1216
gefcom_solar_revin+cov_patchtstcov_96_0 L=96: 0.1392
gefcom_solar_revin+cov_patchtstcov_96_1 L=96: 0.1406
gefcom_solar_revin+cov_patchtstcov_96_2 L=96: 0.1386
gefcom_solar_revin+cov_patchtstcov_96_3 L=96: 0.1406
gefcom_solar_revin+cov_patchtstcov_96_4 L=96: 0.1407
gefcom_solar_san+cov_patchtstcov_96_0 L=96: 0.1348
gefcom_solar_san+cov_patchtstcov_96_1 L=96: 0.1359
gefcom_solar_san+cov_patchtstcov_96_2 L=96: 0.1346
gefcom_solar_san+cov_patchtstcov_96_3 L=96: 0.1348
gefcom_solar_san+cov_patchtstcov_96_4 L=96: 0.1337
gefcom_solar_fan+cov_patchtstcov_96_0 L=96: 0.1505
gefcom_solar_fan+cov_patchtstcov_96_1 L=96: 0.1520
gefcom_solar_fan+cov_patchtstcov_96_2 L=96: 0.1500
gefcom_solar_fan+cov_patchtstcov_96_3 L=96: 0.1518
gefcom_solar_fan+cov_patchtstcov_96_4 L=96: 0.1512
gefcom_solar_condnorm+cov_patchtstcov_96_0 L=96: 0.0566
gefcom_solar_condnorm+cov_patchtstcov_96_1 L=96: 0.0567
gefcom_solar_condnorm+cov_patchtstcov_96_2 L=96: 0.0566
gefcom_solar_condnorm+cov_patchtstcov_96_3 L=96: 0.0565
gefcom_solar_condnorm+cov_patchtstcov_96_4 L=96: 0.0566
gefcom_solar_raw+cov_patchtstcov_336_0 L=336: 0.1342
gefcom_solar_raw+cov_patchtstcov_336_1 L=336: 0.1332
gefcom_solar_raw+cov_patchtstcov_336_2 L=336: 0.1332
gefcom_solar_raw+cov_patchtstcov_336_3 L=336: 0.1342
gefcom_solar_raw+cov_patchtstcov_336_4 L=336: 0.1340
gefcom_solar_revin+cov_patchtstcov_336_0 L=336: 0.1403
gefcom_solar_revin+cov_patchtstcov_336_1 L=336: 0.1420
gefcom_solar_revin+cov_patchtstcov_336_2 L=336: 0.1421
gefcom_solar_revin+cov_patchtstcov_336_3 L=336: 0.1410
gefcom_solar_revin+cov_patchtstcov_336_4 L=336: 0.1434
gefcom_solar_san+cov_patchtstcov_336_0 L=336: 0.1457
gefcom_solar_san+cov_patchtstcov_336_1 L=336: 0.1470
gefcom_solar_san+cov_patchtstcov_336_2 L=336: 0.1437
gefcom_solar_san+cov_patchtstcov_336_3 L=336: 0.1466
gefcom_solar_san+cov_patchtstcov_336_4 L=336: 0.1447
gefcom_solar_fan+cov_patchtstcov_336_0 L=336: 0.1443
gefcom_solar_fan+cov_patchtstcov_336_1 L=336: 0.1436
gefcom_solar_fan+cov_patchtstcov_336_2 L=336: 0.1434
gefcom_solar_fan+cov_patchtstcov_336_3 L=336: 0.1443
gefcom_solar_fan+cov_patchtstcov_336_4 L=336: 0.1441
gefcom_solar_condnorm+cov_patchtstcov_336_0 L=336: 0.0575
gefcom_solar_condnorm+cov_patchtstcov_336_1 L=336: 0.0574
gefcom_solar_condnorm+cov_patchtstcov_336_2 L=336: 0.0575
gefcom_solar_condnorm+cov_patchtstcov_336_3 L=336: 0.0574
gefcom_solar_condnorm+cov_patchtstcov_336_4 L=336: 0.0576
covfair-full complete
