jeju_wind_raw+cov_segrnncov_24_0 L=720: 0.2588
jeju_wind_raw+cov_segrnncov_24_1 L=720: 0.2583
jeju_wind_raw+cov_segrnncov_24_2 L=720: 0.2505
jeju_wind_raw+cov_segrnncov_24_3 L=720: 0.2713
jeju_wind_raw+cov_segrnncov_24_4 L=720: 0.2381
jeju_wind_revin+cov_segrnncov_24_0 L=720: 0.2551
jeju_wind_revin+cov_segrnncov_24_1 L=720: 0.2539
jeju_wind_revin+cov_segrnncov_24_2 L=720: 0.2611
jeju_wind_revin+cov_segrnncov_24_3 L=720: 0.2832
jeju_wind_revin+cov_segrnncov_24_4 L=720: 0.2581
jeju_wind_san+cov_segrnncov_24_0 L=720: 0.3870
jeju_wind_san+cov_segrnncov_24_1 L=720: 0.3866
jeju_wind_san+cov_segrnncov_24_2 L=720: 0.3979
jeju_wind_san+cov_segrnncov_24_3 L=720: 0.3873
jeju_wind_san+cov_segrnncov_24_4 L=720: 0.3553
jeju_wind_fan+cov_segrnncov_24_0 L=720: 0.5699
jeju_wind_fan+cov_segrnncov_24_1 L=720: 0.5835
jeju_wind_fan+cov_segrnncov_24_2 L=720: 0.5599
jeju_wind_fan+cov_segrnncov_24_3 L=720: 0.5728
jeju_wind_fan+cov_segrnncov_24_4 L=720: 0.5309
jeju_wind_condnorm+cov_segrnncov_24_0 L=720: 0.2839
jeju_wind_condnorm+cov_segrnncov_24_1 L=720: 0.2807
jeju_wind_condnorm+cov_segrnncov_24_2 L=720: 0.2816
jeju_wind_condnorm+cov_segrnncov_24_3 L=720: 0.2813
jeju_wind_condnorm+cov_segrnncov_24_4 L=720: 0.2789
jeju_wind_raw+cov_segrnncov_48_0 L=720: 0.2826
jeju_wind_raw+cov_segrnncov_48_1 L=720: 0.2590
jeju_wind_raw+cov_segrnncov_48_2 L=720: 0.2676
jeju_wind_raw+cov_segrnncov_48_3 L=720: 0.2683
jeju_wind_raw+cov_segrnncov_48_4 L=720: 0.2605
jeju_wind_revin+cov_segrnncov_48_0 L=720: 0.2822
jeju_wind_revin+cov_segrnncov_48_1 L=720: 0.2860
jeju_wind_revin+cov_segrnncov_48_2 L=720: 0.2784
jeju_wind_revin+cov_segrnncov_48_3 L=720: 0.2764
jeju_wind_revin+cov_segrnncov_48_4 L=720: 0.2830
jeju_wind_san+cov_segrnncov_48_0 L=720: 0.4348
jeju_wind_san+cov_segrnncov_48_1 L=720: 0.4006
jeju_wind_san+cov_segrnncov_48_2 L=720: 0.3891
jeju_wind_san+cov_segrnncov_48_3 L=720: 0.4166
jeju_wind_san+cov_segrnncov_48_4 L=720: 0.4050
jeju_wind_fan+cov_segrnncov_48_0 L=720: 0.6158
jeju_wind_fan+cov_segrnncov_48_1 L=720: 0.5786
jeju_wind_fan+cov_segrnncov_48_2 L=720: 0.6029
jeju_wind_fan+cov_segrnncov_48_3 L=720: 0.5907
jeju_wind_fan+cov_segrnncov_48_4 L=720: 0.6277
jeju_wind_condnorm+cov_segrnncov_48_0 L=720: 0.2810
jeju_wind_condnorm+cov_segrnncov_48_1 L=720: 0.2826
