[1] gefcom_load_condnorm_timexer_ms_24_2 L=192: mse=0.0843 (7.4s)
[2] gefcom_load_condnorm_timexer_ms_24_3 L=192: mse=0.0838 (5.97s)
[3] gefcom_load_condnorm_timexer_ms_24_4 L=192: mse=0.0840 (6.5s)
[4] gefcom_load_raw_timexer_ms_24_0 L=192: mse=0.1559 (6.5s)
[5] gefcom_load_raw_timexer_ms_24_1 L=192: mse=0.1589 (6.49s)
[6] gefcom_load_raw_timexer_ms_24_2 L=192: mse=0.1647 (6.52s)
[7] gefcom_load_raw_timexer_ms_24_3 L=192: mse=0.1603 (6.5s)
[8] gefcom_load_raw_timexer_ms_24_4 L=192: mse=0.1655 (6.5s)
[9] gefcom_load_san_timexer_ms_24_0 L=192: mse=0.1503 (7.55s)
[10] gefcom_load_san_timexer_ms_24_1 L=192: mse=0.1499 (7.56s)
[11] gefcom_load_san_timexer_ms_24_2 L=192: mse=0.1497 (7.56s)
[12] gefcom_load_san_timexer_ms_24_3 L=192: mse=0.1473 (7.55s)
[13] gefcom_load_san_timexer_ms_24_4 L=192: mse=0.1488 (7.54s)
[14] gefcom_load_fan_timexer_ms_24_0 L=192: mse=0.1652 (7.12s)
[15] gefcom_load_fan_timexer_ms_24_1 L=192: mse=0.1656 (7.08s)
[16] gefcom_load_fan_timexer_ms_24_2 L=192: mse=0.1687 (7.09s)
[17] gefcom_load_fan_timexer_ms_24_3 L=192: mse=0.1648 (7.08s)
[18] gefcom_load_fan_timexer_ms_24_4 L=192: mse=0.1678 (7.08s)
[19] gefcom_load_revin_timexer_ms_96_0 L=192: mse=0.3467 (6.62s)
[20] gefcom_load_revin_timexer_ms_96_1 L=192: mse=0.3457 (6.1s)
[21] gefcom_load_revin_timexer_ms_96_2 L=192: mse=0.3433 (6.65s)
[22] gefcom_load_revin_timexer_ms_96_3 L=192: mse=0.3455 (5.01s)
[23] gefcom_load_revin_timexer_ms_96_4 L=192: mse=0.3486 (5.56s)
[24] gefcom_load_condnorm_timexer_ms_96_0 L=192: mse=0.1077 (4.35s)
[25] gefcom_load_condnorm_timexer_ms_96_1 L=192: mse=0.1070 (5.41s)
[26] gefcom_load_condnorm_timexer_ms_96_2 L=192: mse=0.1077 (4.87s)
[27] gefcom_load_condnorm_timexer_ms_96_3 L=192: mse=0.1076 (4.34s)
[28] gefcom_load_condnorm_timexer_ms_96_4 L=192: mse=0.1074 (3.8s)
[29] gefcom_load_raw_timexer_ms_96_0 L=192: mse=0.3815 (6.48s)
[30] gefcom_load_raw_timexer_ms_96_1 L=192: mse=0.3644 (5.95s)
[31] gefcom_load_raw_timexer_ms_96_2 L=192: mse=0.3754 (3.28s)
[32] gefcom_load_raw_timexer_ms_96_3 L=192: mse=0.3841 (6.49s)
[33] gefcom_load_raw_timexer_ms_96_4 L=192: mse=0.3744 (6.47s)
[34] gefcom_load_san_timexer_ms_96_0 L=192: mse=0.3437 (7.6s)
[35] gefcom_load_san_timexer_ms_96_1 L=192: mse=0.3566 (3.0s)
[36] gefcom_load_san_timexer_ms_96_2 L=192: mse=0.3423 (7.58s)
[37] gefcom_load_san_timexer_ms_96_3 L=192: mse=0.3454 (7.63s)
[38] gefcom_load_san_timexer_ms_96_4 L=192: mse=0.3420 (7.63s)
[39] gefcom_load_fan_timexer_ms_96_0 L=192: mse=0.3530 (7.02s)
[40] gefcom_load_fan_timexer_ms_96_1 L=192: mse=0.3558 (7.03s)
[41] gefcom_load_fan_timexer_ms_96_2 L=192: mse=0.3510 (7.03s)
[42] gefcom_load_fan_timexer_ms_96_3 L=192: mse=0.3552 (7.03s)
[43] gefcom_load_fan_timexer_ms_96_4 L=192: mse=0.3526 (7.04s)
[44] gefcom_load_revin_timexer_ms_336_0 L=192: mse=0.4703 (6.24s)
[45] gefcom_load_revin_timexer_ms_336_1 L=192: mse=0.4765 (5.13s)
[46] gefcom_load_revin_timexer_ms_336_2 L=192: mse=0.4683 (6.81s)
[47] gefcom_load_revin_timexer_ms_336_3 L=192: mse=0.4781 (4.57s)
[48] gefcom_load_revin_timexer_ms_336_4 L=192: mse=0.4807 (5.69s)
[49] gefcom_load_condnorm_timexer_ms_336_0 L=192: mse=0.1191 (4.42s)
[50] gefcom_load_condnorm_timexer_ms_336_1 L=192: mse=0.1210 (2.24s)
[51] gefcom_load_condnorm_timexer_ms_336_2 L=192: mse=0.1204 (2.79s)
[52] gefcom_load_condnorm_timexer_ms_336_3 L=192: mse=0.1209 (2.79s)
[53] gefcom_load_condnorm_timexer_ms_336_4 L=192: mse=0.1210 (2.79s)
[54] gefcom_load_raw_timexer_ms_336_0 L=192: mse=0.5209 (2.78s)
[55] gefcom_load_raw_timexer_ms_336_1 L=192: mse=0.5257 (3.87s)
[56] gefcom_load_raw_timexer_ms_336_2 L=192: mse=0.5371 (4.96s)
[57] gefcom_load_raw_timexer_ms_336_3 L=192: mse=0.5222 (2.79s)
[58] gefcom_load_raw_timexer_ms_336_4 L=192: mse=0.5347 (4.42s)
[59] gefcom_load_san_timexer_ms_336_0 L=192: mse=0.4733 (7.78s)
[60] gefcom_load_san_timexer_ms_336_1 L=192: mse=0.4775 (7.77s)
[61] gefcom_load_san_timexer_ms_336_2 L=192: mse=0.4807 (7.17s)
[62] gefcom_load_san_timexer_ms_336_3 L=192: mse=0.4758 (7.76s)
[63] gefcom_load_san_timexer_ms_336_4 L=192: mse=0.4744 (7.76s)
[64] gefcom_load_fan_timexer_ms_336_0 L=192: mse=0.5115 (7.24s)
[65] gefcom_load_fan_timexer_ms_336_1 L=192: mse=0.5128 (7.24s)
[66] gefcom_load_fan_timexer_ms_336_2 L=192: mse=0.5063 (7.21s)
[67] gefcom_load_fan_timexer_ms_336_3 L=192: mse=0.5121 (7.26s)
[68] gefcom_load_fan_timexer_ms_336_4 L=192: mse=0.5089 (7.22s)
[69] gefcom_solar_revin_timexer_ms_24_0 L=96: mse=0.1601 (1.92s)
[70] gefcom_solar_revin_timexer_ms_24_1 L=96: mse=0.1586 (1.96s)
[71] gefcom_solar_revin_timexer_ms_24_2 L=96: mse=0.1593 (1.96s)
[72] gefcom_solar_revin_timexer_ms_24_3 L=96: mse=0.1625 (1.96s)
[73] gefcom_solar_revin_timexer_ms_24_4 L=96: mse=0.1659 (1.8s)
[74] gefcom_solar_condnorm_timexer_ms_24_0 L=96: mse=0.0568 (0.97s)
[75] gefcom_solar_condnorm_timexer_ms_24_1 L=96: mse=0.0568 (0.97s)
[76] gefcom_solar_condnorm_timexer_ms_24_2 L=96: mse=0.0569 (0.97s)
[77] gefcom_solar_condnorm_timexer_ms_24_3 L=96: mse=0.0570 (0.81s)
[78] gefcom_solar_condnorm_timexer_ms_24_4 L=96: mse=0.0569 (0.81s)
[79] gefcom_solar_raw_timexer_ms_24_0 L=96: mse=0.1613 (1.9s)
[80] gefcom_solar_raw_timexer_ms_24_1 L=96: mse=0.1585 (1.9s)
[81] gefcom_solar_raw_timexer_ms_24_2 L=96: mse=0.1603 (1.9s)
[82] gefcom_solar_raw_timexer_ms_24_3 L=96: mse=0.1618 (1.9s)
[83] gefcom_solar_raw_timexer_ms_24_4 L=96: mse=0.1595 (1.9s)
[84] gefcom_solar_san_timexer_ms_24_0 L=96: mse=0.1710 (1.26s)
[85] gefcom_solar_san_timexer_ms_24_1 L=96: mse=0.9451 (2.24s)
[86] gefcom_solar_san_timexer_ms_24_2 L=96: mse=0.1731 (1.55s)
[87] gefcom_solar_san_timexer_ms_24_3 L=96: mse=0.1668 (1.72s)
[88] gefcom_solar_san_timexer_ms_24_4 L=96: mse=0.1635 (2.23s)
[89] gefcom_solar_fan_timexer_ms_24_0 L=96: mse=0.1768 (2.19s)
[90] gefcom_solar_fan_timexer_ms_24_1 L=96: mse=0.1811 (2.18s)
[91] gefcom_solar_fan_timexer_ms_24_2 L=96: mse=0.1758 (2.15s)
[92] gefcom_solar_fan_timexer_ms_24_3 L=96: mse=0.1807 (2.08s)
[93] gefcom_solar_fan_timexer_ms_24_4 L=96: mse=0.1775 (2.09s)
[94] gefcom_solar_revin_timexer_ms_96_0 L=336: mse=0.1785 (2.64s)
[95] gefcom_solar_revin_timexer_ms_96_1 L=336: mse=0.1809 (2.74s)
[96] gefcom_solar_revin_timexer_ms_96_2 L=336: mse=0.1811 (2.99s)
[97] gefcom_solar_revin_timexer_ms_96_3 L=336: mse=0.1826 (2.5s)
[98] gefcom_solar_revin_timexer_ms_96_4 L=336: mse=0.1823 (2.27s)
[99] gefcom_solar_condnorm_timexer_ms_96_0 L=336: mse=0.0567 (1.72s)
[100] gefcom_solar_condnorm_timexer_ms_96_1 L=336: mse=0.0567 (1.72s)
[101] gefcom_solar_condnorm_timexer_ms_96_2 L=336: mse=0.0568 (1.72s)
[102] gefcom_solar_condnorm_timexer_ms_96_3 L=336: mse=0.0567 (1.73s)
[103] gefcom_solar_condnorm_timexer_ms_96_4 L=336: mse=0.0568 (1.5s)
[104] gefcom_solar_raw_timexer_ms_96_0 L=336: mse=0.1826 (2.65s)
[105] gefcom_solar_raw_timexer_ms_96_1 L=336: mse=0.1823 (2.66s)
[106] gefcom_solar_raw_timexer_ms_96_2 L=336: mse=0.1837 (2.42s)
[107] gefcom_solar_raw_timexer_ms_96_3 L=336: mse=0.1838 (2.44s)
[108] gefcom_solar_raw_timexer_ms_96_4 L=336: mse=0.1854 (2.19s)
[109] gefcom_solar_san_timexer_ms_96_0 L=336: mse=0.1869 (2.32s)
[110] gefcom_solar_san_timexer_ms_96_1 L=336: mse=0.1888 (2.32s)
[111] gefcom_solar_san_timexer_ms_96_2 L=336: mse=0.1852 (2.33s)
[112] gefcom_solar_san_timexer_ms_96_3 L=336: mse=0.3826 (1.8s)
[113] gefcom_solar_san_timexer_ms_96_4 L=336: mse=0.1867 (1.8s)
[114] gefcom_solar_fan_timexer_ms_96_0 L=336: mse=0.1912 (3.17s)
[115] gefcom_solar_fan_timexer_ms_96_1 L=336: mse=0.1929 (3.17s)
[116] gefcom_solar_fan_timexer_ms_96_2 L=336: mse=0.1914 (3.17s)
[117] gefcom_solar_fan_timexer_ms_96_3 L=336: mse=0.1897 (3.17s)
[118] gefcom_solar_fan_timexer_ms_96_4 L=336: mse=0.1906 (3.17s)
[119] gefcom_solar_revin_timexer_ms_336_0 L=336: mse=0.1890 (2.88s)
[120] gefcom_solar_revin_timexer_ms_336_1 L=336: mse=0.1925 (2.0s)
[121] gefcom_solar_revin_timexer_ms_336_2 L=336: mse=0.1912 (2.47s)
[122] gefcom_solar_revin_timexer_ms_336_3 L=336: mse=0.1934 (2.24s)
[123] gefcom_solar_revin_timexer_ms_336_4 L=336: mse=0.1890 (2.95s)
[124] gefcom_solar_condnorm_timexer_ms_336_0 L=336: mse=0.0574 (1.47s)
[125] gefcom_solar_condnorm_timexer_ms_336_1 L=336: mse=0.0574 (1.48s)
[126] gefcom_solar_condnorm_timexer_ms_336_2 L=336: mse=0.0574 (1.73s)
[127] gefcom_solar_condnorm_timexer_ms_336_3 L=336: mse=0.0574 (1.71s)
[128] gefcom_solar_condnorm_timexer_ms_336_4 L=336: mse=0.0574 (1.48s)
[129] gefcom_solar_raw_timexer_ms_336_0 L=336: mse=0.1919 (2.42s)
[130] gefcom_solar_raw_timexer_ms_336_1 L=336: mse=0.1926 (1.94s)
[131] gefcom_solar_raw_timexer_ms_336_2 L=336: mse=0.1890 (2.87s)
[132] gefcom_solar_raw_timexer_ms_336_3 L=336: mse=0.1930 (2.19s)
[133] gefcom_solar_raw_timexer_ms_336_4 L=336: mse=0.1899 (2.88s)
[134] gefcom_solar_san_timexer_ms_336_0 L=336: mse=0.1974 (2.84s)
[135] gefcom_solar_san_timexer_ms_336_1 L=336: mse=0.1976 (2.06s)
[136] gefcom_solar_san_timexer_ms_336_2 L=336: mse=0.1977 (1.79s)
[137] gefcom_solar_san_timexer_ms_336_3 L=336: mse=0.1980 (2.58s)
[138] gefcom_solar_san_timexer_ms_336_4 L=336: mse=0.1967 (2.05s)
[139] gefcom_solar_fan_timexer_ms_336_0 L=336: mse=0.2022 (3.18s)
[140] gefcom_solar_fan_timexer_ms_336_1 L=336: mse=0.2035 (3.18s)
[141] gefcom_solar_fan_timexer_ms_336_2 L=336: mse=0.2028 (3.18s)
[142] gefcom_solar_fan_timexer_ms_336_3 L=336: mse=0.2033 (3.18s)
[143] gefcom_solar_fan_timexer_ms_336_4 L=336: mse=0.2049 (3.18s)
grid pass complete
