[1] etth1_revin_timexer_24_0 L=96: mse=0.3098 (3.81s)
[2] etth1_revin_timexer_24_1 L=96: mse=0.3086 (4.21s)
[3] etth1_revin_timexer_24_2 L=96: mse=0.3085 (4.24s)
[4] etth1_revin_timexer_24_3 L=96: mse=0.3075 (4.21s)
[5] etth1_revin_timexer_24_4 L=96: mse=0.3086 (4.21s)
[6] etth1_condnorm_timexer_24_0 L=96: mse=1.5799 (1.46s)
[7] etth1_condnorm_timexer_24_1 L=96: mse=1.5627 (1.44s)
[8] etth1_condnorm_timexer_24_2 L=96: mse=1.5372 (1.45s)
[9] etth1_condnorm_timexer_24_3 L=96: mse=1.5779 (1.44s)
[10] etth1_condnorm_timexer_24_4 L=96: mse=1.5523 (1.44s)
[11] etth1_raw_timexer_24_0 L=96: mse=0.3231 (4.14s)
[12] etth1_raw_timexer_24_1 L=96: mse=0.3176 (4.14s)
[13] etth1_raw_timexer_24_2 L=96: mse=0.3200 (4.15s)
[14] etth1_raw_timexer_24_3 L=96: mse=0.3203 (4.15s)
[15] etth1_raw_timexer_24_4 L=96: mse=0.3188 (4.16s)
[16] etth1_san_timexer_24_0 L=96: mse=0.3228 (4.46s)
[17] etth1_san_timexer_24_1 L=96: mse=0.3247 (4.45s)
[18] etth1_san_timexer_24_2 L=96: mse=0.3322 (4.44s)
[19] etth1_san_timexer_24_3 L=96: mse=0.3198 (4.45s)
[20] etth1_san_timexer_24_4 L=96: mse=0.3220 (4.44s)
[21] etth1_fan_timexer_24_0 L=96: mse=0.3576 (4.37s)
[22] etth1_fan_timexer_24_1 L=96: mse=0.3615 (4.33s)
[23] etth1_fan_timexer_24_2 L=96: mse=0.3573 (4.33s)
[24] etth1_fan_timexer_24_3 L=96: mse=0.3630 (4.34s)
[25] etth1_fan_timexer_24_4 L=96: mse=0.3604 (4.35s)
[26] etth1_revin_timexer_96_0 L=336: mse=0.3955 (12.4s)
[27] etth1_revin_timexer_96_1 L=336: mse=0.3940 (12.42s)
[28] etth1_revin_timexer_96_2 L=336: mse=0.3908 (11.4s)
[29] etth1_revin_timexer_96_3 L=336: mse=0.3972 (12.42s)
[30] etth1_revin_timexer_96_4 L=336: mse=0.3923 (12.42s)
[31] etth1_condnorm_timexer_96_0 L=336: mse=1.4455 (4.17s)
[32] etth1_condnorm_timexer_96_1 L=336: mse=1.4627 (4.17s)
[33] etth1_condnorm_timexer_96_2 L=336: mse=1.4595 (4.18s)
[34] etth1_condnorm_timexer_96_3 L=336: mse=1.4674 (4.17s)
[35] etth1_condnorm_timexer_96_4 L=336: mse=1.4774 (4.17s)
[36] etth1_raw_timexer_96_0 L=336: mse=0.3913 (9.27s)
[37] etth1_raw_timexer_96_1 L=336: mse=0.4009 (8.25s)
[38] etth1_raw_timexer_96_2 L=336: mse=0.3925 (9.27s)
[39] etth1_raw_timexer_96_3 L=336: mse=0.3978 (11.3s)
[40] etth1_raw_timexer_96_4 L=336: mse=0.3921 (9.27s)
[41] etth1_san_timexer_96_0 L=336: mse=0.4011 (12.8s)
[42] etth1_san_timexer_96_1 L=336: mse=0.3980 (12.81s)
[43] etth1_san_timexer_96_2 L=336: mse=0.3937 (10.72s)
[44] etth1_san_timexer_96_3 L=336: mse=0.4025 (12.81s)
[45] etth1_san_timexer_96_4 L=336: mse=0.3986 (12.81s)
[46] etth1_fan_timexer_96_0 L=336: mse=0.4269 (12.52s)
[47] etth1_fan_timexer_96_1 L=336: mse=0.4275 (12.52s)
[48] etth1_fan_timexer_96_2 L=336: mse=0.4269 (12.52s)
[49] etth1_fan_timexer_96_3 L=336: mse=0.4268 (12.52s)
[50] etth1_fan_timexer_96_4 L=336: mse=0.4295 (12.52s)
[51] etth1_revin_timexer_336_0 L=336: mse=0.4373 (7.13s)
[52] etth1_revin_timexer_336_1 L=336: mse=0.4350 (7.14s)
[53] etth1_revin_timexer_336_2 L=336: mse=0.4415 (7.14s)
[54] etth1_revin_timexer_336_3 L=336: mse=0.4479 (8.15s)
[55] etth1_revin_timexer_336_4 L=336: mse=0.4322 (8.15s)
[56] etth1_condnorm_timexer_336_0 L=336: mse=1.4212 (4.09s)
[57] etth1_condnorm_timexer_336_1 L=336: mse=1.4261 (4.1s)
[58] etth1_condnorm_timexer_336_2 L=336: mse=1.4218 (4.09s)
[59] etth1_condnorm_timexer_336_3 L=336: mse=1.4184 (4.09s)
[60] etth1_condnorm_timexer_336_4 L=336: mse=1.4219 (4.09s)
[61] etth1_raw_timexer_336_0 L=336: mse=0.4757 (5.09s)
[62] etth1_raw_timexer_336_1 L=336: mse=0.4744 (5.09s)
[63] etth1_raw_timexer_336_2 L=336: mse=0.4695 (5.08s)
[64] etth1_raw_timexer_336_3 L=336: mse=0.4782 (5.09s)
[65] etth1_raw_timexer_336_4 L=336: mse=0.4710 (6.09s)
[66] etth1_san_timexer_336_0 L=336: mse=0.4425 (10.5s)
[67] etth1_san_timexer_336_1 L=336: mse=0.4430 (8.45s)
[68] etth1_san_timexer_336_2 L=336: mse=0.4483 (10.5s)
[69] etth1_san_timexer_336_3 L=336: mse=0.4488 (11.52s)
[70] etth1_san_timexer_336_4 L=336: mse=0.4436 (9.47s)
[71] etth1_fan_timexer_336_0 L=336: mse=0.5083 (12.31s)
[72] etth1_fan_timexer_336_1 L=336: mse=0.5057 (12.3s)
[73] etth1_fan_timexer_336_2 L=336: mse=0.5036 (12.31s)
[74] etth1_fan_timexer_336_3 L=336: mse=0.4958 (12.3s)
[75] etth1_fan_timexer_336_4 L=336: mse=0.5130 (12.3s)
[76] etth2_revin_timexer_24_0 L=192: mse=0.1709 (7.42s)
[77] etth2_revin_timexer_24_1 L=192: mse=0.1745 (7.46s)
[78] etth2_revin_timexer_24_2 L=192: mse=0.1729 (7.46s)
[79] etth2_revin_timexer_24_3 L=192: mse=0.1763 (7.46s)
[80] etth2_revin_timexer_24_4 L=192: mse=0.1744 (7.45s)
[81] etth2_condnorm_timexer_24_0 L=192: mse=3.7015 (2.53s)
[82] etth2_condnorm_timexer_24_1 L=192: mse=3.7975 (2.53s)
[83] etth2_condnorm_timexer_24_2 L=192: mse=3.6998 (2.54s)
[84] etth2_condnorm_timexer_24_3 L=192: mse=3.7235 (2.54s)
[85] etth2_condnorm_timexer_24_4 L=192: mse=3.7767 (2.53s)
[86] etth2_raw_timexer_24_0 L=192: mse=0.1926 (7.37s)
[87] etth2_raw_timexer_24_1 L=192: mse=0.2139 (4.95s)
[88] etth2_raw_timexer_24_2 L=192: mse=0.1946 (6.76s)
[89] etth2_raw_timexer_24_3 L=192: mse=0.2112 (4.95s)
[90] etth2_raw_timexer_24_4 L=192: mse=0.1927 (6.76s)
[91] etth2_san_timexer_24_0 L=192: mse=0.1701 (7.75s)
[92] etth2_san_timexer_24_1 L=192: mse=0.1748 (3.99s)
[93] etth2_san_timexer_24_2 L=192: mse=0.1719 (5.25s)
[94] etth2_san_timexer_24_3 L=192: mse=0.1697 (7.75s)
[95] etth2_san_timexer_24_4 L=192: mse=0.1713 (7.74s)
[96] etth2_fan_timexer_24_0 L=192: mse=0.1975 (7.54s)
[97] etth2_fan_timexer_24_1 L=192: mse=0.1991 (7.54s)
[98] etth2_fan_timexer_24_2 L=192: mse=0.2019 (7.55s)
[99] etth2_fan_timexer_24_3 L=192: mse=0.2013 (7.56s)
[100] etth2_fan_timexer_24_4 L=192: mse=0.1979 (7.55s)
[101] etth2_revin_timexer_96_0 L=96: mse=0.2900 (2.81s)
[102] etth2_revin_timexer_96_1 L=96: mse=0.2902 (4.24s)
[103] etth2_revin_timexer_96_2 L=96: mse=0.2883 (4.24s)
[104] etth2_revin_timexer_96_3 L=96: mse=0.2905 (3.9s)
[105] etth2_revin_timexer_96_4 L=96: mse=0.2916 (4.26s)
[106] etth2_condnorm_timexer_96_0 L=96: mse=3.4108 (1.44s)
[107] etth2_condnorm_timexer_96_1 L=96: mse=3.4551 (1.44s)
[108] etth2_condnorm_timexer_96_2 L=96: mse=3.4487 (1.44s)
[109] etth2_condnorm_timexer_96_3 L=96: mse=3.4373 (1.44s)
[110] etth2_condnorm_timexer_96_4 L=96: mse=3.4448 (1.44s)
[111] etth2_raw_timexer_96_0 L=96: mse=0.5064 (4.17s)
[112] etth2_raw_timexer_96_1 L=96: mse=0.4808 (4.17s)
[113] etth2_raw_timexer_96_2 L=96: mse=0.4699 (4.17s)
[114] etth2_raw_timexer_96_3 L=96: mse=0.5161 (4.17s)
[115] etth2_raw_timexer_96_4 L=96: mse=0.4653 (3.49s)
[116] etth2_san_timexer_96_0 L=96: mse=0.2882 (3.08s)
[117] etth2_san_timexer_96_1 L=96: mse=0.2868 (3.45s)
[118] etth2_san_timexer_96_2 L=96: mse=0.2871 (3.79s)
[119] etth2_san_timexer_96_3 L=96: mse=0.2874 (3.43s)
[120] etth2_san_timexer_96_4 L=96: mse=0.2885 (3.13s)
[121] etth2_fan_timexer_96_0 L=96: mse=0.3588 (4.38s)
[122] etth2_fan_timexer_96_1 L=96: mse=0.3852 (4.36s)
[123] etth2_fan_timexer_96_2 L=96: mse=0.3608 (4.35s)
[124] etth2_fan_timexer_96_3 L=96: mse=0.3540 (4.35s)
[125] etth2_fan_timexer_96_4 L=96: mse=0.3710 (4.35s)
[126] etth2_revin_timexer_336_0 L=96: mse=0.4161 (2.41s)
[127] etth2_revin_timexer_336_1 L=96: mse=0.4247 (2.13s)
[128] etth2_revin_timexer_336_2 L=96: mse=0.4237 (2.12s)
[129] etth2_revin_timexer_336_3 L=96: mse=0.4170 (2.8s)
[130] etth2_revin_timexer_336_4 L=96: mse=0.4180 (3.14s)
[131] etth2_condnorm_timexer_336_0 L=96: mse=3.3976 (1.42s)
[132] etth2_condnorm_timexer_336_1 L=96: mse=3.4286 (1.42s)
[133] etth2_condnorm_timexer_336_2 L=96: mse=3.4463 (1.75s)
[134] etth2_condnorm_timexer_336_3 L=96: mse=3.4276 (1.41s)
[135] etth2_condnorm_timexer_336_4 L=96: mse=3.4210 (1.41s)
[136] etth2_raw_timexer_336_0 L=96: mse=0.7119 (3.07s)
[137] etth2_raw_timexer_336_1 L=96: mse=0.7859 (2.74s)
[138] etth2_raw_timexer_336_2 L=96: mse=0.7408 (3.07s)
[139] etth2_raw_timexer_336_3 L=96: mse=0.7787 (2.43s)
[140] etth2_raw_timexer_336_4 L=96: mse=0.7961 (3.08s)
[141] etth2_san_timexer_336_0 L=96: mse=0.4148 (3.35s)
[142] etth2_san_timexer_336_1 L=96: mse=0.4093 (4.05s)
[143] etth2_san_timexer_336_2 L=96: mse=0.4084 (4.05s)
[144] etth2_san_timexer_336_3 L=96: mse=0.4101 (3.71s)
[145] etth2_san_timexer_336_4 L=96: mse=0.4077 (4.4s)
[146] etth2_fan_timexer_336_0 L=96: mse=0.5756 (4.31s)
[147] etth2_fan_timexer_336_1 L=96: mse=0.5919 (4.28s)
[148] etth2_fan_timexer_336_2 L=96: mse=0.5776 (4.29s)
[149] etth2_fan_timexer_336_3 L=96: mse=0.5740 (4.31s)
[150] etth2_fan_timexer_336_4 L=96: mse=0.5763 (4.28s)
grid pass complete
