[1] electricity_san_rlinear_24_0 L=336: mse=0.1109 (18.67s)
[2] electricity_san_rlinear_24_1 L=336: mse=0.1136 (15.52s)
[3] electricity_san_rlinear_24_2 L=336: mse=0.1110 (14.92s)
[4] electricity_san_rlinear_24_3 L=336: mse=0.1096 (23.95s)
[5] electricity_san_rlinear_24_4 L=336: mse=0.1109 (20.26s)
[6] electricity_san_patchtst_24_0 L=720: mse=0.1221 (1917.39s)
[7] electricity_san_patchtst_24_1 L=720: mse=0.1251 (4737.65s)
[8] electricity_san_patchtst_24_2 L=720: mse=0.1228 (5212.11s)
[9] electricity_san_patchtst_24_3 L=720: mse=0.1274 (2389.91s)
[10] electricity_san_patchtst_24_4 L=720: mse=0.1228 (5683.04s)
[11] electricity_san_segrnn_24_0 L=720: mse=0.0956 (640.05s)
[12] electricity_san_segrnn_24_1 L=720: mse=0.0957 (637.78s)
[13] electricity_san_segrnn_24_2 L=720: mse=0.0954 (764.39s)
[14] electricity_san_segrnn_24_3 L=720: mse=0.0952 (702.86s)
[15] electricity_san_segrnn_24_4 L=720: mse=0.0956 (764.15s)
[16] electricity_fan_rlinear_24_0 L=336: mse=0.1051 (25.6s)
[17] electricity_fan_rlinear_24_1 L=336: mse=0.1090 (28.52s)
[18] electricity_fan_rlinear_24_2 L=336: mse=0.1063 (40.37s)
[19] electricity_fan_rlinear_24_3 L=336: mse=0.1065 (27.99s)
[20] electricity_fan_rlinear_24_4 L=336: mse=0.1071 (41.31s)
[21] electricity_fan_patchtst_24_0 L=720: mse=0.1002 (5670.51s)
[22] electricity_fan_patchtst_24_1 L=720: mse=0.1009 (5200.67s)
[23] electricity_fan_patchtst_24_2 L=720: mse=0.1010 (4730.65s)
[24] electricity_fan_patchtst_24_3 L=720: mse=0.1004 (5669.85s)
