[1] etth1_revin_itransformer_24_0 L=96: mse=0.3096 (5.29s)
[2] etth1_revin_itransformer_24_1 L=96: mse=0.3101 (4.55s)
[3] etth1_revin_itransformer_24_2 L=96: mse=0.3029 (4.54s)
[4] etth1_revin_itransformer_24_3 L=96: mse=0.3125 (7.03s)
[5] etth1_revin_itransformer_24_4 L=96: mse=0.3029 (5.55s)
[6] etth1_condnorm_itransformer_24_0 L=96: mse=1.6331 (2.87s)
[7] etth1_condnorm_itransformer_24_1 L=96: mse=1.5908 (2.96s)
[8] etth1_condnorm_itransformer_24_2 L=96: mse=1.5972 (2.96s)
[9] etth1_condnorm_itransformer_24_3 L=96: mse=1.6187 (2.84s)
[10] etth1_condnorm_itransformer_24_4 L=96: mse=1.6302 (2.81s)
[11] etth1_raw_itransformer_24_0 L=96: mse=0.3272 (4.83s)
[12] etth1_raw_itransformer_24_1 L=96: mse=0.3328 (6.23s)
[13] etth1_raw_itransformer_24_2 L=96: mse=0.3222 (5.53s)
[14] etth1_raw_itransformer_24_3 L=96: mse=0.3335 (6.24s)
[15] etth1_raw_itransformer_24_4 L=96: mse=0.3287 (5.53s)
[16] etth1_san_itransformer_24_0 L=96: mse=0.3155 (8.43s)
[17] etth1_san_itransformer_24_1 L=96: mse=0.3155 (8.79s)
[18] etth1_san_itransformer_24_2 L=96: mse=0.3153 (7.73s)
[19] etth1_san_itransformer_24_3 L=96: mse=0.3126 (6.81s)
[20] etth1_san_itransformer_24_4 L=96: mse=0.3113 (8.43s)
[21] etth1_fan_itransformer_24_0 L=96: mse=0.3136 (11.37s)
[22] etth1_fan_itransformer_24_1 L=96: mse=0.3124 (11.17s)
[23] etth1_fan_itransformer_24_2 L=96: mse=0.3117 (11.1s)
[24] etth1_fan_itransformer_24_3 L=96: mse=0.3140 (11.11s)
[25] etth1_fan_itransformer_24_4 L=96: mse=0.3129 (11.12s)
[26] etth1_revin_itransformer_96_0 L=96: mse=0.3881 (5.24s)
[27] etth1_revin_itransformer_96_1 L=96: mse=0.3904 (4.51s)
[28] etth1_revin_itransformer_96_2 L=96: mse=0.3843 (5.25s)
[29] etth1_revin_itransformer_96_3 L=96: mse=0.3860 (5.25s)
[30] etth1_revin_itransformer_96_4 L=96: mse=0.3858 (5.26s)
[31] etth1_condnorm_itransformer_96_0 L=96: mse=1.4314 (2.79s)
[32] etth1_condnorm_itransformer_96_1 L=96: mse=1.4379 (2.78s)
[33] etth1_condnorm_itransformer_96_2 L=96: mse=1.4372 (2.78s)
[34] etth1_condnorm_itransformer_96_3 L=96: mse=1.4347 (2.78s)
[35] etth1_condnorm_itransformer_96_4 L=96: mse=1.4381 (2.77s)
[36] etth1_raw_itransformer_96_0 L=96: mse=0.4495 (6.16s)
[37] etth1_raw_itransformer_96_1 L=96: mse=0.4211 (5.52s)
[38] etth1_raw_itransformer_96_2 L=96: mse=0.4389 (4.14s)
[39] etth1_raw_itransformer_96_3 L=96: mse=0.4330 (6.15s)
[40] etth1_raw_itransformer_96_4 L=96: mse=0.4055 (4.82s)
[41] etth1_san_itransformer_96_0 L=96: mse=0.3890 (8.68s)
[42] etth1_san_itransformer_96_1 L=96: mse=0.3947 (10.36s)
[43] etth1_san_itransformer_96_2 L=96: mse=0.3915 (8.68s)
[44] etth1_san_itransformer_96_3 L=96: mse=0.3991 (10.35s)
[45] etth1_san_itransformer_96_4 L=96: mse=0.3848 (7.01s)
[46] etth1_fan_itransformer_96_0 L=96: mse=0.4010 (11.04s)
[47] etth1_fan_itransformer_96_1 L=96: mse=0.3988 (11.02s)
[48] etth1_fan_itransformer_96_2 L=96: mse=0.3960 (11.01s)
[49] etth1_fan_itransformer_96_3 L=96: mse=0.3989 (11.01s)
[50] etth1_fan_itransformer_96_4 L=96: mse=0.3999 (11.03s)
[51] etth1_revin_itransformer_336_0 L=336: mse=0.4516 (2.85s)
[52] etth1_revin_itransformer_336_1 L=336: mse=0.4536 (2.86s)
[53] etth1_revin_itransformer_336_2 L=336: mse=0.4553 (2.84s)
[54] etth1_revin_itransformer_336_3 L=336: mse=0.4541 (2.85s)
[55] etth1_revin_itransformer_336_4 L=336: mse=0.4519 (2.85s)
[56] etth1_condnorm_itransformer_336_0 L=336: mse=1.4058 (2.63s)
[57] etth1_condnorm_itransformer_336_1 L=336: mse=1.4055 (2.61s)
[58] etth1_condnorm_itransformer_336_2 L=336: mse=1.4063 (2.61s)
[59] etth1_condnorm_itransformer_336_3 L=336: mse=1.4054 (2.62s)
[60] etth1_condnorm_itransformer_336_4 L=336: mse=1.4036 (2.62s)
[61] etth1_raw_itransformer_336_0 L=336: mse=0.5879 (3.25s)
[62] etth1_raw_itransformer_336_1 L=336: mse=0.6046 (3.88s)
[63] etth1_raw_itransformer_336_2 L=336: mse=0.5308 (3.25s)
[64] etth1_raw_itransformer_336_3 L=336: mse=0.5986 (3.25s)
[65] etth1_raw_itransformer_336_4 L=336: mse=0.5046 (3.24s)
[66] etth1_san_itransformer_336_0 L=336: mse=0.4501 (5.04s)
[67] etth1_san_itransformer_336_1 L=336: mse=0.4526 (5.05s)
[68] etth1_san_itransformer_336_2 L=336: mse=0.4503 (5.03s)
[69] etth1_san_itransformer_336_3 L=336: mse=0.4520 (5.03s)
[70] etth1_san_itransformer_336_4 L=336: mse=0.4506 (5.03s)
[71] etth1_fan_itransformer_336_0 L=336: mse=0.4774 (8.72s)
[72] etth1_fan_itransformer_336_1 L=336: mse=0.4855 (6.17s)
[73] etth1_fan_itransformer_336_2 L=336: mse=0.4851 (6.28s)
[74] etth1_fan_itransformer_336_3 L=336: mse=0.4826 (7.84s)
[75] etth1_fan_itransformer_336_4 L=336: mse=0.4737 (8.9s)
[76] etth2_revin_itransformer_24_0 L=96: mse=0.1882 (4.57s)
[77] etth2_revin_itransformer_24_1 L=96: mse=0.1840 (4.57s)
[78] etth2_revin_itransformer_24_2 L=96: mse=0.1862 (5.47s)
[79] etth2_revin_itransformer_24_3 L=96: mse=0.1870 (4.88s)
[80] etth2_revin_itransformer_24_4 L=96: mse=0.1847 (4.83s)
[81] etth2_condnorm_itransformer_24_0 L=96: mse=3.5853 (4.29s)
[82] etth2_condnorm_itransformer_24_1 L=96: mse=3.4015 (8.29s)
[83] etth2_condnorm_itransformer_24_2 L=96: mse=3.6398 (3.52s)
[84] etth2_condnorm_itransformer_24_3 L=96: mse=3.6018 (4.3s)
[85] etth2_condnorm_itransformer_24_4 L=96: mse=3.6266 (4.18s)
[86] etth2_raw_itransformer_24_0 L=96: mse=0.2044 (6.97s)
[87] etth2_raw_itransformer_24_1 L=96: mse=0.2089 (7.73s)
[88] etth2_raw_itransformer_24_2 L=96: mse=0.2148 (3.49s)
[89] etth2_raw_itransformer_24_3 L=96: mse=0.2137 (5.6s)
[90] etth2_raw_itransformer_24_4 L=96: mse=0.1884 (7.63s)
[91] etth2_san_itransformer_24_0 L=96: mse=0.1803 (5.18s)
[92] etth2_san_itransformer_24_1 L=96: mse=0.2004 (11.21s)
[93] etth2_san_itransformer_24_2 L=96: mse=0.1837 (4.51s)
[94] etth2_san_itransformer_24_3 L=96: mse=0.1796 (5.4s)
[95] etth2_san_itransformer_24_4 L=96: mse=0.1857 (5.41s)
[96] etth2_fan_itransformer_24_0 L=96: mse=0.1785 (9.83s)
[97] etth2_fan_itransformer_24_1 L=96: mse=0.1815 (7.71s)
[98] etth2_fan_itransformer_24_2 L=96: mse=0.1777 (11.42s)
[99] etth2_fan_itransformer_24_3 L=96: mse=0.1803 (7.77s)
[100] etth2_fan_itransformer_24_4 L=96: mse=0.1852 (8.5s)
[101] etth2_revin_itransformer_96_0 L=96: mse=0.3042 (4.0s)
[102] etth2_revin_itransformer_96_1 L=96: mse=0.3103 (3.82s)
[103] etth2_revin_itransformer_96_2 L=96: mse=0.3001 (3.89s)
[104] etth2_revin_itransformer_96_3 L=96: mse=0.3023 (4.0s)
[105] etth2_revin_itransformer_96_4 L=96: mse=0.2996 (3.78s)
[106] etth2_condnorm_itransformer_96_0 L=96: mse=3.3977 (2.79s)
[107] etth2_condnorm_itransformer_96_1 L=96: mse=3.4201 (2.85s)
[108] etth2_condnorm_itransformer_96_2 L=96: mse=3.4607 (2.93s)
[109] etth2_condnorm_itransformer_96_3 L=96: mse=3.4365 (2.94s)
[110] etth2_condnorm_itransformer_96_4 L=96: mse=3.4255 (2.85s)
[111] etth2_raw_itransformer_96_0 L=96: mse=0.5316 (2.75s)
[112] etth2_raw_itransformer_96_1 L=96: mse=0.8210 (2.97s)
[113] etth2_raw_itransformer_96_2 L=96: mse=0.7575 (2.97s)
[114] etth2_raw_itransformer_96_3 L=96: mse=0.6720 (2.99s)
[115] etth2_raw_itransformer_96_4 L=96: mse=0.6944 (2.97s)
[116] etth2_san_itransformer_96_0 L=96: mse=0.2974 (5.56s)
[117] etth2_san_itransformer_96_1 L=96: mse=0.2980 (4.72s)
[118] etth2_san_itransformer_96_2 L=96: mse=0.2927 (6.25s)
[119] etth2_san_itransformer_96_3 L=96: mse=0.3015 (4.7s)
[120] etth2_san_itransformer_96_4 L=96: mse=0.2904 (5.37s)
[121] etth2_fan_itransformer_96_0 L=96: mse=0.3172 (9.4s)
[122] etth2_fan_itransformer_96_1 L=96: mse=0.3274 (9.74s)
[123] etth2_fan_itransformer_96_2 L=96: mse=0.3302 (9.61s)
[124] etth2_fan_itransformer_96_3 L=96: mse=0.3081 (9.58s)
[125] etth2_fan_itransformer_96_4 L=96: mse=0.3202 (10.18s)
[126] etth2_revin_itransformer_336_0 L=96: mse=0.4247 (3.66s)
[127] etth2_revin_itransformer_336_1 L=96: mse=0.4218 (2.94s)
[128] etth2_revin_itransformer_336_2 L=96: mse=0.4249 (2.94s)
[129] etth2_revin_itransformer_336_3 L=96: mse=0.4156 (3.66s)
[130] etth2_revin_itransformer_336_4 L=96: mse=0.4217 (2.93s)
[131] etth2_condnorm_itransformer_336_0 L=96: mse=3.4029 (2.7s)
[132] etth2_condnorm_itransformer_336_1 L=96: mse=3.4034 (2.69s)
[133] etth2_condnorm_itransformer_336_2 L=96: mse=3.4167 (2.7s)
[134] etth2_condnorm_itransformer_336_3 L=96: mse=3.4114 (2.69s)
[135] etth2_condnorm_itransformer_336_4 L=96: mse=3.3989 (2.69s)
[136] etth2_raw_itransformer_336_0 L=96: mse=0.9936 (2.69s)
[137] etth2_raw_itransformer_336_1 L=96: mse=1.1778 (2.7s)
[138] etth2_raw_itransformer_336_2 L=96: mse=1.1147 (2.69s)
[139] etth2_raw_itransformer_336_3 L=96: mse=1.0819 (4.02s)
[140] etth2_raw_itransformer_336_4 L=96: mse=1.2386 (2.7s)
[141] etth2_san_itransformer_336_0 L=96: mse=0.4159 (5.17s)
[142] etth2_san_itransformer_336_1 L=96: mse=0.4200 (4.36s)
[143] etth2_san_itransformer_336_2 L=96: mse=0.4245 (4.39s)
[144] etth2_san_itransformer_336_3 L=96: mse=0.4192 (5.16s)
[145] etth2_san_itransformer_336_4 L=96: mse=0.4138 (5.19s)
[146] etth2_fan_itransformer_336_0 L=96: mse=0.4943 (8.94s)
[147] etth2_fan_itransformer_336_1 L=96: mse=0.4855 (10.69s)
[148] etth2_fan_itransformer_336_2 L=96: mse=0.5019 (9.82s)
[149] etth2_fan_itransformer_336_3 L=96: mse=0.4809 (9.83s)
[150] etth2_fan_itransformer_336_4 L=96: mse=0.5250 (7.15s)
[151] weather_revin_itransformer_24_0 L=192: mse=0.0966 (27.3s)
[152] weather_revin_itransformer_24_1 L=192: mse=0.0968 (26.87s)
[153] weather_revin_itransformer_24_2 L=192: mse=0.0960 (21.0s)
[154] weather_revin_itransformer_24_3 L=192: mse=0.0969 (23.75s)
[155] weather_revin_itransformer_24_4 L=192: mse=0.0964 (20.83s)
[156] weather_condnorm_itransformer_24_0 L=192: mse=0.6466 (11.19s)
[157] weather_condnorm_itransformer_24_1 L=192: mse=0.6595 (21.27s)
[158] weather_condnorm_itransformer_24_2 L=192: mse=0.7542 (10.83s)
[159] weather_condnorm_itransformer_24_3 L=192: mse=0.6436 (10.99s)
[160] weather_condnorm_itransformer_24_4 L=192: mse=0.6956 (29.21s)
[161] weather_raw_itransformer_24_0 L=192: mse=0.0941 (16.47s)
[162] weather_raw_itransformer_24_1 L=192: mse=0.0949 (19.34s)
[163] weather_raw_itransformer_24_2 L=192: mse=0.0935 (24.68s)
[164] weather_raw_itransformer_24_3 L=192: mse=0.0939 (16.37s)
[165] weather_raw_itransformer_24_4 L=192: mse=0.0944 (16.35s)
[166] weather_san_itransformer_24_0 L=192: mse=0.0963 (17.18s)
[167] weather_san_itransformer_24_1 L=192: mse=0.0964 (17.32s)
[168] weather_san_itransformer_24_2 L=192: mse=0.0951 (19.98s)
[169] weather_san_itransformer_24_3 L=192: mse=0.0963 (17.05s)
[170] weather_san_itransformer_24_4 L=192: mse=0.0964 (17.25s)
[171] weather_fan_itransformer_24_0 L=192: mse=0.0935 (44.69s)
[172] weather_fan_itransformer_24_1 L=192: mse=0.0941 (45.68s)
[173] weather_fan_itransformer_24_2 L=192: mse=0.0935 (45.07s)
[174] weather_fan_itransformer_24_3 L=192: mse=0.0941 (44.48s)
[175] weather_fan_itransformer_24_4 L=192: mse=0.0938 (44.27s)
[176] weather_revin_itransformer_96_0 L=192: mse=0.1608 (26.34s)
[177] weather_revin_itransformer_96_1 L=192: mse=0.1659 (32.57s)
[178] weather_revin_itransformer_96_2 L=192: mse=0.1627 (29.2s)
[179] weather_revin_itransformer_96_3 L=192: mse=0.1605 (17.75s)
[180] weather_revin_itransformer_96_4 L=192: mse=0.1611 (20.71s)
[181] weather_condnorm_itransformer_96_0 L=192: mse=0.6707 (16.12s)
[182] weather_condnorm_itransformer_96_1 L=192: mse=0.7209 (21.75s)
[183] weather_condnorm_itransformer_96_2 L=192: mse=0.6981 (13.63s)
[184] weather_condnorm_itransformer_96_3 L=192: mse=0.7221 (16.09s)
[185] weather_condnorm_itransformer_96_4 L=192: mse=0.7324 (10.66s)
[186] weather_raw_itransformer_96_0 L=192: mse=0.1610 (19.12s)
[187] weather_raw_itransformer_96_1 L=192: mse=0.1649 (13.63s)
[188] weather_raw_itransformer_96_2 L=192: mse=0.1600 (15.91s)
[189] weather_raw_itransformer_96_3 L=192: mse=0.1640 (15.86s)
[190] weather_raw_itransformer_96_4 L=192: mse=0.1648 (16.13s)
[191] weather_san_itransformer_96_0 L=192: mse=0.1618 (21.24s)
[192] weather_san_itransformer_96_1 L=192: mse=0.1613 (21.18s)
[193] weather_san_itransformer_96_2 L=192: mse=0.1620 (21.39s)
[194] weather_san_itransformer_96_3 L=192: mse=0.1618 (21.11s)
[195] weather_san_itransformer_96_4 L=192: mse=0.1610 (20.89s)
[196] weather_fan_itransformer_96_0 L=192: mse=0.1582 (44.14s)
[197] weather_fan_itransformer_96_1 L=192: mse=0.1589 (44.42s)
[198] weather_fan_itransformer_96_2 L=192: mse=0.1586 (43.88s)
[199] weather_fan_itransformer_96_3 L=192: mse=0.1580 (44.19s)
[200] weather_fan_itransformer_96_4 L=192: mse=0.1578 (44.72s)
[201] weather_revin_itransformer_336_0 L=720: mse=0.2540 (11.35s)
[202] weather_revin_itransformer_336_1 L=720: mse=0.2511 (11.22s)
[203] weather_revin_itransformer_336_2 L=720: mse=0.2534 (11.28s)
[204] weather_revin_itransformer_336_3 L=720: mse=0.2532 (11.33s)
[205] weather_revin_itransformer_336_4 L=720: mse=0.2534 (11.26s)
[206] weather_condnorm_itransformer_336_0 L=720: mse=0.7040 (12.81s)
[207] weather_condnorm_itransformer_336_1 L=720: mse=0.7047 (12.76s)
[208] weather_condnorm_itransformer_336_2 L=720: mse=0.7221 (12.62s)
[209] weather_condnorm_itransformer_336_3 L=720: mse=0.7186 (12.76s)
[210] weather_condnorm_itransformer_336_4 L=720: mse=0.6944 (12.96s)
[211] weather_raw_itransformer_336_0 L=720: mse=0.3296 (22.69s)
[212] weather_raw_itransformer_336_1 L=720: mse=0.3053 (10.05s)
[213] weather_raw_itransformer_336_2 L=720: mse=0.3069 (10.02s)
[214] weather_raw_itransformer_336_3 L=720: mse=0.3140 (12.61s)
[215] weather_raw_itransformer_336_4 L=720: mse=0.3185 (15.54s)
[216] weather_san_itransformer_336_0 L=720: mse=0.2459 (19.7s)
[217] weather_san_itransformer_336_1 L=720: mse=0.2451 (17.14s)
[218] weather_san_itransformer_336_2 L=720: mse=0.2473 (20.24s)
[219] weather_san_itransformer_336_3 L=720: mse=0.2466 (20.02s)
[220] weather_san_itransformer_336_4 L=720: mse=0.2471 (19.57s)
[221] weather_fan_itransformer_336_0 L=720: mse=0.2546 (34.72s)
[222] weather_fan_itransformer_336_1 L=720: mse=0.2698 (41.98s)
[223] weather_fan_itransformer_336_2 L=720: mse=0.2515 (24.74s)
[224] weather_fan_itransformer_336_3 L=720: mse=0.2560 (31.6s)
[225] weather_fan_itransformer_336_4 L=720: mse=0.2567 (42.59s)
[226] electricity_revin_itransformer_24_0 L=720: mse=0.0946 (70.09s)
[227] electricity_revin_itransformer_24_1 L=720: mse=0.0941 (83.99s)
[228] electricity_revin_itransformer_24_2 L=720: mse=0.0935 (83.99s)
[229] electricity_revin_itransformer_24_3 L=720: mse=0.0945 (77.08s)
[230] electricity_revin_itransformer_24_4 L=720: mse=0.0930 (83.98s)
[231] electricity_condnorm_itransformer_24_0 L=720: mse=0.1715 (26.76s)
[232] electricity_condnorm_itransformer_24_1 L=720: mse=0.1755 (33.29s)
[233] electricity_condnorm_itransformer_24_2 L=720: mse=0.1726 (33.29s)
[234] electricity_condnorm_itransformer_24_3 L=720: mse=0.1711 (26.76s)
[235] electricity_condnorm_itransformer_24_4 L=720: mse=0.1763 (33.28s)
[236] electricity_raw_itransformer_24_0 L=720: mse=0.0963 (79.56s)
[237] electricity_raw_itransformer_24_1 L=720: mse=0.0954 (79.55s)
[238] electricity_raw_itransformer_24_2 L=720: mse=0.0966 (79.55s)
[239] electricity_raw_itransformer_24_3 L=720: mse=0.0969 (79.55s)
[240] electricity_raw_itransformer_24_4 L=720: mse=0.0966 (79.57s)
[241] electricity_san_itransformer_24_0 L=720: mse=0.0973 (101.45s)
[242] electricity_san_itransformer_24_1 L=720: mse=0.0972 (101.44s)
[243] electricity_san_itransformer_24_2 L=720: mse=0.0966 (101.48s)
[244] electricity_san_itransformer_24_3 L=720: mse=0.1015 (61.89s)
[245] electricity_san_itransformer_24_4 L=720: mse=0.0966 (101.5s)
[246] electricity_fan_itransformer_24_0 L=720: mse=0.0993 (97.52s)
[247] electricity_fan_itransformer_24_1 L=720: mse=0.1017 (65.32s)
[248] electricity_fan_itransformer_24_2 L=720: mse=0.0992 (97.54s)
[249] electricity_fan_itransformer_24_3 L=720: mse=0.0990 (97.53s)
[250] electricity_fan_itransformer_24_4 L=720: mse=0.0988 (97.52s)
[251] electricity_revin_itransformer_96_0 L=720: mse=0.1348 (84.54s)
[252] electricity_revin_itransformer_96_1 L=720: mse=0.1338 (84.59s)
[253] electricity_revin_itransformer_96_2 L=720: mse=0.1358 (84.57s)
[254] electricity_revin_itransformer_96_3 L=720: mse=0.1341 (84.54s)
[255] electricity_revin_itransformer_96_4 L=720: mse=0.1359 (84.55s)
[256] electricity_condnorm_itransformer_96_0 L=720: mse=0.2134 (26.78s)
[257] electricity_condnorm_itransformer_96_1 L=720: mse=0.2134 (26.78s)
[258] electricity_condnorm_itransformer_96_2 L=720: mse=0.2147 (26.78s)
[259] electricity_condnorm_itransformer_96_3 L=720: mse=0.2124 (26.78s)
[260] electricity_condnorm_itransformer_96_4 L=720: mse=0.2102 (26.78s)
[261] electricity_raw_itransformer_96_0 L=720: mse=0.1379 (73.08s)
[262] electricity_raw_itransformer_96_1 L=720: mse=0.1349 (79.66s)
[263] electricity_raw_itransformer_96_2 L=720: mse=0.1358 (66.48s)
[264] electricity_raw_itransformer_96_3 L=720: mse=0.1379 (73.07s)
[265] electricity_raw_itransformer_96_4 L=720: mse=0.1370 (79.66s)
[266] electricity_san_itransformer_96_0 L=720: mse=0.1317 (102.93s)
[267] electricity_san_itransformer_96_1 L=720: mse=0.1315 (102.96s)
[268] electricity_san_itransformer_96_2 L=720: mse=0.1332 (94.9s)
[269] electricity_san_itransformer_96_3 L=720: mse=0.1322 (102.91s)
[270] electricity_san_itransformer_96_4 L=720: mse=0.1314 (102.93s)
[271] electricity_fan_itransformer_96_0 L=720: mse=0.1338 (99.55s)
[272] electricity_fan_itransformer_96_1 L=720: mse=0.1328 (99.58s)
[273] electricity_fan_itransformer_96_2 L=720: mse=0.1346 (99.49s)
[274] electricity_fan_itransformer_96_3 L=720: mse=0.1342 (91.29s)
[275] electricity_fan_itransformer_96_4 L=720: mse=0.1348 (74.86s)
[276] electricity_revin_itransformer_336_0 L=720: mse=0.1646 (86.95s)
[277] electricity_revin_itransformer_336_1 L=720: mse=0.1655 (86.93s)
[278] electricity_revin_itransformer_336_2 L=720: mse=0.1671 (86.94s)
[279] electricity_revin_itransformer_336_3 L=720: mse=0.1657 (86.91s)
[280] electricity_revin_itransformer_336_4 L=720: mse=0.1646 (86.9s)
[281] electricity_condnorm_itransformer_336_0 L=720: mse=0.2443 (27.19s)
[282] electricity_condnorm_itransformer_336_1 L=720: mse=0.2392 (33.82s)
[283] electricity_condnorm_itransformer_336_2 L=720: mse=0.2434 (27.18s)
[284] electricity_condnorm_itransformer_336_3 L=720: mse=0.2432 (27.2s)
[285] electricity_condnorm_itransformer_336_4 L=720: mse=0.2424 (27.2s)
[286] electricity_raw_itransformer_336_0 L=720: mse=0.1676 (81.02s)
[287] electricity_raw_itransformer_336_1 L=720: mse=0.1700 (81.05s)
[288] electricity_raw_itransformer_336_2 L=720: mse=0.1686 (80.99s)
[289] electricity_raw_itransformer_336_3 L=720: mse=0.1707 (81.02s)
[290] electricity_raw_itransformer_336_4 L=720: mse=0.1693 (81.06s)
[291] electricity_san_itransformer_336_0 L=720: mse=0.1611 (96.27s)
[292] electricity_san_itransformer_336_1 L=720: mse=0.1602 (104.4s)
[293] electricity_san_itransformer_336_2 L=720: mse=0.1592 (104.43s)
[294] electricity_san_itransformer_336_3 L=720: mse=0.1593 (104.41s)
[295] electricity_san_itransformer_336_4 L=720: mse=0.1604 (104.39s)
[296] electricity_fan_itransformer_336_0 L=720: mse=0.1681 (105.09s)
[297] electricity_fan_itransformer_336_1 L=720: mse=0.1660 (105.09s)
[298] electricity_fan_itransformer_336_2 L=720: mse=0.1669 (96.44s)
[299] electricity_fan_itransformer_336_3 L=720: mse=0.1687 (105.38s)
[300] electricity_fan_itransformer_336_4 L=720: mse=0.1710 (79.2s)
grid pass complete
